#################################
## Run log for omnomnomics run ##
#################################
## Uses github.com/prangelab/omnomnomics_BASH

Pipeline version: 0.4
Invocation:		/net/beegfs/cfg/projects/dewintherlab/scripts/run_omnomnomics.sh -i KDM3A/mm10/KDM3A/ -t ChIP -g mm10
Slurm job id:		11900717
Job submitted at:	Tue, 01 Jul 2025 10:27:48 +0200
Max walltime:		06:00:00

>>>>>>>>>>>>>>>>>>>>>>>>>>>>>>>>>>>>>>>>
WAITING FOR SLURM TO DISPATCH THE JOB...
<<<<<<<<<<<<<<<<<<<<<<<<<<<<<<<<<<<<<<<<
JOB DISPATCHED!
>>>>>>>>>>>>>>>>>>>>>>>>>>>>>>>>>>>>>>>>

MICROMAMBA INIT
Tue, 01 Jul 2025 10:27:52 +0200:	MAMBA_EXE: /net/beegfs/cfg/projects/dewintherlab/bin/micromamba
Tue, 01 Jul 2025 10:27:52 +0200:	Initializing shell...

PREFLIGHT
Tue, 01 Jul 2025 10:27:52 +0200:	Checking workflow step functions...
Tue, 01 Jul 2025 10:27:53 +0200:	Workflow step functions OK!
Tue, 01 Jul 2025 10:27:53 +0200:	Checking run config file...
Tue, 01 Jul 2025 10:27:53 +0200:	Run config file OK!

Run START
Tue, 01 Jul 2025 10:27:53 +0200:	Checking if we are requeued...
Tue, 01 Jul 2025 10:27:53 +0200:	Starting a fresh run...
Tue, 01 Jul 2025 10:27:53 +0200:	omnomnomics run started on node003!
Tue, 01 Jul 2025 10:27:53 +0200:	Getting ready...

RUN INFO
Tue, 01 Jul 2025 10:27:53 +0200:	Job Start time:		Tue, 01 Jul 2025 10:27:52 +0200
Tue, 01 Jul 2025 10:27:53 +0200:	Experiment dir:		KDM3A/mm10/KDM3A
Tue, 01 Jul 2025 10:27:53 +0200:	Run date:		2025-07-01
Tue, 01 Jul 2025 10:27:53 +0200:	Log file:		KDM3A/mm10/KDM3A/omnomnomics.run.2025-07-01.log
Tue, 01 Jul 2025 10:27:53 +0200:	Cores per sample:	15
Tue, 01 Jul 2025 10:27:53 +0200:	Available cores: 	127
Tue, 01 Jul 2025 10:27:53 +0200:	Files:			16
Tue, 01 Jul 2025 10:27:53 +0200:	Pairs:			8
Tue, 01 Jul 2025 10:27:53 +0200:	Paired run:		1
Tue, 01 Jul 2025 10:27:53 +0200:	Type:			CHIP
Tue, 01 Jul 2025 10:27:53 +0200:	Genome:			mm10
Tue, 01 Jul 2025 10:27:53 +0200:	Mode:			1 2 3 4 5 6 7 8 9 10 11 12 13
Tue, 01 Jul 2025 10:27:53 +0200:	Mode min:		1
Tue, 01 Jul 2025 10:27:53 +0200:	Mode max:		13
Tue, 01 Jul 2025 10:27:53 +0200:	Trim tool:		skewer
Tue, 01 Jul 2025 10:27:53 +0200:	Map tool:		hisat2

READ COUNTING SETTINGS
Tue, 01 Jul 2025 10:27:53 +0200:	Design formula:	1
Tue, 01 Jul 2025 10:27:53 +0200:	Metadata file:	NA

PEAK CALLING SETTINGS
Tue, 01 Jul 2025 10:27:53 +0200:	Input file (MACS3):	NA
Tue, 01 Jul 2025 10:27:53 +0200:	Input file (HOMER):	NA
Tue, 01 Jul 2025 10:27:53 +0200:	Broad peaks:	NA
Tue, 01 Jul 2025 10:27:53 +0200:	Peak style:		factor
Tue, 01 Jul 2025 10:27:53 +0200:	HOMER peaksize:		500
Tue, 01 Jul 2025 10:27:53 +0200:	HOMER minDist:		2000

JAVA MEMORY SETTINGS
Tue, 01 Jul 2025 10:27:53 +0200:	31250M HEAP init
Tue, 01 Jul 2025 10:27:53 +0200:	62500M memory per sample

TRACKHUB SETTINGS
Tue, 01 Jul 2025 10:27:53 +0200:	Hub type field:		1
Tue, 01 Jul 2025 10:27:53 +0200:	Hub name field:		1-3
Tue, 01 Jul 2025 10:27:53 +0200:	Hub col field:		2
Tue, 01 Jul 2025 10:27:53 +0200:	Hub separator:		_
Tue, 01 Jul 2025 10:27:53 +0200:	Hub appendix:		hub
Tue, 01 Jul 2025 10:27:53 +0200:	Hub overlay:		transparentOverlay
Tue, 01 Jul 2025 10:27:53 +0200:	Hub coldata folder:	/net/beegfs/cfg/projects/dewintherlab/bin/color_data_for_hubs
Tue, 01 Jul 2025 10:27:53 +0200:	Hub color table:	/net/beegfs/cfg/projects/dewintherlab/bin/color_data_for_hubs/gray.tint.color.table
Tue, 01 Jul 2025 10:27:53 +0200:	Hub mail:		m.dewinther@amsterdamumc.nl

MAIN EXECUTION LOOP
Tue, 01 Jul 2025 10:27:53 +0200:	Setting up subroutines...

EXECUTING STEP 1
Tue, 01 Jul 2025 10:27:53 +0200:	Trimming reads...
Tue, 01 Jul 2025 10:27:53 +0200:	Input folder:  FASTQ
Tue, 01 Jul 2025 10:27:53 +0200:	Output folder: trimmed_FASTQ
Tue, 01 Jul 2025 10:27:54 +0200:		skewer version: 0.2.2
	Author: Hongshan Jiang
	Last update: April 4, 2016
Tue, 01 Jul 2025 10:27:54 +0200:	TRIM_TOOL: skewer
Tue, 01 Jul 2025 10:27:54 +0200:	Running skewer in paired end mode...
Tue, 01 Jul 2025 10:27:54 +0200:		skewer --quiet -m pe -q 15 -Q 15 -z -t 15 -o "trimmed_FASTQ"/RAW-C1-KDM3A-LPS-rep1-MB10_S63_L002 FASTQ/RAW-C1-KDM3A-LPS-rep1-MB10_S63_L002_R1_001.fastq.gz FASTQ/RAW-C1-KDM3A-LPS-rep1-MB10_S63_L002_R2_001.fastq.gz &
Tue, 01 Jul 2025 10:27:54 +0200:	Running skewer in paired end mode...
Tue, 01 Jul 2025 10:27:54 +0200:		skewer --quiet -m pe -q 15 -Q 15 -z -t 15 -o "trimmed_FASTQ"/RAW-C1-KDM3A-LPS-rep1-MB10_S63_L003 FASTQ/RAW-C1-KDM3A-LPS-rep1-MB10_S63_L003_R1_001.fastq.gz FASTQ/RAW-C1-KDM3A-LPS-rep1-MB10_S63_L003_R2_001.fastq.gz &
Tue, 01 Jul 2025 10:27:54 +0200:	Running skewer in paired end mode...
Tue, 01 Jul 2025 10:27:54 +0200:		skewer --quiet -m pe -q 15 -Q 15 -z -t 15 -o "trimmed_FASTQ"/RAW-C1-KDM3A-LPS-rep2-MB11_S64_L002 FASTQ/RAW-C1-KDM3A-LPS-rep2-MB11_S64_L002_R1_001.fastq.gz FASTQ/RAW-C1-KDM3A-LPS-rep2-MB11_S64_L002_R2_001.fastq.gz &
Tue, 01 Jul 2025 10:27:54 +0200:	Running skewer in paired end mode...
Tue, 01 Jul 2025 10:27:54 +0200:		skewer --quiet -m pe -q 15 -Q 15 -z -t 15 -o "trimmed_FASTQ"/RAW-C1-KDM3A-LPS-rep2-MB11_S64_L003 FASTQ/RAW-C1-KDM3A-LPS-rep2-MB11_S64_L003_R1_001.fastq.gz FASTQ/RAW-C1-KDM3A-LPS-rep2-MB11_S64_L003_R2_001.fastq.gz &
Tue, 01 Jul 2025 10:27:54 +0200:	Running skewer in paired end mode...
Tue, 01 Jul 2025 10:27:54 +0200:		skewer --quiet -m pe -q 15 -Q 15 -z -t 15 -o "trimmed_FASTQ"/RAW-C1-KDM3A-rep1-MB8_S61_L002 FASTQ/RAW-C1-KDM3A-rep1-MB8_S61_L002_R1_001.fastq.gz FASTQ/RAW-C1-KDM3A-rep1-MB8_S61_L002_R2_001.fastq.gz &
Tue, 01 Jul 2025 10:27:54 +0200:	Running skewer in paired end mode...
Tue, 01 Jul 2025 10:27:54 +0200:		skewer --quiet -m pe -q 15 -Q 15 -z -t 15 -o "trimmed_FASTQ"/RAW-C1-KDM3A-rep1-MB8_S61_L003 FASTQ/RAW-C1-KDM3A-rep1-MB8_S61_L003_R1_001.fastq.gz FASTQ/RAW-C1-KDM3A-rep1-MB8_S61_L003_R2_001.fastq.gz &
Tue, 01 Jul 2025 10:27:54 +0200:	Running skewer in paired end mode...
Tue, 01 Jul 2025 10:27:54 +0200:		skewer --quiet -m pe -q 15 -Q 15 -z -t 15 -o "trimmed_FASTQ"/RAW-C1-KDM3A-rep2-MB9_S62_L002 FASTQ/RAW-C1-KDM3A-rep2-MB9_S62_L002_R1_001.fastq.gz FASTQ/RAW-C1-KDM3A-rep2-MB9_S62_L002_R2_001.fastq.gz &
Tue, 01 Jul 2025 10:27:54 +0200:	Running skewer in paired end mode...
Tue, 01 Jul 2025 10:27:54 +0200:		skewer --quiet -m pe -q 15 -Q 15 -z -t 15 -o "trimmed_FASTQ"/RAW-C1-KDM3A-rep2-MB9_S62_L003 FASTQ/RAW-C1-KDM3A-rep2-MB9_S62_L003_R1_001.fastq.gz FASTQ/RAW-C1-KDM3A-rep2-MB9_S62_L003_R2_001.fastq.gz &
Tue, 01 Jul 2025 10:27:54 +0200:	Waiting for skewer to complete...
Tue, 01 Jul 2025 10:43:19 +0200:	Renaming trimmed results...

RUN DURATION
Tue, 01 Jul 2025 10:43:20 +0200:	Last step took: 15 minutes...
Tue, 01 Jul 2025 10:43:20 +0200:	Time elapsed so far: 15 minutes...

EXECUTING STEP 2
Tue, 01 Jul 2025 10:43:20 +0200:	Generating FastQC reports...
Tue, 01 Jul 2025 10:43:20 +0200:	Input folder:  trimmed_FASTQ
Tue, 01 Jul 2025 10:43:20 +0200:	Output folder: fastqc_reports
Tue, 01 Jul 2025 10:43:21 +0200:	FastQC v0.11.9
Tue, 01 Jul 2025 10:43:21 +0200:	Running FastQC in paired end mode...
Tue, 01 Jul 2025 10:43:21 +0200:		fastqc -t 15 -o "fastqc_reports" trimmed_FASTQ/RAW-C1-KDM3A-LPS-rep1-MB10_S63_L002_R1.trimmed.fastq.gz trimmed_FASTQ/RAW-C1-KDM3A-LPS-rep1-MB10_S63_L002_R2.trimmed.fastq.gz &
Tue, 01 Jul 2025 10:43:21 +0200:	Running FastQC in paired end mode...
Tue, 01 Jul 2025 10:43:21 +0200:		fastqc -t 15 -o "fastqc_reports" trimmed_FASTQ/RAW-C1-KDM3A-LPS-rep1-MB10_S63_L003_R1.trimmed.fastq.gz trimmed_FASTQ/RAW-C1-KDM3A-LPS-rep1-MB10_S63_L003_R2.trimmed.fastq.gz &
Tue, 01 Jul 2025 10:43:21 +0200:	Running FastQC in paired end mode...
Tue, 01 Jul 2025 10:43:21 +0200:		fastqc -t 15 -o "fastqc_reports" trimmed_FASTQ/RAW-C1-KDM3A-LPS-rep2-MB11_S64_L002_R1.trimmed.fastq.gz trimmed_FASTQ/RAW-C1-KDM3A-LPS-rep2-MB11_S64_L002_R2.trimmed.fastq.gz &
Tue, 01 Jul 2025 10:43:21 +0200:	Running FastQC in paired end mode...
Tue, 01 Jul 2025 10:43:21 +0200:		fastqc -t 15 -o "fastqc_reports" trimmed_FASTQ/RAW-C1-KDM3A-LPS-rep2-MB11_S64_L003_R1.trimmed.fastq.gz trimmed_FASTQ/RAW-C1-KDM3A-LPS-rep2-MB11_S64_L003_R2.trimmed.fastq.gz &
Tue, 01 Jul 2025 10:43:21 +0200:	Running FastQC in paired end mode...
Tue, 01 Jul 2025 10:43:21 +0200:		fastqc -t 15 -o "fastqc_reports" trimmed_FASTQ/RAW-C1-KDM3A-rep1-MB8_S61_L002_R1.trimmed.fastq.gz trimmed_FASTQ/RAW-C1-KDM3A-rep1-MB8_S61_L002_R2.trimmed.fastq.gz &
Tue, 01 Jul 2025 10:43:21 +0200:	Running FastQC in paired end mode...
Tue, 01 Jul 2025 10:43:21 +0200:		fastqc -t 15 -o "fastqc_reports" trimmed_FASTQ/RAW-C1-KDM3A-rep1-MB8_S61_L003_R1.trimmed.fastq.gz trimmed_FASTQ/RAW-C1-KDM3A-rep1-MB8_S61_L003_R2.trimmed.fastq.gz &
Tue, 01 Jul 2025 10:43:21 +0200:	Running FastQC in paired end mode...
Tue, 01 Jul 2025 10:43:21 +0200:		fastqc -t 15 -o "fastqc_reports" trimmed_FASTQ/RAW-C1-KDM3A-rep2-MB9_S62_L002_R1.trimmed.fastq.gz trimmed_FASTQ/RAW-C1-KDM3A-rep2-MB9_S62_L002_R2.trimmed.fastq.gz &
Tue, 01 Jul 2025 10:43:21 +0200:	Running FastQC in paired end mode...
Tue, 01 Jul 2025 10:43:21 +0200:		fastqc -t 15 -o "fastqc_reports" trimmed_FASTQ/RAW-C1-KDM3A-rep2-MB9_S62_L003_R1.trimmed.fastq.gz trimmed_FASTQ/RAW-C1-KDM3A-rep2-MB9_S62_L003_R2.trimmed.fastq.gz &
Tue, 01 Jul 2025 10:43:21 +0200:	Waiting for FastQC to complete...

RUN DURATION
Tue, 01 Jul 2025 10:46:41 +0200:	Last step took: 3 minutes...
Tue, 01 Jul 2025 10:46:41 +0200:	Time elapsed so far: 18 minutes...

EXECUTING STEP 3
Tue, 01 Jul 2025 10:46:41 +0200:	Mapping reads...
Tue, 01 Jul 2025 10:46:41 +0200:	Input folder:  trimmed_FASTQ
Tue, 01 Jul 2025 10:46:41 +0200:	Output folder: BAM
Tue, 01 Jul 2025 10:46:41 +0200:	/net/beegfs/cfg/projects/dewintherlab/bin/hisat2-2.1.0/hisat2-align-s version 2.1.0
64-bit
Built on login-node03
Wed Jun  7 15:53:42 EDT 2017
Compiler: gcc version 4.8.2 (GCC) 
Options: -O3 -m64 -msse2 -funroll-loops -g3 -DPOPCNT_CAPABILITY
Sizeof {int, long, long long, void*, size_t, off_t}: {4, 8, 8, 8, 8, 8}
Tue, 01 Jul 2025 10:46:41 +0200:	Launching: RAW-C1-KDM3A-LPS-rep1-MB10_S63_L002_R1.trimmed...
Tue, 01 Jul 2025 10:46:41 +0200:		(hisat2 -p 15 -x "/net/beegfs/cfg/projects/dewintherlab/genomes/HISAT2/mm10" -1 "trimmed_FASTQ/RAW-C1-KDM3A-LPS-rep1-MB10_S63_L002_R1.trimmed.fastq.gz" -2 "trimmed_FASTQ/RAW-C1-KDM3A-LPS-rep1-MB10_S63_L002_R2.trimmed.fastq.gz" --mm --add-chrname --new-summary --no-spliced-alignment | samtools view -b -) 1> "BAM/RAW-C1-KDM3A-LPS-rep1-MB10_S63_L002_R1.trimmed.bam" 2> "BAM/RAW-C1-KDM3A-LPS-rep1-MB10_S63_L002_R1.trimmed.HISAT2_stats.txt" &
Tue, 01 Jul 2025 10:46:41 +0200:	Launching: RAW-C1-KDM3A-LPS-rep1-MB10_S63_L003_R1.trimmed...
Tue, 01 Jul 2025 10:46:41 +0200:		(hisat2 -p 15 -x "/net/beegfs/cfg/projects/dewintherlab/genomes/HISAT2/mm10" -1 "trimmed_FASTQ/RAW-C1-KDM3A-LPS-rep1-MB10_S63_L003_R1.trimmed.fastq.gz" -2 "trimmed_FASTQ/RAW-C1-KDM3A-LPS-rep1-MB10_S63_L003_R2.trimmed.fastq.gz" --mm --add-chrname --new-summary --no-spliced-alignment | samtools view -b -) 1> "BAM/RAW-C1-KDM3A-LPS-rep1-MB10_S63_L003_R1.trimmed.bam" 2> "BAM/RAW-C1-KDM3A-LPS-rep1-MB10_S63_L003_R1.trimmed.HISAT2_stats.txt" &
Tue, 01 Jul 2025 10:46:41 +0200:	Launching: RAW-C1-KDM3A-LPS-rep2-MB11_S64_L002_R1.trimmed...
Tue, 01 Jul 2025 10:46:41 +0200:		(hisat2 -p 15 -x "/net/beegfs/cfg/projects/dewintherlab/genomes/HISAT2/mm10" -1 "trimmed_FASTQ/RAW-C1-KDM3A-LPS-rep2-MB11_S64_L002_R1.trimmed.fastq.gz" -2 "trimmed_FASTQ/RAW-C1-KDM3A-LPS-rep2-MB11_S64_L002_R2.trimmed.fastq.gz" --mm --add-chrname --new-summary --no-spliced-alignment | samtools view -b -) 1> "BAM/RAW-C1-KDM3A-LPS-rep2-MB11_S64_L002_R1.trimmed.bam" 2> "BAM/RAW-C1-KDM3A-LPS-rep2-MB11_S64_L002_R1.trimmed.HISAT2_stats.txt" &
Tue, 01 Jul 2025 10:46:41 +0200:	Launching: RAW-C1-KDM3A-LPS-rep2-MB11_S64_L003_R1.trimmed...
Tue, 01 Jul 2025 10:46:41 +0200:		(hisat2 -p 15 -x "/net/beegfs/cfg/projects/dewintherlab/genomes/HISAT2/mm10" -1 "trimmed_FASTQ/RAW-C1-KDM3A-LPS-rep2-MB11_S64_L003_R1.trimmed.fastq.gz" -2 "trimmed_FASTQ/RAW-C1-KDM3A-LPS-rep2-MB11_S64_L003_R2.trimmed.fastq.gz" --mm --add-chrname --new-summary --no-spliced-alignment | samtools view -b -) 1> "BAM/RAW-C1-KDM3A-LPS-rep2-MB11_S64_L003_R1.trimmed.bam" 2> "BAM/RAW-C1-KDM3A-LPS-rep2-MB11_S64_L003_R1.trimmed.HISAT2_stats.txt" &
Tue, 01 Jul 2025 10:46:41 +0200:	Launching: RAW-C1-KDM3A-rep1-MB8_S61_L002_R1.trimmed...
Tue, 01 Jul 2025 10:46:41 +0200:		(hisat2 -p 15 -x "/net/beegfs/cfg/projects/dewintherlab/genomes/HISAT2/mm10" -1 "trimmed_FASTQ/RAW-C1-KDM3A-rep1-MB8_S61_L002_R1.trimmed.fastq.gz" -2 "trimmed_FASTQ/RAW-C1-KDM3A-rep1-MB8_S61_L002_R2.trimmed.fastq.gz" --mm --add-chrname --new-summary --no-spliced-alignment | samtools view -b -) 1> "BAM/RAW-C1-KDM3A-rep1-MB8_S61_L002_R1.trimmed.bam" 2> "BAM/RAW-C1-KDM3A-rep1-MB8_S61_L002_R1.trimmed.HISAT2_stats.txt" &
Tue, 01 Jul 2025 10:46:41 +0200:	Launching: RAW-C1-KDM3A-rep1-MB8_S61_L003_R1.trimmed...
Tue, 01 Jul 2025 10:46:41 +0200:		(hisat2 -p 15 -x "/net/beegfs/cfg/projects/dewintherlab/genomes/HISAT2/mm10" -1 "trimmed_FASTQ/RAW-C1-KDM3A-rep1-MB8_S61_L003_R1.trimmed.fastq.gz" -2 "trimmed_FASTQ/RAW-C1-KDM3A-rep1-MB8_S61_L003_R2.trimmed.fastq.gz" --mm --add-chrname --new-summary --no-spliced-alignment | samtools view -b -) 1> "BAM/RAW-C1-KDM3A-rep1-MB8_S61_L003_R1.trimmed.bam" 2> "BAM/RAW-C1-KDM3A-rep1-MB8_S61_L003_R1.trimmed.HISAT2_stats.txt" &
Tue, 01 Jul 2025 10:46:41 +0200:	Launching: RAW-C1-KDM3A-rep2-MB9_S62_L002_R1.trimmed...
Tue, 01 Jul 2025 10:46:41 +0200:		(hisat2 -p 15 -x "/net/beegfs/cfg/projects/dewintherlab/genomes/HISAT2/mm10" -1 "trimmed_FASTQ/RAW-C1-KDM3A-rep2-MB9_S62_L002_R1.trimmed.fastq.gz" -2 "trimmed_FASTQ/RAW-C1-KDM3A-rep2-MB9_S62_L002_R2.trimmed.fastq.gz" --mm --add-chrname --new-summary --no-spliced-alignment | samtools view -b -) 1> "BAM/RAW-C1-KDM3A-rep2-MB9_S62_L002_R1.trimmed.bam" 2> "BAM/RAW-C1-KDM3A-rep2-MB9_S62_L002_R1.trimmed.HISAT2_stats.txt" &
Tue, 01 Jul 2025 10:46:41 +0200:	Launching: RAW-C1-KDM3A-rep2-MB9_S62_L003_R1.trimmed...
Tue, 01 Jul 2025 10:46:41 +0200:		(hisat2 -p 15 -x "/net/beegfs/cfg/projects/dewintherlab/genomes/HISAT2/mm10" -1 "trimmed_FASTQ/RAW-C1-KDM3A-rep2-MB9_S62_L003_R1.trimmed.fastq.gz" -2 "trimmed_FASTQ/RAW-C1-KDM3A-rep2-MB9_S62_L003_R2.trimmed.fastq.gz" --mm --add-chrname --new-summary --no-spliced-alignment | samtools view -b -) 1> "BAM/RAW-C1-KDM3A-rep2-MB9_S62_L003_R1.trimmed.bam" 2> "BAM/RAW-C1-KDM3A-rep2-MB9_S62_L003_R1.trimmed.HISAT2_stats.txt" &
Tue, 01 Jul 2025 10:46:41 +0200:	Waiting for HISAT2 to complete...

RUN DURATION
Tue, 01 Jul 2025 10:58:06 +0200:	Last step took: 12 minutes...
Tue, 01 Jul 2025 10:58:06 +0200:	Time elapsed so far: 30 minutes...

EXECUTING STEP 4
Tue, 01 Jul 2025 10:58:06 +0200:	Merging lanes...
Tue, 01 Jul 2025 10:58:06 +0200:	Input folder:  BAM
Tue, 01 Jul 2025 10:58:06 +0200:	Output folder: BAM
Tue, 01 Jul 2025 10:58:06 +0200:	SAMtools Version: samtools 1.17
Using htslib 1.17
Tue, 01 Jul 2025 10:58:08 +0200:	Samples with lane IDs (_L00x) detected:
Tue, 01 Jul 2025 10:58:08 +0200:	RAW-C1-KDM3A-LPS-rep1-MB10_S63 RAW-C1-KDM3A-LPS-rep2-MB11_S64 RAW-C1-KDM3A-rep1-MB8_S61 RAW-C1-KDM3A-rep2-MB9_S62
Tue, 01 Jul 2025 10:58:08 +0200:	Merging RAW-C1-KDM3A-LPS-rep1-MB10_S63 lanes...
Tue, 01 Jul 2025 10:58:08 +0200:		samtools merge -@ 31 -o "BAM"/RAW-C1-KDM3A-LPS-rep1-MB10_S63.bam BAM/RAW-C1-KDM3A-LPS-rep1-MB10_S63_L002_R1.trimmed.bam
BAM/RAW-C1-KDM3A-LPS-rep1-MB10_S63_L003_R1.trimmed.bam &
Tue, 01 Jul 2025 10:58:08 +0200:	Merging RAW-C1-KDM3A-LPS-rep2-MB11_S64 lanes...
Tue, 01 Jul 2025 10:58:08 +0200:		samtools merge -@ 31 -o "BAM"/RAW-C1-KDM3A-LPS-rep2-MB11_S64.bam BAM/RAW-C1-KDM3A-LPS-rep2-MB11_S64_L002_R1.trimmed.bam
BAM/RAW-C1-KDM3A-LPS-rep2-MB11_S64_L003_R1.trimmed.bam &
Tue, 01 Jul 2025 10:58:08 +0200:	Merging RAW-C1-KDM3A-rep1-MB8_S61 lanes...
Tue, 01 Jul 2025 10:58:08 +0200:		samtools merge -@ 31 -o "BAM"/RAW-C1-KDM3A-rep1-MB8_S61.bam BAM/RAW-C1-KDM3A-rep1-MB8_S61_L002_R1.trimmed.bam
BAM/RAW-C1-KDM3A-rep1-MB8_S61_L003_R1.trimmed.bam &
Tue, 01 Jul 2025 10:58:08 +0200:	Merging RAW-C1-KDM3A-rep2-MB9_S62 lanes...
Tue, 01 Jul 2025 10:58:08 +0200:		samtools merge -@ 31 -o "BAM"/RAW-C1-KDM3A-rep2-MB9_S62.bam BAM/RAW-C1-KDM3A-rep2-MB9_S62_L002_R1.trimmed.bam
BAM/RAW-C1-KDM3A-rep2-MB9_S62_L003_R1.trimmed.bam &
Tue, 01 Jul 2025 10:58:08 +0200:	Waiting for samtools merge (or simple renaming) to finish...

RUN DURATION
Tue, 01 Jul 2025 11:03:28 +0200:	Last step took: 5 minutes...
Tue, 01 Jul 2025 11:03:28 +0200:	Time elapsed so far: 35 minutes...

EXECUTING STEP 5
Tue, 01 Jul 2025 11:03:28 +0200:	Touching up BAM files with samtools (collate | fixmate | sort | markdup | filter)...
Tue, 01 Jul 2025 11:03:28 +0200:	Input folder:  BAM
Tue, 01 Jul 2025 11:03:28 +0200:	Output folder: filtered_BAM
Tue, 01 Jul 2025 11:03:28 +0200:	Touching up ChIP-seq sample BAM/RAW-C1-KDM3A-LPS-rep1-MB10_S63.bam (sort, remove dups, and keep MAPQ > 15)
Tue, 01 Jul 2025 11:03:28 +0200:		samtools collate -O -@ 6 BAM/RAW-C1-KDM3A-LPS-rep1-MB10_S63.bam collate.RAW-C1-KDM3A-LPS-rep1-MB10_S63.tmp | samtools fixmate -mu -@ 6 - - | samtools sort -u -@ 6 - | samtools markdup -ru -@ 6 - - | samtools view -@ 31 -q 15 -b -o "filtered_BAM"/RAW-C1-KDM3A-LPS-rep1-MB10_S63.filtered.bam - &
Tue, 01 Jul 2025 11:03:28 +0200:	Touching up ChIP-seq sample BAM/RAW-C1-KDM3A-LPS-rep2-MB11_S64.bam (sort, remove dups, and keep MAPQ > 15)
Tue, 01 Jul 2025 11:03:28 +0200:		samtools collate -O -@ 6 BAM/RAW-C1-KDM3A-LPS-rep2-MB11_S64.bam collate.RAW-C1-KDM3A-LPS-rep2-MB11_S64.tmp | samtools fixmate -mu -@ 6 - - | samtools sort -u -@ 6 - | samtools markdup -ru -@ 6 - - | samtools view -@ 31 -q 15 -b -o "filtered_BAM"/RAW-C1-KDM3A-LPS-rep2-MB11_S64.filtered.bam - &
Tue, 01 Jul 2025 11:03:28 +0200:	Touching up ChIP-seq sample BAM/RAW-C1-KDM3A-rep1-MB8_S61.bam (sort, remove dups, and keep MAPQ > 15)
Tue, 01 Jul 2025 11:03:28 +0200:		samtools collate -O -@ 6 BAM/RAW-C1-KDM3A-rep1-MB8_S61.bam collate.RAW-C1-KDM3A-rep1-MB8_S61.tmp | samtools fixmate -mu -@ 6 - - | samtools sort -u -@ 6 - | samtools markdup -ru -@ 6 - - | samtools view -@ 31 -q 15 -b -o "filtered_BAM"/RAW-C1-KDM3A-rep1-MB8_S61.filtered.bam - &
Tue, 01 Jul 2025 11:03:28 +0200:	Touching up ChIP-seq sample BAM/RAW-C1-KDM3A-rep2-MB9_S62.bam (sort, remove dups, and keep MAPQ > 15)
Tue, 01 Jul 2025 11:03:28 +0200:		samtools collate -O -@ 6 BAM/RAW-C1-KDM3A-rep2-MB9_S62.bam collate.RAW-C1-KDM3A-rep2-MB9_S62.tmp | samtools fixmate -mu -@ 6 - - | samtools sort -u -@ 6 - | samtools markdup -ru -@ 6 - - | samtools view -@ 31 -q 15 -b -o "filtered_BAM"/RAW-C1-KDM3A-rep2-MB9_S62.filtered.bam - &
Tue, 01 Jul 2025 11:03:28 +0200:	Waiting for samtools chain to complete...

RUN DURATION
Tue, 01 Jul 2025 11:17:29 +0200:	Last step took: 14 minutes...
Tue, 01 Jul 2025 11:17:29 +0200:	Time elapsed so far: 49 minutes...

EXECUTING STEP 6
Tue, 01 Jul 2025 11:17:29 +0200:	Indexing BAM files...
Tue, 01 Jul 2025 11:17:29 +0200:	Input folder:  filtered_BAM
Tue, 01 Jul 2025 11:17:29 +0200:	Output folder: filtered_BAM
Tue, 01 Jul 2025 11:17:29 +0200:	Indexing filtered_BAM/RAW-C1-KDM3A-LPS-rep1-MB10_S63.filtered.bam
Tue, 01 Jul 2025 11:17:29 +0200:		samtools index -@ 31 filtered_BAM/RAW-C1-KDM3A-LPS-rep1-MB10_S63.filtered.bam &
Tue, 01 Jul 2025 11:17:29 +0200:	Indexing filtered_BAM/RAW-C1-KDM3A-LPS-rep2-MB11_S64.filtered.bam
Tue, 01 Jul 2025 11:17:29 +0200:		samtools index -@ 31 filtered_BAM/RAW-C1-KDM3A-LPS-rep2-MB11_S64.filtered.bam &
Tue, 01 Jul 2025 11:17:29 +0200:	Indexing filtered_BAM/RAW-C1-KDM3A-rep1-MB8_S61.filtered.bam
Tue, 01 Jul 2025 11:17:29 +0200:		samtools index -@ 31 filtered_BAM/RAW-C1-KDM3A-rep1-MB8_S61.filtered.bam &
Tue, 01 Jul 2025 11:17:29 +0200:	Indexing filtered_BAM/RAW-C1-KDM3A-rep2-MB9_S62.filtered.bam
Tue, 01 Jul 2025 11:17:29 +0200:		samtools index -@ 31 filtered_BAM/RAW-C1-KDM3A-rep2-MB9_S62.filtered.bam &
Tue, 01 Jul 2025 11:17:29 +0200:	Waiting for samtools index to complete...

RUN DURATION
Tue, 01 Jul 2025 11:17:36 +0200:	Last step took: 0 minutes...
Tue, 01 Jul 2025 11:17:36 +0200:	Time elapsed so far: 49 minutes...

EXECUTING STEP 7
Tue, 01 Jul 2025 11:17:36 +0200:	Getting BAM file stats...
Tue, 01 Jul 2025 11:17:36 +0200:	Input folder:  filtered_BAM
Tue, 01 Jul 2025 11:17:36 +0200:	Output folder: filtered_BAM
Tue, 01 Jul 2025 11:17:37 +0200:	
bamtools 2.5.2
Part of BamTools API and toolkit
Primary authors: Derek Barnett, Erik Garrison, Michael Stromberg
(c) 2009-2012 Marth Lab, Biology Dept., Boston College
Tue, 01 Jul 2025 11:17:37 +0200:	Generating stats for filtered_BAM/RAW-C1-KDM3A-LPS-rep1-MB10_S63.filtered.bam
Tue, 01 Jul 2025 11:17:37 +0200:		bamtools stats -in filtered_BAM/RAW-C1-KDM3A-LPS-rep1-MB10_S63.filtered.bam > "filtered_BAM"/RAW-C1-KDM3A-LPS-rep1-MB10_S63.filtered.bam.stats.txt &
Tue, 01 Jul 2025 11:17:37 +0200:	Generating stats for filtered_BAM/RAW-C1-KDM3A-LPS-rep2-MB11_S64.filtered.bam
Tue, 01 Jul 2025 11:17:37 +0200:		bamtools stats -in filtered_BAM/RAW-C1-KDM3A-LPS-rep2-MB11_S64.filtered.bam > "filtered_BAM"/RAW-C1-KDM3A-LPS-rep2-MB11_S64.filtered.bam.stats.txt &
Tue, 01 Jul 2025 11:17:37 +0200:	Generating stats for filtered_BAM/RAW-C1-KDM3A-rep1-MB8_S61.filtered.bam
Tue, 01 Jul 2025 11:17:37 +0200:		bamtools stats -in filtered_BAM/RAW-C1-KDM3A-rep1-MB8_S61.filtered.bam > "filtered_BAM"/RAW-C1-KDM3A-rep1-MB8_S61.filtered.bam.stats.txt &
Tue, 01 Jul 2025 11:17:37 +0200:	Generating stats for filtered_BAM/RAW-C1-KDM3A-rep2-MB9_S62.filtered.bam
Tue, 01 Jul 2025 11:17:37 +0200:		bamtools stats -in filtered_BAM/RAW-C1-KDM3A-rep2-MB9_S62.filtered.bam > "filtered_BAM"/RAW-C1-KDM3A-rep2-MB9_S62.filtered.bam.stats.txt &
Tue, 01 Jul 2025 11:17:37 +0200:	Waiting for bamtools stats to complete...

RUN DURATION
Tue, 01 Jul 2025 11:18:29 +0200:	Last step took: 1 minutes...
Tue, 01 Jul 2025 11:18:29 +0200:	Time elapsed so far: 50 minutes...

EXECUTING STEP 8
Tue, 01 Jul 2025 11:18:29 +0200:	Creating HOMER tag directories...
Tue, 01 Jul 2025 11:18:29 +0200:	Input folder:  filtered_BAM
Tue, 01 Jul 2025 11:18:29 +0200:	Output folder: HOMER_tagDirs
Tue, 01 Jul 2025 11:18:30 +0200:	v4.11.1	homer	v5.1	Code/Executables, ontologies, motifs for HOMER
Tue, 01 Jul 2025 11:18:30 +0200:	Running makeTagDirectory on filtered_BAM/RAW-C1-KDM3A-LPS-rep1-MB10_S63.filtered.bam
Tue, 01 Jul 2025 11:18:30 +0200:		makeTagDirectory "HOMER_tagDirs"/RAW-C1-KDM3A-LPS-rep1-MB10_S63.filtered.HOMER_tagDir filtered_BAM/RAW-C1-KDM3A-LPS-rep1-MB10_S63.filtered.bam -genome mm10 -single &
Tue, 01 Jul 2025 11:18:30 +0200:	Running makeTagDirectory on filtered_BAM/RAW-C1-KDM3A-LPS-rep2-MB11_S64.filtered.bam
Tue, 01 Jul 2025 11:18:30 +0200:		makeTagDirectory "HOMER_tagDirs"/RAW-C1-KDM3A-LPS-rep2-MB11_S64.filtered.HOMER_tagDir filtered_BAM/RAW-C1-KDM3A-LPS-rep2-MB11_S64.filtered.bam -genome mm10 -single &
Tue, 01 Jul 2025 11:18:30 +0200:	Running makeTagDirectory on filtered_BAM/RAW-C1-KDM3A-rep1-MB8_S61.filtered.bam
Tue, 01 Jul 2025 11:18:30 +0200:		makeTagDirectory "HOMER_tagDirs"/RAW-C1-KDM3A-rep1-MB8_S61.filtered.HOMER_tagDir filtered_BAM/RAW-C1-KDM3A-rep1-MB8_S61.filtered.bam -genome mm10 -single &
Tue, 01 Jul 2025 11:18:30 +0200:	Running makeTagDirectory on filtered_BAM/RAW-C1-KDM3A-rep2-MB9_S62.filtered.bam
Tue, 01 Jul 2025 11:18:30 +0200:		makeTagDirectory "HOMER_tagDirs"/RAW-C1-KDM3A-rep2-MB9_S62.filtered.HOMER_tagDir filtered_BAM/RAW-C1-KDM3A-rep2-MB9_S62.filtered.bam -genome mm10 -single &
Tue, 01 Jul 2025 11:18:30 +0200:	Waiting for makeTagDir to complete...

RUN DURATION
Tue, 01 Jul 2025 11:32:26 +0200:	Last step took: 14 minutes...
Tue, 01 Jul 2025 11:32:26 +0200:	Time elapsed so far: 64 minutes...

EXECUTING STEP 9
Tue, 01 Jul 2025 11:32:26 +0200:	Creating Wiggles and TrackHubs...
Tue, 01 Jul 2025 11:32:26 +0200:	Input folder:  HOMER_tagDirs
Tue, 01 Jul 2025 11:32:26 +0200:	Output folder: BigWigs
Tue, 01 Jul 2025 11:32:26 +0200:	v4.11.1	homer	v5.1	Code/Executables, ontologies, motifs for HOMER
Tue, 01 Jul 2025 11:32:26 +0200:	Creating bigwig from HOMER_tagDirs/RAW-C1-KDM3A-LPS-rep1-MB10_S63.filtered.HOMER_tagDir
Tue, 01 Jul 2025 11:32:26 +0200:		makeUCSCfile HOMER_tagDirs/RAW-C1-KDM3A-LPS-rep1-MB10_S63.filtered.HOMER_tagDir -fsize 1e8 > BigWigs/RAW-C1-KDM3A-LPS-rep1-MB10_S63.filtered.bw &
Tue, 01 Jul 2025 11:32:26 +0200:	Creating bigwig from HOMER_tagDirs/RAW-C1-KDM3A-LPS-rep2-MB11_S64.filtered.HOMER_tagDir
Tue, 01 Jul 2025 11:32:26 +0200:		makeUCSCfile HOMER_tagDirs/RAW-C1-KDM3A-LPS-rep2-MB11_S64.filtered.HOMER_tagDir -fsize 1e8 > BigWigs/RAW-C1-KDM3A-LPS-rep2-MB11_S64.filtered.bw &
Tue, 01 Jul 2025 11:32:26 +0200:	Creating bigwig from HOMER_tagDirs/RAW-C1-KDM3A-rep1-MB8_S61.filtered.HOMER_tagDir
Tue, 01 Jul 2025 11:32:26 +0200:		makeUCSCfile HOMER_tagDirs/RAW-C1-KDM3A-rep1-MB8_S61.filtered.HOMER_tagDir -fsize 1e8 > BigWigs/RAW-C1-KDM3A-rep1-MB8_S61.filtered.bw &
Tue, 01 Jul 2025 11:32:26 +0200:	Creating bigwig from HOMER_tagDirs/RAW-C1-KDM3A-rep2-MB9_S62.filtered.HOMER_tagDir
Tue, 01 Jul 2025 11:32:26 +0200:		makeUCSCfile HOMER_tagDirs/RAW-C1-KDM3A-rep2-MB9_S62.filtered.HOMER_tagDir -fsize 1e8 > BigWigs/RAW-C1-KDM3A-rep2-MB9_S62.filtered.bw &
Tue, 01 Jul 2025 11:32:26 +0200:	Waiting for HOMER to complete...
Tue, 01 Jul 2025 11:33:48 +0200:	Fixing bigwig BigWigs/RAW-C1-KDM3A-LPS-rep1-MB10_S63.filtered.bw...
Tue, 01 Jul 2025 11:33:48 +0200:		fix_HOMER_bigwig.sh -i BigWigs/RAW-C1-KDM3A-LPS-rep1-MB10_S63.filtered.bw -g mm10 &
Tue, 01 Jul 2025 11:33:48 +0200:	Fixing bigwig BigWigs/RAW-C1-KDM3A-LPS-rep2-MB11_S64.filtered.bw...
Tue, 01 Jul 2025 11:33:48 +0200:		fix_HOMER_bigwig.sh -i BigWigs/RAW-C1-KDM3A-LPS-rep2-MB11_S64.filtered.bw -g mm10 &
Tue, 01 Jul 2025 11:33:48 +0200:	Fixing bigwig BigWigs/RAW-C1-KDM3A-rep1-MB8_S61.filtered.bw...
Tue, 01 Jul 2025 11:33:48 +0200:		fix_HOMER_bigwig.sh -i BigWigs/RAW-C1-KDM3A-rep1-MB8_S61.filtered.bw -g mm10 &
Tue, 01 Jul 2025 11:33:48 +0200:	Fixing bigwig BigWigs/RAW-C1-KDM3A-rep2-MB9_S62.filtered.bw...
Tue, 01 Jul 2025 11:33:48 +0200:		fix_HOMER_bigwig.sh -i BigWigs/RAW-C1-KDM3A-rep2-MB9_S62.filtered.bw -g mm10 &

RUN DURATION
Tue, 01 Jul 2025 11:33:58 +0200:	Last step took: 2 minutes...
Tue, 01 Jul 2025 11:33:58 +0200:	Time elapsed so far: 66 minutes...

EXECUTING STEP 10
Tue, 01 Jul 2025 11:33:58 +0200:	Merging Wiggles and TrackHubs...
Tue, 01 Jul 2025 11:33:58 +0200:	Input folder:  BigWigs
Tue, 01 Jul 2025 11:33:58 +0200:	Output folder: merged_hubs
Tue, 01 Jul 2025 11:33:58 +0200:	Processing RAW-C1-KDM3A-LPS-rep1-MB10_S63.filtered.bw...
Tue, 01 Jul 2025 11:33:58 +0200:	Processing RAW-C1-KDM3A-LPS-rep2-MB11_S64.filtered.bw...
Tue, 01 Jul 2025 11:33:58 +0200:	Processing RAW-C1-KDM3A-rep1-MB8_S61.filtered.bw...
Tue, 01 Jul 2025 11:33:58 +0200:	Processing RAW-C1-KDM3A-rep2-MB9_S62.filtered.bw...
Tue, 01 Jul 2025 11:33:58 +0200:	Moving merged hubs from BigWigs to merged_hubs...

RUN DURATION
Tue, 01 Jul 2025 11:33:58 +0200:	Last step took: 0 minutes...
Tue, 01 Jul 2025 11:33:58 +0200:	Time elapsed so far: 66 minutes...

EXECUTING STEP 11
Tue, 01 Jul 2025 11:33:58 +0200:	Calling peaks...
Tue, 01 Jul 2025 11:33:58 +0200:	CHIP
Tue, 01 Jul 2025 11:34:03 +0200:	macs3 3.0.0b1
Tue, 01 Jul 2025 11:34:04 +0200:	v4.11.1	homer	v5.1	Code/Executables, ontologies, motifs for HOMER
Tue, 01 Jul 2025 11:34:04 +0200:	Finding ChIP enriched regions...
Tue, 01 Jul 2025 11:34:04 +0200:	Calling peaks with MACS3...
Tue, 01 Jul 2025 11:34:04 +0200:	Input folder:  filtered_BAM
Tue, 01 Jul 2025 11:34:04 +0200:	Output folder: peak_calling
Tue, 01 Jul 2025 11:34:04 +0200:	Calling peaks for: RAW-C1-KDM3A-LPS-rep1-MB10...
Tue, 01 Jul 2025 11:34:04 +0200:	Files in group: filtered_BAM/RAW-C1-KDM3A-LPS-rep1-MB10_S63.filtered.bam
Tue, 01 Jul 2025 11:34:04 +0200:	Calling peaks with MACS3, using p and q values 1e-6 and 1e-9...
Tue, 01 Jul 2025 11:34:04 +0200:		macs3 callpeak -t filtered_BAM/RAW-C1-KDM3A-LPS-rep1-MB10_S63.filtered.bam --outdir "peak_calling" -n RAW-C1-KDM3A-LPS-rep1-MB10_S63.filtered.bam.MACS3.q-9 -q 1e-9 --verbose 0 &
Tue, 01 Jul 2025 11:34:04 +0200:	Calling peaks for: RAW-C1-KDM3A-LPS-rep2-MB11...
Tue, 01 Jul 2025 11:34:04 +0200:	Files in group: filtered_BAM/RAW-C1-KDM3A-LPS-rep2-MB11_S64.filtered.bam
Tue, 01 Jul 2025 11:34:04 +0200:	Calling peaks with MACS3, using p and q values 1e-6 and 1e-9...
Tue, 01 Jul 2025 11:34:04 +0200:		macs3 callpeak -t filtered_BAM/RAW-C1-KDM3A-LPS-rep2-MB11_S64.filtered.bam --outdir "peak_calling" -n RAW-C1-KDM3A-LPS-rep2-MB11_S64.filtered.bam.MACS3.q-9 -q 1e-9 --verbose 0 &
Tue, 01 Jul 2025 11:34:04 +0200:	Calling peaks for: RAW-C1-KDM3A-rep1-MB8...
Tue, 01 Jul 2025 11:34:04 +0200:	Files in group: filtered_BAM/RAW-C1-KDM3A-rep1-MB8_S61.filtered.bam
Tue, 01 Jul 2025 11:34:04 +0200:	Calling peaks with MACS3, using p and q values 1e-6 and 1e-9...
Tue, 01 Jul 2025 11:34:04 +0200:		macs3 callpeak -t filtered_BAM/RAW-C1-KDM3A-rep1-MB8_S61.filtered.bam --outdir "peak_calling" -n RAW-C1-KDM3A-rep1-MB8_S61.filtered.bam.MACS3.q-9 -q 1e-9 --verbose 0 &
Tue, 01 Jul 2025 11:34:04 +0200:	Calling peaks for: RAW-C1-KDM3A-rep2-MB9...
Tue, 01 Jul 2025 11:34:04 +0200:	Files in group: filtered_BAM/RAW-C1-KDM3A-rep2-MB9_S62.filtered.bam
Tue, 01 Jul 2025 11:34:04 +0200:	Calling peaks with MACS3, using p and q values 1e-6 and 1e-9...
Tue, 01 Jul 2025 11:34:04 +0200:		macs3 callpeak -t filtered_BAM/RAW-C1-KDM3A-rep2-MB9_S62.filtered.bam --outdir "peak_calling" -n RAW-C1-KDM3A-rep2-MB9_S62.filtered.bam.MACS3.q-9 -q 1e-9 --verbose 0 &
Tue, 01 Jul 2025 11:34:04 +0200:	Waiting for MACS to finish peakcalling...
Tue, 01 Jul 2025 11:37:39 +0200:	RAW-C1-KDM3A-LPS-rep1-MB10_S63.filtered.bam
Tue, 01 Jul 2025 11:37:39 +0200:	RAW-C1-KDM3A-LPS-rep2-MB11_S64.filtered.bam
Tue, 01 Jul 2025 11:37:39 +0200:	RAW-C1-KDM3A-rep1-MB8_S61.filtered.bam
Tue, 01 Jul 2025 11:37:39 +0200:	RAW-C1-KDM3A-rep2-MB9_S62.filtered.bam
Tue, 01 Jul 2025 11:37:39 +0200:	Cleaning up MACS3 output (keeping only narrowPeak and broadPeak files)...
Tue, 01 Jul 2025 11:37:39 +0200:	Converting to a clean 3 column BED format...
Tue, 01 Jul 2025 11:37:40 +0200:	Calling peaks with HOMER...
Tue, 01 Jul 2025 11:37:40 +0200:	Input folder:  HOMER_tagDirs
Tue, 01 Jul 2025 11:37:40 +0200:	Calling peaks with HOMER...
Tue, 01 Jul 2025 11:37:40 +0200:		findPeaks HOMER_tagDirs/RAW-C1-KDM3A-LPS-rep1-MB10_S63.filtered.HOMER_tagDir -style factor -o auto &
Tue, 01 Jul 2025 11:37:40 +0200:		findPeaks HOMER_tagDirs/RAW-C1-KDM3A-LPS-rep2-MB11_S64.filtered.HOMER_tagDir -style factor -o auto &
Tue, 01 Jul 2025 11:37:40 +0200:		findPeaks HOMER_tagDirs/RAW-C1-KDM3A-rep1-MB8_S61.filtered.HOMER_tagDir -style factor -o auto &
Tue, 01 Jul 2025 11:37:40 +0200:		findPeaks HOMER_tagDirs/RAW-C1-KDM3A-rep2-MB9_S62.filtered.HOMER_tagDir -style factor -o auto &
Tue, 01 Jul 2025 11:37:40 +0200:	Waiting for HOMER to finish peakcalling...
Tue, 01 Jul 2025 11:43:07 +0200:	Testpp HOMER_tagDirs/RAW-C1-KDM3A-LPS-rep1-MB10_S63.filtered.HOMER_tagDir
Tue, 01 Jul 2025 11:43:07 +0200:	Testpp HOMER_tagDirs/RAW-C1-KDM3A-LPS-rep2-MB11_S64.filtered.HOMER_tagDir
Tue, 01 Jul 2025 11:43:07 +0200:	Testpp HOMER_tagDirs/RAW-C1-KDM3A-rep1-MB8_S61.filtered.HOMER_tagDir
Tue, 01 Jul 2025 11:43:07 +0200:	Testpp HOMER_tagDirs/RAW-C1-KDM3A-rep2-MB9_S62.filtered.HOMER_tagDir
Tue, 01 Jul 2025 11:43:07 +0200:	Converting peaks to BED format and cleaning up unwanted contigs (chrUn | alt | random)...
Tue, 01 Jul 2025 11:43:07 +0200:	Merging peaks for: RAW-C1-KDM3A-LPS-rep1-MB10...
Tue, 01 Jul 2025 11:43:07 +0200:	Samples in group: HOMER_tagDirs/RAW-C1-KDM3A-LPS-rep1-MB10_S63.filtered.HOMER_tagDir/peaks.bed
Tue, 01 Jul 2025 11:43:08 +0200:	Merging peaks for: RAW-C1-KDM3A-LPS-rep2-MB11...
Tue, 01 Jul 2025 11:43:08 +0200:	Samples in group: HOMER_tagDirs/RAW-C1-KDM3A-LPS-rep2-MB11_S64.filtered.HOMER_tagDir/peaks.bed
Tue, 01 Jul 2025 11:43:08 +0200:	Merging peaks for: RAW-C1-KDM3A-rep1-MB8...
Tue, 01 Jul 2025 11:43:08 +0200:	Samples in group: HOMER_tagDirs/RAW-C1-KDM3A-rep1-MB8_S61.filtered.HOMER_tagDir/peaks.bed
Tue, 01 Jul 2025 11:43:08 +0200:	Merging peaks for: RAW-C1-KDM3A-rep2-MB9...
Tue, 01 Jul 2025 11:43:08 +0200:	Samples in group: HOMER_tagDirs/RAW-C1-KDM3A-rep2-MB9_S62.filtered.HOMER_tagDir/peaks.bed

RUN DURATION
Tue, 01 Jul 2025 11:43:08 +0200:	Last step took: 9 minutes...
Tue, 01 Jul 2025 11:43:08 +0200:	Time elapsed so far: 75 minutes...

EXECUTING STEP 
Tue, 01 Jul 2025 11:43:08 +0200:	Counting reads...
Tue, 01 Jul 2025 11:43:09 +0200:	v4.11.1	homer	v5.1	Code/Executables, ontologies, motifs for HOMER
Tue, 01 Jul 2025 11:43:09 +0200:	For ChIP experiments, first determine optimal peak caller settings, then manually run run_quant_peaks.sh to continue!

RUN DURATION
Tue, 01 Jul 2025 11:43:09 +0200:	Last step took: 0 minutes...
Tue, 01 Jul 2025 11:43:09 +0200:	Time elapsed so far: 75 minutes...

EXECUTING STEP 13
Tue, 01 Jul 2025 11:43:09 +0200:	Calling DE peaks...
Tue, 01 Jul 2025 11:43:09 +0200:	To call DE peaks for ChIP  data, please first manually determine the best peak calling settings for your experiment and use run_quant_peaks.sh.
Tue, 01 Jul 2025 11:43:09 +0200:	Then execute 'run_call_DE_peaks.sh' on your optimal peak set.

RUN DURATION
Tue, 01 Jul 2025 11:43:09 +0200:	Last step took: 0 minutes...
Tue, 01 Jul 2025 11:43:09 +0200:	Time elapsed so far: 75 minutes...
Tue, 01 Jul 2025 11:43:09 +0200:	Main loop completed!

STATS
Tue, 01 Jul 2025 11:43:09 +0200:	Running multiQC...

CLEANUP
Tue, 01 Jul 2025 11:44:58 +0200:	Compressing tagDirs...
Tue, 01 Jul 2025 11:44:58 +0200:	Making tar ball of HOMER_tagDirs/RAW-C1-KDM3A-LPS-rep1-MB10_S63.filtered.HOMER_tagDir...
Tue, 01 Jul 2025 11:44:58 +0200:	Making tar ball of HOMER_tagDirs/RAW-C1-KDM3A-LPS-rep2-MB11_S64.filtered.HOMER_tagDir...
Tue, 01 Jul 2025 11:44:58 +0200:	Making tar ball of HOMER_tagDirs/RAW-C1-KDM3A-rep1-MB8_S61.filtered.HOMER_tagDir...
Tue, 01 Jul 2025 11:44:58 +0200:	Making tar ball of HOMER_tagDirs/RAW-C1-KDM3A-rep2-MB9_S62.filtered.HOMER_tagDir...
Tue, 01 Jul 2025 11:44:58 +0200:	Waiting for tar to complete...
Tue, 01 Jul 2025 11:45:26 +0200:	Deleting uncompressed tagDir HOMER_tagDirs/RAW-C1-KDM3A-LPS-rep1-MB10_S63.filtered.HOMER_tagDir...
Tue, 01 Jul 2025 11:45:26 +0200:	Deleting uncompressed tagDir HOMER_tagDirs/RAW-C1-KDM3A-LPS-rep2-MB11_S64.filtered.HOMER_tagDir...
Tue, 01 Jul 2025 11:45:26 +0200:	Deleting uncompressed tagDir HOMER_tagDirs/RAW-C1-KDM3A-rep1-MB8_S61.filtered.HOMER_tagDir...
Tue, 01 Jul 2025 11:45:26 +0200:	Deleting uncompressed tagDir HOMER_tagDirs/RAW-C1-KDM3A-rep2-MB9_S62.filtered.HOMER_tagDir...

FINAL REMARKS
Tue, 01 Jul 2025 11:45:27 +0200:	All done!
Tue, 01 Jul 2025 11:45:27 +0200:	Final run time: 77 minutes.
Tue, 01 Jul 2025 11:45:27 +0200:	Good luck with your downstream analyses!
