#################################
## Run log for omnomnomics run ##
#################################

Pipeline version: 0.4
Invocation:		/net/beegfs/cfg/projects/dewintherlab/scripts/run_omnomnomics.sh -i KDM3A/mm10/RNApolII/ -t ChIP -g mm10
Slurm job id:		11900706
Job submitted at:	Tue, 01 Jul 2025 10:10:38 +0200
Max walltime:		10:00:00

>>>>>>>>>>>>>>>>>>>>>>>>>>>>>>>>>>>>>>>>
WAITING FOR SLURM TO DISPATCH THE JOB...
<<<<<<<<<<<<<<<<<<<<<<<<<<<<<<<<<<<<<<<<
JOB DISPATCHED!
>>>>>>>>>>>>>>>>>>>>>>>>>>>>>>>>>>>>>>>>

MICROMAMBA INIT
Tue, 01 Jul 2025 10:10:41 +0200:	MAMBA_EXE: /net/beegfs/cfg/projects/dewintherlab/bin/micromamba
Tue, 01 Jul 2025 10:10:41 +0200:	Initializing shell...

PREFLIGHT
Tue, 01 Jul 2025 10:10:42 +0200:	Checking workflow step functions...
Tue, 01 Jul 2025 10:10:42 +0200:	Workflow step functions OK!
Tue, 01 Jul 2025 10:10:42 +0200:	Checking run config file...
Tue, 01 Jul 2025 10:10:42 +0200:	Run config file OK!

Run START
Tue, 01 Jul 2025 10:10:42 +0200:	Checking if we are requeued...
Tue, 01 Jul 2025 10:10:42 +0200:	Starting a fresh run...
Tue, 01 Jul 2025 10:10:42 +0200:	omnomnomics run started on node002!
Tue, 01 Jul 2025 10:10:42 +0200:	Getting ready...

RUN INFO
Tue, 01 Jul 2025 10:10:42 +0200:	Job Start time:		Tue, 01 Jul 2025 10:10:41 +0200
Tue, 01 Jul 2025 10:10:42 +0200:	Experiment dir:		KDM3A/mm10/RNApolII
Tue, 01 Jul 2025 10:10:42 +0200:	Run date:		2025-07-01
Tue, 01 Jul 2025 10:10:42 +0200:	Log file:		KDM3A/mm10/RNApolII/omnomnomics.run.2025-07-01.log
Tue, 01 Jul 2025 10:10:42 +0200:	Cores per sample:	7
Tue, 01 Jul 2025 10:10:42 +0200:	Available cores: 	127
Tue, 01 Jul 2025 10:10:42 +0200:	Files:			32
Tue, 01 Jul 2025 10:10:42 +0200:	Pairs:			16
Tue, 01 Jul 2025 10:10:42 +0200:	Paired run:		1
Tue, 01 Jul 2025 10:10:42 +0200:	Type:			CHIP
Tue, 01 Jul 2025 10:10:42 +0200:	Genome:			mm10
Tue, 01 Jul 2025 10:10:42 +0200:	Mode:			1 2 3 4 5 6 7 8 9 10 11 12 13
Tue, 01 Jul 2025 10:10:42 +0200:	Mode min:		1
Tue, 01 Jul 2025 10:10:42 +0200:	Mode max:		13
Tue, 01 Jul 2025 10:10:42 +0200:	Trim tool:		skewer
Tue, 01 Jul 2025 10:10:42 +0200:	Map tool:		hisat2

READ COUNTING SETTINGS
Tue, 01 Jul 2025 10:10:42 +0200:	Design formula:	1
Tue, 01 Jul 2025 10:10:42 +0200:	Metadata file:	NA

PEAK CALLING SETTINGS
Tue, 01 Jul 2025 10:10:42 +0200:	Input file (MACS3):	NA
Tue, 01 Jul 2025 10:10:42 +0200:	Input file (HOMER):	NA
Tue, 01 Jul 2025 10:10:42 +0200:	Broad peaks:	NA
Tue, 01 Jul 2025 10:10:42 +0200:	Peak style:		factor
Tue, 01 Jul 2025 10:10:42 +0200:	HOMER peaksize:		500
Tue, 01 Jul 2025 10:10:42 +0200:	HOMER minDist:		2000

JAVA MEMORY SETTINGS
Tue, 01 Jul 2025 10:10:42 +0200:	15625M HEAP init
Tue, 01 Jul 2025 10:10:42 +0200:	31250M memory per sample

TRACKHUB SETTINGS
Tue, 01 Jul 2025 10:10:42 +0200:	Hub type field:		1
Tue, 01 Jul 2025 10:10:42 +0200:	Hub name field:		1-3
Tue, 01 Jul 2025 10:10:42 +0200:	Hub col field:		2
Tue, 01 Jul 2025 10:10:42 +0200:	Hub separator:		_
Tue, 01 Jul 2025 10:10:42 +0200:	Hub appendix:		hub
Tue, 01 Jul 2025 10:10:42 +0200:	Hub overlay:		transparentOverlay
Tue, 01 Jul 2025 10:10:42 +0200:	Hub coldata folder:	/net/beegfs/cfg/projects/dewintherlab/bin/color_data_for_hubs
Tue, 01 Jul 2025 10:10:42 +0200:	Hub color table:	/net/beegfs/cfg/projects/dewintherlab/bin/color_data_for_hubs/gray.tint.color.table
Tue, 01 Jul 2025 10:10:42 +0200:	Hub mail:		m.dewinther@amsterdamumc.nl

MAIN EXECUTION LOOP
Tue, 01 Jul 2025 10:10:42 +0200:	Setting up subroutines...

EXECUTING STEP 1
Tue, 01 Jul 2025 10:10:42 +0200:	Trimming reads...
Tue, 01 Jul 2025 10:10:42 +0200:	Input folder:  FASTQ
Tue, 01 Jul 2025 10:10:42 +0200:	Output folder: trimmed_FASTQ
Tue, 01 Jul 2025 10:10:43 +0200:		skewer version: 0.2.2
	Author: Hongshan Jiang
	Last update: April 4, 2016
Tue, 01 Jul 2025 10:10:43 +0200:	TRIM_TOOL: skewer
Tue, 01 Jul 2025 10:10:43 +0200:	Running skewer in paired end mode...
Tue, 01 Jul 2025 10:10:43 +0200:		skewer --quiet -m pe -q 15 -Q 15 -z -t 7 -o "trimmed_FASTQ"/KDM3AKO-RNApol2-3hLPS-rep1_S400_L007 FASTQ/KDM3AKO-RNApol2-3hLPS-rep1_S400_L007_R1_001.fastq.gz FASTQ/KDM3AKO-RNApol2-3hLPS-rep1_S400_L007_R2_001.fastq.gz &
Tue, 01 Jul 2025 10:10:43 +0200:	Running skewer in paired end mode...
Tue, 01 Jul 2025 10:10:43 +0200:		skewer --quiet -m pe -q 15 -Q 15 -z -t 7 -o "trimmed_FASTQ"/KDM3AKO-RNApol2-3hLPS-rep1_S400_L008 FASTQ/KDM3AKO-RNApol2-3hLPS-rep1_S400_L008_R1_001.fastq.gz FASTQ/KDM3AKO-RNApol2-3hLPS-rep1_S400_L008_R2_001.fastq.gz &
Tue, 01 Jul 2025 10:10:43 +0200:	Running skewer in paired end mode...
Tue, 01 Jul 2025 10:10:43 +0200:		skewer --quiet -m pe -q 15 -Q 15 -z -t 7 -o "trimmed_FASTQ"/KDM3AKO-RNApol2-3hLPS-rep2_S401_L007 FASTQ/KDM3AKO-RNApol2-3hLPS-rep2_S401_L007_R1_001.fastq.gz FASTQ/KDM3AKO-RNApol2-3hLPS-rep2_S401_L007_R2_001.fastq.gz &
Tue, 01 Jul 2025 10:10:43 +0200:	Running skewer in paired end mode...
Tue, 01 Jul 2025 10:10:43 +0200:		skewer --quiet -m pe -q 15 -Q 15 -z -t 7 -o "trimmed_FASTQ"/KDM3AKO-RNApol2-3hLPS-rep2_S401_L008 FASTQ/KDM3AKO-RNApol2-3hLPS-rep2_S401_L008_R1_001.fastq.gz FASTQ/KDM3AKO-RNApol2-3hLPS-rep2_S401_L008_R2_001.fastq.gz &
Tue, 01 Jul 2025 10:10:43 +0200:	Running skewer in paired end mode...
Tue, 01 Jul 2025 10:10:43 +0200:		skewer --quiet -m pe -q 15 -Q 15 -z -t 7 -o "trimmed_FASTQ"/KDM3AKO-RNApol2-ctrl-rep1_S396_L007 FASTQ/KDM3AKO-RNApol2-ctrl-rep1_S396_L007_R1_001.fastq.gz FASTQ/KDM3AKO-RNApol2-ctrl-rep1_S396_L007_R2_001.fastq.gz &
Tue, 01 Jul 2025 10:10:43 +0200:	Running skewer in paired end mode...
Tue, 01 Jul 2025 10:10:43 +0200:		skewer --quiet -m pe -q 15 -Q 15 -z -t 7 -o "trimmed_FASTQ"/KDM3AKO-RNApol2-ctrl-rep1_S396_L008 FASTQ/KDM3AKO-RNApol2-ctrl-rep1_S396_L008_R1_001.fastq.gz FASTQ/KDM3AKO-RNApol2-ctrl-rep1_S396_L008_R2_001.fastq.gz &
Tue, 01 Jul 2025 10:10:43 +0200:	Running skewer in paired end mode...
Tue, 01 Jul 2025 10:10:43 +0200:		skewer --quiet -m pe -q 15 -Q 15 -z -t 7 -o "trimmed_FASTQ"/KDM3AKO-RNApol2-ctrl-rep2_S397_L007 FASTQ/KDM3AKO-RNApol2-ctrl-rep2_S397_L007_R1_001.fastq.gz FASTQ/KDM3AKO-RNApol2-ctrl-rep2_S397_L007_R2_001.fastq.gz &
Tue, 01 Jul 2025 10:10:43 +0200:	Running skewer in paired end mode...
Tue, 01 Jul 2025 10:10:43 +0200:		skewer --quiet -m pe -q 15 -Q 15 -z -t 7 -o "trimmed_FASTQ"/KDM3AKO-RNApol2-ctrl-rep2_S397_L008 FASTQ/KDM3AKO-RNApol2-ctrl-rep2_S397_L008_R1_001.fastq.gz FASTQ/KDM3AKO-RNApol2-ctrl-rep2_S397_L008_R2_001.fastq.gz &
Tue, 01 Jul 2025 10:10:43 +0200:	Running skewer in paired end mode...
Tue, 01 Jul 2025 10:10:43 +0200:		skewer --quiet -m pe -q 15 -Q 15 -z -t 7 -o "trimmed_FASTQ"/KDM3AWT-RNApol2-3hLPS-rep1_S398_L007 FASTQ/KDM3AWT-RNApol2-3hLPS-rep1_S398_L007_R1_001.fastq.gz FASTQ/KDM3AWT-RNApol2-3hLPS-rep1_S398_L007_R2_001.fastq.gz &
Tue, 01 Jul 2025 10:10:43 +0200:	Running skewer in paired end mode...
Tue, 01 Jul 2025 10:10:43 +0200:		skewer --quiet -m pe -q 15 -Q 15 -z -t 7 -o "trimmed_FASTQ"/KDM3AWT-RNApol2-3hLPS-rep1_S398_L008 FASTQ/KDM3AWT-RNApol2-3hLPS-rep1_S398_L008_R1_001.fastq.gz FASTQ/KDM3AWT-RNApol2-3hLPS-rep1_S398_L008_R2_001.fastq.gz &
Tue, 01 Jul 2025 10:10:43 +0200:	Running skewer in paired end mode...
Tue, 01 Jul 2025 10:10:43 +0200:		skewer --quiet -m pe -q 15 -Q 15 -z -t 7 -o "trimmed_FASTQ"/KDM3AWT-RNApol2-3hLPS-rep2_S399_L007 FASTQ/KDM3AWT-RNApol2-3hLPS-rep2_S399_L007_R1_001.fastq.gz FASTQ/KDM3AWT-RNApol2-3hLPS-rep2_S399_L007_R2_001.fastq.gz &
Tue, 01 Jul 2025 10:10:43 +0200:	Running skewer in paired end mode...
Tue, 01 Jul 2025 10:10:43 +0200:		skewer --quiet -m pe -q 15 -Q 15 -z -t 7 -o "trimmed_FASTQ"/KDM3AWT-RNApol2-3hLPS-rep2_S399_L008 FASTQ/KDM3AWT-RNApol2-3hLPS-rep2_S399_L008_R1_001.fastq.gz FASTQ/KDM3AWT-RNApol2-3hLPS-rep2_S399_L008_R2_001.fastq.gz &
Tue, 01 Jul 2025 10:10:43 +0200:	Running skewer in paired end mode...
Tue, 01 Jul 2025 10:10:43 +0200:		skewer --quiet -m pe -q 15 -Q 15 -z -t 7 -o "trimmed_FASTQ"/KDM3AWT-RNApol2-ctrl-rep1_S394_L007 FASTQ/KDM3AWT-RNApol2-ctrl-rep1_S394_L007_R1_001.fastq.gz FASTQ/KDM3AWT-RNApol2-ctrl-rep1_S394_L007_R2_001.fastq.gz &
Tue, 01 Jul 2025 10:10:43 +0200:	Running skewer in paired end mode...
Tue, 01 Jul 2025 10:10:43 +0200:		skewer --quiet -m pe -q 15 -Q 15 -z -t 7 -o "trimmed_FASTQ"/KDM3AWT-RNApol2-ctrl-rep1_S394_L008 FASTQ/KDM3AWT-RNApol2-ctrl-rep1_S394_L008_R1_001.fastq.gz FASTQ/KDM3AWT-RNApol2-ctrl-rep1_S394_L008_R2_001.fastq.gz &
Tue, 01 Jul 2025 10:10:43 +0200:	Running skewer in paired end mode...
Tue, 01 Jul 2025 10:10:43 +0200:		skewer --quiet -m pe -q 15 -Q 15 -z -t 7 -o "trimmed_FASTQ"/KDM3AWT-RNApol2-ctrl-rep2_S395_L007 FASTQ/KDM3AWT-RNApol2-ctrl-rep2_S395_L007_R1_001.fastq.gz FASTQ/KDM3AWT-RNApol2-ctrl-rep2_S395_L007_R2_001.fastq.gz &
Tue, 01 Jul 2025 10:10:43 +0200:	Running skewer in paired end mode...
Tue, 01 Jul 2025 10:10:43 +0200:		skewer --quiet -m pe -q 15 -Q 15 -z -t 7 -o "trimmed_FASTQ"/KDM3AWT-RNApol2-ctrl-rep2_S395_L008 FASTQ/KDM3AWT-RNApol2-ctrl-rep2_S395_L008_R1_001.fastq.gz FASTQ/KDM3AWT-RNApol2-ctrl-rep2_S395_L008_R2_001.fastq.gz &
Tue, 01 Jul 2025 10:10:43 +0200:	Waiting for skewer to complete...
Tue, 01 Jul 2025 10:16:44 +0200:	Renaming trimmed results...

RUN DURATION
Tue, 01 Jul 2025 10:16:45 +0200:	Last step took: 6 minutes...
Tue, 01 Jul 2025 10:16:45 +0200:	Time elapsed so far: 6 minutes...

EXECUTING STEP 2
Tue, 01 Jul 2025 10:16:45 +0200:	Generating FastQC reports...
Tue, 01 Jul 2025 10:16:45 +0200:	Input folder:  trimmed_FASTQ
Tue, 01 Jul 2025 10:16:45 +0200:	Output folder: fastqc_reports
Tue, 01 Jul 2025 10:16:46 +0200:	FastQC v0.11.9
Tue, 01 Jul 2025 10:16:46 +0200:	Running FastQC in paired end mode...
Tue, 01 Jul 2025 10:16:46 +0200:		fastqc -t 7 -o "fastqc_reports" trimmed_FASTQ/KDM3AKO-RNApol2-3hLPS-rep1_S400_L007_R1.trimmed.fastq.gz trimmed_FASTQ/KDM3AKO-RNApol2-3hLPS-rep1_S400_L007_R2.trimmed.fastq.gz &
Tue, 01 Jul 2025 10:16:46 +0200:	Running FastQC in paired end mode...
Tue, 01 Jul 2025 10:16:46 +0200:		fastqc -t 7 -o "fastqc_reports" trimmed_FASTQ/KDM3AKO-RNApol2-3hLPS-rep1_S400_L008_R1.trimmed.fastq.gz trimmed_FASTQ/KDM3AKO-RNApol2-3hLPS-rep1_S400_L008_R2.trimmed.fastq.gz &
Tue, 01 Jul 2025 10:16:46 +0200:	Running FastQC in paired end mode...
Tue, 01 Jul 2025 10:16:46 +0200:		fastqc -t 7 -o "fastqc_reports" trimmed_FASTQ/KDM3AKO-RNApol2-3hLPS-rep2_S401_L007_R1.trimmed.fastq.gz trimmed_FASTQ/KDM3AKO-RNApol2-3hLPS-rep2_S401_L007_R2.trimmed.fastq.gz &
Tue, 01 Jul 2025 10:16:46 +0200:	Running FastQC in paired end mode...
Tue, 01 Jul 2025 10:16:46 +0200:		fastqc -t 7 -o "fastqc_reports" trimmed_FASTQ/KDM3AKO-RNApol2-3hLPS-rep2_S401_L008_R1.trimmed.fastq.gz trimmed_FASTQ/KDM3AKO-RNApol2-3hLPS-rep2_S401_L008_R2.trimmed.fastq.gz &
Tue, 01 Jul 2025 10:16:46 +0200:	Running FastQC in paired end mode...
Tue, 01 Jul 2025 10:16:46 +0200:		fastqc -t 7 -o "fastqc_reports" trimmed_FASTQ/KDM3AKO-RNApol2-ctrl-rep1_S396_L007_R1.trimmed.fastq.gz trimmed_FASTQ/KDM3AKO-RNApol2-ctrl-rep1_S396_L007_R2.trimmed.fastq.gz &
Tue, 01 Jul 2025 10:16:46 +0200:	Running FastQC in paired end mode...
Tue, 01 Jul 2025 10:16:46 +0200:		fastqc -t 7 -o "fastqc_reports" trimmed_FASTQ/KDM3AKO-RNApol2-ctrl-rep1_S396_L008_R1.trimmed.fastq.gz trimmed_FASTQ/KDM3AKO-RNApol2-ctrl-rep1_S396_L008_R2.trimmed.fastq.gz &
Tue, 01 Jul 2025 10:16:46 +0200:	Running FastQC in paired end mode...
Tue, 01 Jul 2025 10:16:46 +0200:		fastqc -t 7 -o "fastqc_reports" trimmed_FASTQ/KDM3AKO-RNApol2-ctrl-rep2_S397_L007_R1.trimmed.fastq.gz trimmed_FASTQ/KDM3AKO-RNApol2-ctrl-rep2_S397_L007_R2.trimmed.fastq.gz &
Tue, 01 Jul 2025 10:16:46 +0200:	Running FastQC in paired end mode...
Tue, 01 Jul 2025 10:16:46 +0200:		fastqc -t 7 -o "fastqc_reports" trimmed_FASTQ/KDM3AKO-RNApol2-ctrl-rep2_S397_L008_R1.trimmed.fastq.gz trimmed_FASTQ/KDM3AKO-RNApol2-ctrl-rep2_S397_L008_R2.trimmed.fastq.gz &
Tue, 01 Jul 2025 10:16:46 +0200:	Running FastQC in paired end mode...
Tue, 01 Jul 2025 10:16:46 +0200:		fastqc -t 7 -o "fastqc_reports" trimmed_FASTQ/KDM3AWT-RNApol2-3hLPS-rep1_S398_L007_R1.trimmed.fastq.gz trimmed_FASTQ/KDM3AWT-RNApol2-3hLPS-rep1_S398_L007_R2.trimmed.fastq.gz &
Tue, 01 Jul 2025 10:16:46 +0200:	Running FastQC in paired end mode...
Tue, 01 Jul 2025 10:16:46 +0200:		fastqc -t 7 -o "fastqc_reports" trimmed_FASTQ/KDM3AWT-RNApol2-3hLPS-rep1_S398_L008_R1.trimmed.fastq.gz trimmed_FASTQ/KDM3AWT-RNApol2-3hLPS-rep1_S398_L008_R2.trimmed.fastq.gz &
Tue, 01 Jul 2025 10:16:46 +0200:	Running FastQC in paired end mode...
Tue, 01 Jul 2025 10:16:46 +0200:		fastqc -t 7 -o "fastqc_reports" trimmed_FASTQ/KDM3AWT-RNApol2-3hLPS-rep2_S399_L007_R1.trimmed.fastq.gz trimmed_FASTQ/KDM3AWT-RNApol2-3hLPS-rep2_S399_L007_R2.trimmed.fastq.gz &
Tue, 01 Jul 2025 10:16:46 +0200:	Running FastQC in paired end mode...
Tue, 01 Jul 2025 10:16:46 +0200:		fastqc -t 7 -o "fastqc_reports" trimmed_FASTQ/KDM3AWT-RNApol2-3hLPS-rep2_S399_L008_R1.trimmed.fastq.gz trimmed_FASTQ/KDM3AWT-RNApol2-3hLPS-rep2_S399_L008_R2.trimmed.fastq.gz &
Tue, 01 Jul 2025 10:16:46 +0200:	Running FastQC in paired end mode...
Tue, 01 Jul 2025 10:16:46 +0200:		fastqc -t 7 -o "fastqc_reports" trimmed_FASTQ/KDM3AWT-RNApol2-ctrl-rep1_S394_L007_R1.trimmed.fastq.gz trimmed_FASTQ/KDM3AWT-RNApol2-ctrl-rep1_S394_L007_R2.trimmed.fastq.gz &
Tue, 01 Jul 2025 10:16:46 +0200:	Running FastQC in paired end mode...
Tue, 01 Jul 2025 10:16:46 +0200:		fastqc -t 7 -o "fastqc_reports" trimmed_FASTQ/KDM3AWT-RNApol2-ctrl-rep1_S394_L008_R1.trimmed.fastq.gz trimmed_FASTQ/KDM3AWT-RNApol2-ctrl-rep1_S394_L008_R2.trimmed.fastq.gz &
Tue, 01 Jul 2025 10:16:46 +0200:	Running FastQC in paired end mode...
Tue, 01 Jul 2025 10:16:46 +0200:		fastqc -t 7 -o "fastqc_reports" trimmed_FASTQ/KDM3AWT-RNApol2-ctrl-rep2_S395_L007_R1.trimmed.fastq.gz trimmed_FASTQ/KDM3AWT-RNApol2-ctrl-rep2_S395_L007_R2.trimmed.fastq.gz &
Tue, 01 Jul 2025 10:16:46 +0200:	Running FastQC in paired end mode...
Tue, 01 Jul 2025 10:16:46 +0200:		fastqc -t 7 -o "fastqc_reports" trimmed_FASTQ/KDM3AWT-RNApol2-ctrl-rep2_S395_L008_R1.trimmed.fastq.gz trimmed_FASTQ/KDM3AWT-RNApol2-ctrl-rep2_S395_L008_R2.trimmed.fastq.gz &
Tue, 01 Jul 2025 10:16:46 +0200:	Waiting for FastQC to complete...

RUN DURATION
Tue, 01 Jul 2025 10:18:15 +0200:	Last step took: 1 minutes...
Tue, 01 Jul 2025 10:18:15 +0200:	Time elapsed so far: 7 minutes...

EXECUTING STEP 3
Tue, 01 Jul 2025 10:18:15 +0200:	Mapping reads...
Tue, 01 Jul 2025 10:18:15 +0200:	Input folder:  trimmed_FASTQ
Tue, 01 Jul 2025 10:18:15 +0200:	Output folder: BAM
Tue, 01 Jul 2025 10:18:15 +0200:	/net/beegfs/cfg/projects/dewintherlab/bin/hisat2-2.1.0/hisat2-align-s version 2.1.0
64-bit
Built on login-node03
Wed Jun  7 15:53:42 EDT 2017
Compiler: gcc version 4.8.2 (GCC) 
Options: -O3 -m64 -msse2 -funroll-loops -g3 -DPOPCNT_CAPABILITY
Sizeof {int, long, long long, void*, size_t, off_t}: {4, 8, 8, 8, 8, 8}
Tue, 01 Jul 2025 10:18:15 +0200:	Launching: KDM3AKO-RNApol2-3hLPS-rep1_S400_L007_R1.trimmed...
Tue, 01 Jul 2025 10:18:15 +0200:		(hisat2 -p 7 -x "/net/beegfs/cfg/projects/dewintherlab/genomes/HISAT2/mm10" -1 "trimmed_FASTQ/KDM3AKO-RNApol2-3hLPS-rep1_S400_L007_R1.trimmed.fastq.gz" -2 "trimmed_FASTQ/KDM3AKO-RNApol2-3hLPS-rep1_S400_L007_R2.trimmed.fastq.gz" --mm --add-chrname --new-summary --no-spliced-alignment | samtools view -b -) 1> "BAM/KDM3AKO-RNApol2-3hLPS-rep1_S400_L007_R1.trimmed.bam" 2> "BAM/KDM3AKO-RNApol2-3hLPS-rep1_S400_L007_R1.trimmed.HISAT2_stats.txt" &
Tue, 01 Jul 2025 10:18:15 +0200:	Launching: KDM3AKO-RNApol2-3hLPS-rep1_S400_L008_R1.trimmed...
Tue, 01 Jul 2025 10:18:15 +0200:		(hisat2 -p 7 -x "/net/beegfs/cfg/projects/dewintherlab/genomes/HISAT2/mm10" -1 "trimmed_FASTQ/KDM3AKO-RNApol2-3hLPS-rep1_S400_L008_R1.trimmed.fastq.gz" -2 "trimmed_FASTQ/KDM3AKO-RNApol2-3hLPS-rep1_S400_L008_R2.trimmed.fastq.gz" --mm --add-chrname --new-summary --no-spliced-alignment | samtools view -b -) 1> "BAM/KDM3AKO-RNApol2-3hLPS-rep1_S400_L008_R1.trimmed.bam" 2> "BAM/KDM3AKO-RNApol2-3hLPS-rep1_S400_L008_R1.trimmed.HISAT2_stats.txt" &
Tue, 01 Jul 2025 10:18:15 +0200:	Launching: KDM3AKO-RNApol2-3hLPS-rep2_S401_L007_R1.trimmed...
Tue, 01 Jul 2025 10:18:15 +0200:		(hisat2 -p 7 -x "/net/beegfs/cfg/projects/dewintherlab/genomes/HISAT2/mm10" -1 "trimmed_FASTQ/KDM3AKO-RNApol2-3hLPS-rep2_S401_L007_R1.trimmed.fastq.gz" -2 "trimmed_FASTQ/KDM3AKO-RNApol2-3hLPS-rep2_S401_L007_R2.trimmed.fastq.gz" --mm --add-chrname --new-summary --no-spliced-alignment | samtools view -b -) 1> "BAM/KDM3AKO-RNApol2-3hLPS-rep2_S401_L007_R1.trimmed.bam" 2> "BAM/KDM3AKO-RNApol2-3hLPS-rep2_S401_L007_R1.trimmed.HISAT2_stats.txt" &
Tue, 01 Jul 2025 10:18:15 +0200:	Launching: KDM3AKO-RNApol2-3hLPS-rep2_S401_L008_R1.trimmed...
Tue, 01 Jul 2025 10:18:15 +0200:		(hisat2 -p 7 -x "/net/beegfs/cfg/projects/dewintherlab/genomes/HISAT2/mm10" -1 "trimmed_FASTQ/KDM3AKO-RNApol2-3hLPS-rep2_S401_L008_R1.trimmed.fastq.gz" -2 "trimmed_FASTQ/KDM3AKO-RNApol2-3hLPS-rep2_S401_L008_R2.trimmed.fastq.gz" --mm --add-chrname --new-summary --no-spliced-alignment | samtools view -b -) 1> "BAM/KDM3AKO-RNApol2-3hLPS-rep2_S401_L008_R1.trimmed.bam" 2> "BAM/KDM3AKO-RNApol2-3hLPS-rep2_S401_L008_R1.trimmed.HISAT2_stats.txt" &
Tue, 01 Jul 2025 10:18:15 +0200:	Launching: KDM3AKO-RNApol2-ctrl-rep1_S396_L007_R1.trimmed...
Tue, 01 Jul 2025 10:18:15 +0200:		(hisat2 -p 7 -x "/net/beegfs/cfg/projects/dewintherlab/genomes/HISAT2/mm10" -1 "trimmed_FASTQ/KDM3AKO-RNApol2-ctrl-rep1_S396_L007_R1.trimmed.fastq.gz" -2 "trimmed_FASTQ/KDM3AKO-RNApol2-ctrl-rep1_S396_L007_R2.trimmed.fastq.gz" --mm --add-chrname --new-summary --no-spliced-alignment | samtools view -b -) 1> "BAM/KDM3AKO-RNApol2-ctrl-rep1_S396_L007_R1.trimmed.bam" 2> "BAM/KDM3AKO-RNApol2-ctrl-rep1_S396_L007_R1.trimmed.HISAT2_stats.txt" &
Tue, 01 Jul 2025 10:18:16 +0200:	Launching: KDM3AKO-RNApol2-ctrl-rep1_S396_L008_R1.trimmed...
Tue, 01 Jul 2025 10:18:16 +0200:		(hisat2 -p 7 -x "/net/beegfs/cfg/projects/dewintherlab/genomes/HISAT2/mm10" -1 "trimmed_FASTQ/KDM3AKO-RNApol2-ctrl-rep1_S396_L008_R1.trimmed.fastq.gz" -2 "trimmed_FASTQ/KDM3AKO-RNApol2-ctrl-rep1_S396_L008_R2.trimmed.fastq.gz" --mm --add-chrname --new-summary --no-spliced-alignment | samtools view -b -) 1> "BAM/KDM3AKO-RNApol2-ctrl-rep1_S396_L008_R1.trimmed.bam" 2> "BAM/KDM3AKO-RNApol2-ctrl-rep1_S396_L008_R1.trimmed.HISAT2_stats.txt" &
Tue, 01 Jul 2025 10:18:16 +0200:	Launching: KDM3AKO-RNApol2-ctrl-rep2_S397_L007_R1.trimmed...
Tue, 01 Jul 2025 10:18:16 +0200:		(hisat2 -p 7 -x "/net/beegfs/cfg/projects/dewintherlab/genomes/HISAT2/mm10" -1 "trimmed_FASTQ/KDM3AKO-RNApol2-ctrl-rep2_S397_L007_R1.trimmed.fastq.gz" -2 "trimmed_FASTQ/KDM3AKO-RNApol2-ctrl-rep2_S397_L007_R2.trimmed.fastq.gz" --mm --add-chrname --new-summary --no-spliced-alignment | samtools view -b -) 1> "BAM/KDM3AKO-RNApol2-ctrl-rep2_S397_L007_R1.trimmed.bam" 2> "BAM/KDM3AKO-RNApol2-ctrl-rep2_S397_L007_R1.trimmed.HISAT2_stats.txt" &
Tue, 01 Jul 2025 10:18:16 +0200:	Launching: KDM3AKO-RNApol2-ctrl-rep2_S397_L008_R1.trimmed...
Tue, 01 Jul 2025 10:18:16 +0200:		(hisat2 -p 7 -x "/net/beegfs/cfg/projects/dewintherlab/genomes/HISAT2/mm10" -1 "trimmed_FASTQ/KDM3AKO-RNApol2-ctrl-rep2_S397_L008_R1.trimmed.fastq.gz" -2 "trimmed_FASTQ/KDM3AKO-RNApol2-ctrl-rep2_S397_L008_R2.trimmed.fastq.gz" --mm --add-chrname --new-summary --no-spliced-alignment | samtools view -b -) 1> "BAM/KDM3AKO-RNApol2-ctrl-rep2_S397_L008_R1.trimmed.bam" 2> "BAM/KDM3AKO-RNApol2-ctrl-rep2_S397_L008_R1.trimmed.HISAT2_stats.txt" &
Tue, 01 Jul 2025 10:18:16 +0200:	Launching: KDM3AWT-RNApol2-3hLPS-rep1_S398_L007_R1.trimmed...
Tue, 01 Jul 2025 10:18:16 +0200:		(hisat2 -p 7 -x "/net/beegfs/cfg/projects/dewintherlab/genomes/HISAT2/mm10" -1 "trimmed_FASTQ/KDM3AWT-RNApol2-3hLPS-rep1_S398_L007_R1.trimmed.fastq.gz" -2 "trimmed_FASTQ/KDM3AWT-RNApol2-3hLPS-rep1_S398_L007_R2.trimmed.fastq.gz" --mm --add-chrname --new-summary --no-spliced-alignment | samtools view -b -) 1> "BAM/KDM3AWT-RNApol2-3hLPS-rep1_S398_L007_R1.trimmed.bam" 2> "BAM/KDM3AWT-RNApol2-3hLPS-rep1_S398_L007_R1.trimmed.HISAT2_stats.txt" &
Tue, 01 Jul 2025 10:18:16 +0200:	Launching: KDM3AWT-RNApol2-3hLPS-rep1_S398_L008_R1.trimmed...
Tue, 01 Jul 2025 10:18:16 +0200:		(hisat2 -p 7 -x "/net/beegfs/cfg/projects/dewintherlab/genomes/HISAT2/mm10" -1 "trimmed_FASTQ/KDM3AWT-RNApol2-3hLPS-rep1_S398_L008_R1.trimmed.fastq.gz" -2 "trimmed_FASTQ/KDM3AWT-RNApol2-3hLPS-rep1_S398_L008_R2.trimmed.fastq.gz" --mm --add-chrname --new-summary --no-spliced-alignment | samtools view -b -) 1> "BAM/KDM3AWT-RNApol2-3hLPS-rep1_S398_L008_R1.trimmed.bam" 2> "BAM/KDM3AWT-RNApol2-3hLPS-rep1_S398_L008_R1.trimmed.HISAT2_stats.txt" &
Tue, 01 Jul 2025 10:18:16 +0200:	Launching: KDM3AWT-RNApol2-3hLPS-rep2_S399_L007_R1.trimmed...
Tue, 01 Jul 2025 10:18:16 +0200:		(hisat2 -p 7 -x "/net/beegfs/cfg/projects/dewintherlab/genomes/HISAT2/mm10" -1 "trimmed_FASTQ/KDM3AWT-RNApol2-3hLPS-rep2_S399_L007_R1.trimmed.fastq.gz" -2 "trimmed_FASTQ/KDM3AWT-RNApol2-3hLPS-rep2_S399_L007_R2.trimmed.fastq.gz" --mm --add-chrname --new-summary --no-spliced-alignment | samtools view -b -) 1> "BAM/KDM3AWT-RNApol2-3hLPS-rep2_S399_L007_R1.trimmed.bam" 2> "BAM/KDM3AWT-RNApol2-3hLPS-rep2_S399_L007_R1.trimmed.HISAT2_stats.txt" &
Tue, 01 Jul 2025 10:18:16 +0200:	Launching: KDM3AWT-RNApol2-3hLPS-rep2_S399_L008_R1.trimmed...
Tue, 01 Jul 2025 10:18:16 +0200:		(hisat2 -p 7 -x "/net/beegfs/cfg/projects/dewintherlab/genomes/HISAT2/mm10" -1 "trimmed_FASTQ/KDM3AWT-RNApol2-3hLPS-rep2_S399_L008_R1.trimmed.fastq.gz" -2 "trimmed_FASTQ/KDM3AWT-RNApol2-3hLPS-rep2_S399_L008_R2.trimmed.fastq.gz" --mm --add-chrname --new-summary --no-spliced-alignment | samtools view -b -) 1> "BAM/KDM3AWT-RNApol2-3hLPS-rep2_S399_L008_R1.trimmed.bam" 2> "BAM/KDM3AWT-RNApol2-3hLPS-rep2_S399_L008_R1.trimmed.HISAT2_stats.txt" &
Tue, 01 Jul 2025 10:18:16 +0200:	Launching: KDM3AWT-RNApol2-ctrl-rep1_S394_L007_R1.trimmed...
Tue, 01 Jul 2025 10:18:16 +0200:		(hisat2 -p 7 -x "/net/beegfs/cfg/projects/dewintherlab/genomes/HISAT2/mm10" -1 "trimmed_FASTQ/KDM3AWT-RNApol2-ctrl-rep1_S394_L007_R1.trimmed.fastq.gz" -2 "trimmed_FASTQ/KDM3AWT-RNApol2-ctrl-rep1_S394_L007_R2.trimmed.fastq.gz" --mm --add-chrname --new-summary --no-spliced-alignment | samtools view -b -) 1> "BAM/KDM3AWT-RNApol2-ctrl-rep1_S394_L007_R1.trimmed.bam" 2> "BAM/KDM3AWT-RNApol2-ctrl-rep1_S394_L007_R1.trimmed.HISAT2_stats.txt" &
Tue, 01 Jul 2025 10:18:16 +0200:	Launching: KDM3AWT-RNApol2-ctrl-rep1_S394_L008_R1.trimmed...
Tue, 01 Jul 2025 10:18:16 +0200:		(hisat2 -p 7 -x "/net/beegfs/cfg/projects/dewintherlab/genomes/HISAT2/mm10" -1 "trimmed_FASTQ/KDM3AWT-RNApol2-ctrl-rep1_S394_L008_R1.trimmed.fastq.gz" -2 "trimmed_FASTQ/KDM3AWT-RNApol2-ctrl-rep1_S394_L008_R2.trimmed.fastq.gz" --mm --add-chrname --new-summary --no-spliced-alignment | samtools view -b -) 1> "BAM/KDM3AWT-RNApol2-ctrl-rep1_S394_L008_R1.trimmed.bam" 2> "BAM/KDM3AWT-RNApol2-ctrl-rep1_S394_L008_R1.trimmed.HISAT2_stats.txt" &
Tue, 01 Jul 2025 10:18:16 +0200:	Launching: KDM3AWT-RNApol2-ctrl-rep2_S395_L007_R1.trimmed...
Tue, 01 Jul 2025 10:18:16 +0200:		(hisat2 -p 7 -x "/net/beegfs/cfg/projects/dewintherlab/genomes/HISAT2/mm10" -1 "trimmed_FASTQ/KDM3AWT-RNApol2-ctrl-rep2_S395_L007_R1.trimmed.fastq.gz" -2 "trimmed_FASTQ/KDM3AWT-RNApol2-ctrl-rep2_S395_L007_R2.trimmed.fastq.gz" --mm --add-chrname --new-summary --no-spliced-alignment | samtools view -b -) 1> "BAM/KDM3AWT-RNApol2-ctrl-rep2_S395_L007_R1.trimmed.bam" 2> "BAM/KDM3AWT-RNApol2-ctrl-rep2_S395_L007_R1.trimmed.HISAT2_stats.txt" &
Tue, 01 Jul 2025 10:18:16 +0200:	Launching: KDM3AWT-RNApol2-ctrl-rep2_S395_L008_R1.trimmed...
Tue, 01 Jul 2025 10:18:16 +0200:		(hisat2 -p 7 -x "/net/beegfs/cfg/projects/dewintherlab/genomes/HISAT2/mm10" -1 "trimmed_FASTQ/KDM3AWT-RNApol2-ctrl-rep2_S395_L008_R1.trimmed.fastq.gz" -2 "trimmed_FASTQ/KDM3AWT-RNApol2-ctrl-rep2_S395_L008_R2.trimmed.fastq.gz" --mm --add-chrname --new-summary --no-spliced-alignment | samtools view -b -) 1> "BAM/KDM3AWT-RNApol2-ctrl-rep2_S395_L008_R1.trimmed.bam" 2> "BAM/KDM3AWT-RNApol2-ctrl-rep2_S395_L008_R1.trimmed.HISAT2_stats.txt" &
Tue, 01 Jul 2025 10:18:16 +0200:	Waiting for HISAT2 to complete...

RUN DURATION
Tue, 01 Jul 2025 10:24:26 +0200:	Last step took: 6 minutes...
Tue, 01 Jul 2025 10:24:26 +0200:	Time elapsed so far: 13 minutes...

EXECUTING STEP 4
Tue, 01 Jul 2025 10:24:26 +0200:	Merging lanes...
Tue, 01 Jul 2025 10:24:26 +0200:	Input folder:  BAM
Tue, 01 Jul 2025 10:24:26 +0200:	Output folder: BAM
Tue, 01 Jul 2025 10:24:26 +0200:	SAMtools Version: samtools 1.17
Using htslib 1.17
Tue, 01 Jul 2025 10:24:28 +0200:	Samples with lane IDs (_L00x) detected:
Tue, 01 Jul 2025 10:24:28 +0200:	KDM3AKO-RNApol2-3hLPS-rep1_S400 KDM3AKO-RNApol2-3hLPS-rep2_S401 KDM3AKO-RNApol2-ctrl-rep1_S396 KDM3AKO-RNApol2-ctrl-rep2_S397 KDM3AWT-RNApol2-3hLPS-rep1_S398 KDM3AWT-RNApol2-3hLPS-rep2_S399 KDM3AWT-RNApol2-ctrl-rep1_S394 KDM3AWT-RNApol2-ctrl-rep2_S395
Tue, 01 Jul 2025 10:24:28 +0200:	Merging KDM3AKO-RNApol2-3hLPS-rep1_S400 lanes...
Tue, 01 Jul 2025 10:24:28 +0200:		samtools merge -@ 15 -o "BAM"/KDM3AKO-RNApol2-3hLPS-rep1_S400.bam BAM/KDM3AKO-RNApol2-3hLPS-rep1_S400_L007_R1.trimmed.bam
BAM/KDM3AKO-RNApol2-3hLPS-rep1_S400_L008_R1.trimmed.bam &
Tue, 01 Jul 2025 10:24:28 +0200:	Merging KDM3AKO-RNApol2-3hLPS-rep2_S401 lanes...
Tue, 01 Jul 2025 10:24:28 +0200:		samtools merge -@ 15 -o "BAM"/KDM3AKO-RNApol2-3hLPS-rep2_S401.bam BAM/KDM3AKO-RNApol2-3hLPS-rep2_S401_L007_R1.trimmed.bam
BAM/KDM3AKO-RNApol2-3hLPS-rep2_S401_L008_R1.trimmed.bam &
Tue, 01 Jul 2025 10:24:28 +0200:	Merging KDM3AKO-RNApol2-ctrl-rep1_S396 lanes...
Tue, 01 Jul 2025 10:24:28 +0200:		samtools merge -@ 15 -o "BAM"/KDM3AKO-RNApol2-ctrl-rep1_S396.bam BAM/KDM3AKO-RNApol2-ctrl-rep1_S396_L007_R1.trimmed.bam
BAM/KDM3AKO-RNApol2-ctrl-rep1_S396_L008_R1.trimmed.bam &
Tue, 01 Jul 2025 10:24:28 +0200:	Merging KDM3AKO-RNApol2-ctrl-rep2_S397 lanes...
Tue, 01 Jul 2025 10:24:28 +0200:		samtools merge -@ 15 -o "BAM"/KDM3AKO-RNApol2-ctrl-rep2_S397.bam BAM/KDM3AKO-RNApol2-ctrl-rep2_S397_L007_R1.trimmed.bam
BAM/KDM3AKO-RNApol2-ctrl-rep2_S397_L008_R1.trimmed.bam &
Tue, 01 Jul 2025 10:24:28 +0200:	Merging KDM3AWT-RNApol2-3hLPS-rep1_S398 lanes...
Tue, 01 Jul 2025 10:24:28 +0200:		samtools merge -@ 15 -o "BAM"/KDM3AWT-RNApol2-3hLPS-rep1_S398.bam BAM/KDM3AWT-RNApol2-3hLPS-rep1_S398_L007_R1.trimmed.bam
BAM/KDM3AWT-RNApol2-3hLPS-rep1_S398_L008_R1.trimmed.bam &
Tue, 01 Jul 2025 10:24:28 +0200:	Merging KDM3AWT-RNApol2-3hLPS-rep2_S399 lanes...
Tue, 01 Jul 2025 10:24:28 +0200:		samtools merge -@ 15 -o "BAM"/KDM3AWT-RNApol2-3hLPS-rep2_S399.bam BAM/KDM3AWT-RNApol2-3hLPS-rep2_S399_L007_R1.trimmed.bam
BAM/KDM3AWT-RNApol2-3hLPS-rep2_S399_L008_R1.trimmed.bam &
Tue, 01 Jul 2025 10:24:28 +0200:	Merging KDM3AWT-RNApol2-ctrl-rep1_S394 lanes...
Tue, 01 Jul 2025 10:24:28 +0200:		samtools merge -@ 15 -o "BAM"/KDM3AWT-RNApol2-ctrl-rep1_S394.bam BAM/KDM3AWT-RNApol2-ctrl-rep1_S394_L007_R1.trimmed.bam
BAM/KDM3AWT-RNApol2-ctrl-rep1_S394_L008_R1.trimmed.bam &
Tue, 01 Jul 2025 10:24:28 +0200:	Merging KDM3AWT-RNApol2-ctrl-rep2_S395 lanes...
Tue, 01 Jul 2025 10:24:28 +0200:		samtools merge -@ 15 -o "BAM"/KDM3AWT-RNApol2-ctrl-rep2_S395.bam BAM/KDM3AWT-RNApol2-ctrl-rep2_S395_L007_R1.trimmed.bam
BAM/KDM3AWT-RNApol2-ctrl-rep2_S395_L008_R1.trimmed.bam &
Tue, 01 Jul 2025 10:24:28 +0200:	Waiting for samtools merge (or simple renaming) to finish...

RUN DURATION
Tue, 01 Jul 2025 10:27:01 +0200:	Last step took: 3 minutes...
Tue, 01 Jul 2025 10:27:01 +0200:	Time elapsed so far: 16 minutes...

EXECUTING STEP 5
Tue, 01 Jul 2025 10:27:01 +0200:	Touching up BAM files with samtools (collate | fixmate | sort | markdup | filter)...
Tue, 01 Jul 2025 10:27:01 +0200:	Input folder:  BAM
Tue, 01 Jul 2025 10:27:01 +0200:	Output folder: filtered_BAM
Tue, 01 Jul 2025 10:27:01 +0200:	Touching up ChIP-seq sample BAM/KDM3AKO-RNApol2-3hLPS-rep1_S400.bam (sort, remove dups, and keep MAPQ > 15)
Tue, 01 Jul 2025 10:27:01 +0200:		samtools collate -O -@ 3 BAM/KDM3AKO-RNApol2-3hLPS-rep1_S400.bam collate.KDM3AKO-RNApol2-3hLPS-rep1_S400.tmp | samtools fixmate -mu -@ 3 - - | samtools sort -u -@ 3 - | samtools markdup -ru -@ 3 - - | samtools view -@ 15 -q 15 -b -o "filtered_BAM"/KDM3AKO-RNApol2-3hLPS-rep1_S400.filtered.bam - &
Tue, 01 Jul 2025 10:27:01 +0200:	Touching up ChIP-seq sample BAM/KDM3AKO-RNApol2-3hLPS-rep2_S401.bam (sort, remove dups, and keep MAPQ > 15)
Tue, 01 Jul 2025 10:27:01 +0200:		samtools collate -O -@ 3 BAM/KDM3AKO-RNApol2-3hLPS-rep2_S401.bam collate.KDM3AKO-RNApol2-3hLPS-rep2_S401.tmp | samtools fixmate -mu -@ 3 - - | samtools sort -u -@ 3 - | samtools markdup -ru -@ 3 - - | samtools view -@ 15 -q 15 -b -o "filtered_BAM"/KDM3AKO-RNApol2-3hLPS-rep2_S401.filtered.bam - &
Tue, 01 Jul 2025 10:27:01 +0200:	Touching up ChIP-seq sample BAM/KDM3AKO-RNApol2-ctrl-rep1_S396.bam (sort, remove dups, and keep MAPQ > 15)
Tue, 01 Jul 2025 10:27:01 +0200:		samtools collate -O -@ 3 BAM/KDM3AKO-RNApol2-ctrl-rep1_S396.bam collate.KDM3AKO-RNApol2-ctrl-rep1_S396.tmp | samtools fixmate -mu -@ 3 - - | samtools sort -u -@ 3 - | samtools markdup -ru -@ 3 - - | samtools view -@ 15 -q 15 -b -o "filtered_BAM"/KDM3AKO-RNApol2-ctrl-rep1_S396.filtered.bam - &
Tue, 01 Jul 2025 10:27:01 +0200:	Touching up ChIP-seq sample BAM/KDM3AKO-RNApol2-ctrl-rep2_S397.bam (sort, remove dups, and keep MAPQ > 15)
Tue, 01 Jul 2025 10:27:01 +0200:		samtools collate -O -@ 3 BAM/KDM3AKO-RNApol2-ctrl-rep2_S397.bam collate.KDM3AKO-RNApol2-ctrl-rep2_S397.tmp | samtools fixmate -mu -@ 3 - - | samtools sort -u -@ 3 - | samtools markdup -ru -@ 3 - - | samtools view -@ 15 -q 15 -b -o "filtered_BAM"/KDM3AKO-RNApol2-ctrl-rep2_S397.filtered.bam - &
Tue, 01 Jul 2025 10:27:01 +0200:	Touching up ChIP-seq sample BAM/KDM3AWT-RNApol2-3hLPS-rep1_S398.bam (sort, remove dups, and keep MAPQ > 15)
Tue, 01 Jul 2025 10:27:01 +0200:		samtools collate -O -@ 3 BAM/KDM3AWT-RNApol2-3hLPS-rep1_S398.bam collate.KDM3AWT-RNApol2-3hLPS-rep1_S398.tmp | samtools fixmate -mu -@ 3 - - | samtools sort -u -@ 3 - | samtools markdup -ru -@ 3 - - | samtools view -@ 15 -q 15 -b -o "filtered_BAM"/KDM3AWT-RNApol2-3hLPS-rep1_S398.filtered.bam - &
Tue, 01 Jul 2025 10:27:01 +0200:	Touching up ChIP-seq sample BAM/KDM3AWT-RNApol2-3hLPS-rep2_S399.bam (sort, remove dups, and keep MAPQ > 15)
Tue, 01 Jul 2025 10:27:01 +0200:		samtools collate -O -@ 3 BAM/KDM3AWT-RNApol2-3hLPS-rep2_S399.bam collate.KDM3AWT-RNApol2-3hLPS-rep2_S399.tmp | samtools fixmate -mu -@ 3 - - | samtools sort -u -@ 3 - | samtools markdup -ru -@ 3 - - | samtools view -@ 15 -q 15 -b -o "filtered_BAM"/KDM3AWT-RNApol2-3hLPS-rep2_S399.filtered.bam - &
Tue, 01 Jul 2025 10:27:01 +0200:	Touching up ChIP-seq sample BAM/KDM3AWT-RNApol2-ctrl-rep1_S394.bam (sort, remove dups, and keep MAPQ > 15)
Tue, 01 Jul 2025 10:27:01 +0200:		samtools collate -O -@ 3 BAM/KDM3AWT-RNApol2-ctrl-rep1_S394.bam collate.KDM3AWT-RNApol2-ctrl-rep1_S394.tmp | samtools fixmate -mu -@ 3 - - | samtools sort -u -@ 3 - | samtools markdup -ru -@ 3 - - | samtools view -@ 15 -q 15 -b -o "filtered_BAM"/KDM3AWT-RNApol2-ctrl-rep1_S394.filtered.bam - &
Tue, 01 Jul 2025 10:27:01 +0200:	Touching up ChIP-seq sample BAM/KDM3AWT-RNApol2-ctrl-rep2_S395.bam (sort, remove dups, and keep MAPQ > 15)
Tue, 01 Jul 2025 10:27:01 +0200:		samtools collate -O -@ 3 BAM/KDM3AWT-RNApol2-ctrl-rep2_S395.bam collate.KDM3AWT-RNApol2-ctrl-rep2_S395.tmp | samtools fixmate -mu -@ 3 - - | samtools sort -u -@ 3 - | samtools markdup -ru -@ 3 - - | samtools view -@ 15 -q 15 -b -o "filtered_BAM"/KDM3AWT-RNApol2-ctrl-rep2_S395.filtered.bam - &
Tue, 01 Jul 2025 10:27:01 +0200:	Waiting for samtools chain to complete...

RUN DURATION
Tue, 01 Jul 2025 10:37:44 +0200:	Last step took: 11 minutes...
Tue, 01 Jul 2025 10:37:44 +0200:	Time elapsed so far: 27 minutes...

EXECUTING STEP 6
Tue, 01 Jul 2025 10:37:44 +0200:	Indexing BAM files...
Tue, 01 Jul 2025 10:37:44 +0200:	Input folder:  filtered_BAM
Tue, 01 Jul 2025 10:37:44 +0200:	Output folder: filtered_BAM
Tue, 01 Jul 2025 10:37:44 +0200:	Indexing filtered_BAM/KDM3AKO-RNApol2-3hLPS-rep1_S400.filtered.bam
Tue, 01 Jul 2025 10:37:44 +0200:		samtools index -@ 15 filtered_BAM/KDM3AKO-RNApol2-3hLPS-rep1_S400.filtered.bam &
Tue, 01 Jul 2025 10:37:44 +0200:	Indexing filtered_BAM/KDM3AKO-RNApol2-3hLPS-rep2_S401.filtered.bam
Tue, 01 Jul 2025 10:37:44 +0200:		samtools index -@ 15 filtered_BAM/KDM3AKO-RNApol2-3hLPS-rep2_S401.filtered.bam &
Tue, 01 Jul 2025 10:37:44 +0200:	Indexing filtered_BAM/KDM3AKO-RNApol2-ctrl-rep1_S396.filtered.bam
Tue, 01 Jul 2025 10:37:44 +0200:		samtools index -@ 15 filtered_BAM/KDM3AKO-RNApol2-ctrl-rep1_S396.filtered.bam &
Tue, 01 Jul 2025 10:37:44 +0200:	Indexing filtered_BAM/KDM3AKO-RNApol2-ctrl-rep2_S397.filtered.bam
Tue, 01 Jul 2025 10:37:44 +0200:		samtools index -@ 15 filtered_BAM/KDM3AKO-RNApol2-ctrl-rep2_S397.filtered.bam &
Tue, 01 Jul 2025 10:37:44 +0200:	Indexing filtered_BAM/KDM3AWT-RNApol2-3hLPS-rep1_S398.filtered.bam
Tue, 01 Jul 2025 10:37:44 +0200:		samtools index -@ 15 filtered_BAM/KDM3AWT-RNApol2-3hLPS-rep1_S398.filtered.bam &
Tue, 01 Jul 2025 10:37:44 +0200:	Indexing filtered_BAM/KDM3AWT-RNApol2-3hLPS-rep2_S399.filtered.bam
Tue, 01 Jul 2025 10:37:44 +0200:		samtools index -@ 15 filtered_BAM/KDM3AWT-RNApol2-3hLPS-rep2_S399.filtered.bam &
Tue, 01 Jul 2025 10:37:44 +0200:	Indexing filtered_BAM/KDM3AWT-RNApol2-ctrl-rep1_S394.filtered.bam
Tue, 01 Jul 2025 10:37:44 +0200:		samtools index -@ 15 filtered_BAM/KDM3AWT-RNApol2-ctrl-rep1_S394.filtered.bam &
Tue, 01 Jul 2025 10:37:44 +0200:	Indexing filtered_BAM/KDM3AWT-RNApol2-ctrl-rep2_S395.filtered.bam
Tue, 01 Jul 2025 10:37:44 +0200:		samtools index -@ 15 filtered_BAM/KDM3AWT-RNApol2-ctrl-rep2_S395.filtered.bam &
Tue, 01 Jul 2025 10:37:44 +0200:	Waiting for samtools index to complete...

RUN DURATION
Tue, 01 Jul 2025 10:37:51 +0200:	Last step took: 0 minutes...
Tue, 01 Jul 2025 10:37:51 +0200:	Time elapsed so far: 27 minutes...

EXECUTING STEP 7
Tue, 01 Jul 2025 10:37:51 +0200:	Getting BAM file stats...
Tue, 01 Jul 2025 10:37:51 +0200:	Input folder:  filtered_BAM
Tue, 01 Jul 2025 10:37:51 +0200:	Output folder: filtered_BAM
Tue, 01 Jul 2025 10:37:51 +0200:	
bamtools 2.5.2
Part of BamTools API and toolkit
Primary authors: Derek Barnett, Erik Garrison, Michael Stromberg
(c) 2009-2012 Marth Lab, Biology Dept., Boston College
Tue, 01 Jul 2025 10:37:51 +0200:	Generating stats for filtered_BAM/KDM3AKO-RNApol2-3hLPS-rep1_S400.filtered.bam
Tue, 01 Jul 2025 10:37:51 +0200:		bamtools stats -in filtered_BAM/KDM3AKO-RNApol2-3hLPS-rep1_S400.filtered.bam > "filtered_BAM"/KDM3AKO-RNApol2-3hLPS-rep1_S400.filtered.bam.stats.txt &
Tue, 01 Jul 2025 10:37:51 +0200:	Generating stats for filtered_BAM/KDM3AKO-RNApol2-3hLPS-rep2_S401.filtered.bam
Tue, 01 Jul 2025 10:37:51 +0200:		bamtools stats -in filtered_BAM/KDM3AKO-RNApol2-3hLPS-rep2_S401.filtered.bam > "filtered_BAM"/KDM3AKO-RNApol2-3hLPS-rep2_S401.filtered.bam.stats.txt &
Tue, 01 Jul 2025 10:37:51 +0200:	Generating stats for filtered_BAM/KDM3AKO-RNApol2-ctrl-rep1_S396.filtered.bam
Tue, 01 Jul 2025 10:37:51 +0200:		bamtools stats -in filtered_BAM/KDM3AKO-RNApol2-ctrl-rep1_S396.filtered.bam > "filtered_BAM"/KDM3AKO-RNApol2-ctrl-rep1_S396.filtered.bam.stats.txt &
Tue, 01 Jul 2025 10:37:51 +0200:	Generating stats for filtered_BAM/KDM3AKO-RNApol2-ctrl-rep2_S397.filtered.bam
Tue, 01 Jul 2025 10:37:51 +0200:		bamtools stats -in filtered_BAM/KDM3AKO-RNApol2-ctrl-rep2_S397.filtered.bam > "filtered_BAM"/KDM3AKO-RNApol2-ctrl-rep2_S397.filtered.bam.stats.txt &
Tue, 01 Jul 2025 10:37:51 +0200:	Generating stats for filtered_BAM/KDM3AWT-RNApol2-3hLPS-rep1_S398.filtered.bam
Tue, 01 Jul 2025 10:37:51 +0200:		bamtools stats -in filtered_BAM/KDM3AWT-RNApol2-3hLPS-rep1_S398.filtered.bam > "filtered_BAM"/KDM3AWT-RNApol2-3hLPS-rep1_S398.filtered.bam.stats.txt &
Tue, 01 Jul 2025 10:37:51 +0200:	Generating stats for filtered_BAM/KDM3AWT-RNApol2-3hLPS-rep2_S399.filtered.bam
Tue, 01 Jul 2025 10:37:51 +0200:		bamtools stats -in filtered_BAM/KDM3AWT-RNApol2-3hLPS-rep2_S399.filtered.bam > "filtered_BAM"/KDM3AWT-RNApol2-3hLPS-rep2_S399.filtered.bam.stats.txt &
Tue, 01 Jul 2025 10:37:51 +0200:	Generating stats for filtered_BAM/KDM3AWT-RNApol2-ctrl-rep1_S394.filtered.bam
Tue, 01 Jul 2025 10:37:51 +0200:		bamtools stats -in filtered_BAM/KDM3AWT-RNApol2-ctrl-rep1_S394.filtered.bam > "filtered_BAM"/KDM3AWT-RNApol2-ctrl-rep1_S394.filtered.bam.stats.txt &
Tue, 01 Jul 2025 10:37:51 +0200:	Generating stats for filtered_BAM/KDM3AWT-RNApol2-ctrl-rep2_S395.filtered.bam
Tue, 01 Jul 2025 10:37:51 +0200:		bamtools stats -in filtered_BAM/KDM3AWT-RNApol2-ctrl-rep2_S395.filtered.bam > "filtered_BAM"/KDM3AWT-RNApol2-ctrl-rep2_S395.filtered.bam.stats.txt &
Tue, 01 Jul 2025 10:37:51 +0200:	Waiting for bamtools stats to complete...

RUN DURATION
Tue, 01 Jul 2025 10:38:19 +0200:	Last step took: 0 minutes...
Tue, 01 Jul 2025 10:38:19 +0200:	Time elapsed so far: 27 minutes...

EXECUTING STEP 8
Tue, 01 Jul 2025 10:38:19 +0200:	Creating HOMER tag directories...
Tue, 01 Jul 2025 10:38:19 +0200:	Input folder:  filtered_BAM
Tue, 01 Jul 2025 10:38:19 +0200:	Output folder: HOMER_tagDirs
Tue, 01 Jul 2025 10:38:20 +0200:	v4.11.1	homer	v5.1	Code/Executables, ontologies, motifs for HOMER
Tue, 01 Jul 2025 10:38:20 +0200:	Running makeTagDirectory on filtered_BAM/KDM3AKO-RNApol2-3hLPS-rep1_S400.filtered.bam
Tue, 01 Jul 2025 10:38:20 +0200:		makeTagDirectory "HOMER_tagDirs"/KDM3AKO-RNApol2-3hLPS-rep1_S400.filtered.HOMER_tagDir filtered_BAM/KDM3AKO-RNApol2-3hLPS-rep1_S400.filtered.bam -genome mm10 -single &
Tue, 01 Jul 2025 10:38:20 +0200:	Running makeTagDirectory on filtered_BAM/KDM3AKO-RNApol2-3hLPS-rep2_S401.filtered.bam
Tue, 01 Jul 2025 10:38:20 +0200:		makeTagDirectory "HOMER_tagDirs"/KDM3AKO-RNApol2-3hLPS-rep2_S401.filtered.HOMER_tagDir filtered_BAM/KDM3AKO-RNApol2-3hLPS-rep2_S401.filtered.bam -genome mm10 -single &
Tue, 01 Jul 2025 10:38:20 +0200:	Running makeTagDirectory on filtered_BAM/KDM3AKO-RNApol2-ctrl-rep1_S396.filtered.bam
Tue, 01 Jul 2025 10:38:20 +0200:		makeTagDirectory "HOMER_tagDirs"/KDM3AKO-RNApol2-ctrl-rep1_S396.filtered.HOMER_tagDir filtered_BAM/KDM3AKO-RNApol2-ctrl-rep1_S396.filtered.bam -genome mm10 -single &
Tue, 01 Jul 2025 10:38:20 +0200:	Running makeTagDirectory on filtered_BAM/KDM3AKO-RNApol2-ctrl-rep2_S397.filtered.bam
Tue, 01 Jul 2025 10:38:20 +0200:		makeTagDirectory "HOMER_tagDirs"/KDM3AKO-RNApol2-ctrl-rep2_S397.filtered.HOMER_tagDir filtered_BAM/KDM3AKO-RNApol2-ctrl-rep2_S397.filtered.bam -genome mm10 -single &
Tue, 01 Jul 2025 10:38:20 +0200:	Running makeTagDirectory on filtered_BAM/KDM3AWT-RNApol2-3hLPS-rep1_S398.filtered.bam
Tue, 01 Jul 2025 10:38:20 +0200:		makeTagDirectory "HOMER_tagDirs"/KDM3AWT-RNApol2-3hLPS-rep1_S398.filtered.HOMER_tagDir filtered_BAM/KDM3AWT-RNApol2-3hLPS-rep1_S398.filtered.bam -genome mm10 -single &
Tue, 01 Jul 2025 10:38:20 +0200:	Running makeTagDirectory on filtered_BAM/KDM3AWT-RNApol2-3hLPS-rep2_S399.filtered.bam
Tue, 01 Jul 2025 10:38:20 +0200:		makeTagDirectory "HOMER_tagDirs"/KDM3AWT-RNApol2-3hLPS-rep2_S399.filtered.HOMER_tagDir filtered_BAM/KDM3AWT-RNApol2-3hLPS-rep2_S399.filtered.bam -genome mm10 -single &
Tue, 01 Jul 2025 10:38:20 +0200:	Running makeTagDirectory on filtered_BAM/KDM3AWT-RNApol2-ctrl-rep1_S394.filtered.bam
Tue, 01 Jul 2025 10:38:20 +0200:		makeTagDirectory "HOMER_tagDirs"/KDM3AWT-RNApol2-ctrl-rep1_S394.filtered.HOMER_tagDir filtered_BAM/KDM3AWT-RNApol2-ctrl-rep1_S394.filtered.bam -genome mm10 -single &
Tue, 01 Jul 2025 10:38:20 +0200:	Running makeTagDirectory on filtered_BAM/KDM3AWT-RNApol2-ctrl-rep2_S395.filtered.bam
Tue, 01 Jul 2025 10:38:20 +0200:		makeTagDirectory "HOMER_tagDirs"/KDM3AWT-RNApol2-ctrl-rep2_S395.filtered.HOMER_tagDir filtered_BAM/KDM3AWT-RNApol2-ctrl-rep2_S395.filtered.bam -genome mm10 -single &
Tue, 01 Jul 2025 10:38:20 +0200:	Waiting for makeTagDir to complete...

RUN DURATION
Tue, 01 Jul 2025 10:45:40 +0200:	Last step took: 7 minutes...
Tue, 01 Jul 2025 10:45:40 +0200:	Time elapsed so far: 34 minutes...

EXECUTING STEP 9
Tue, 01 Jul 2025 10:45:40 +0200:	Creating Wiggles and TrackHubs...
Tue, 01 Jul 2025 10:45:40 +0200:	Input folder:  HOMER_tagDirs
Tue, 01 Jul 2025 10:45:40 +0200:	Output folder: BigWigs
Tue, 01 Jul 2025 10:45:40 +0200:	v4.11.1	homer	v5.1	Code/Executables, ontologies, motifs for HOMER
Tue, 01 Jul 2025 10:45:40 +0200:	Creating bigwig from HOMER_tagDirs/KDM3AKO-RNApol2-3hLPS-rep1_S400.filtered.HOMER_tagDir
Tue, 01 Jul 2025 10:45:40 +0200:		makeUCSCfile HOMER_tagDirs/KDM3AKO-RNApol2-3hLPS-rep1_S400.filtered.HOMER_tagDir -fsize 1e8 > BigWigs/KDM3AKO-RNApol2-3hLPS-rep1_S400.filtered.bw &
Tue, 01 Jul 2025 10:45:40 +0200:	Creating bigwig from HOMER_tagDirs/KDM3AKO-RNApol2-3hLPS-rep2_S401.filtered.HOMER_tagDir
Tue, 01 Jul 2025 10:45:40 +0200:		makeUCSCfile HOMER_tagDirs/KDM3AKO-RNApol2-3hLPS-rep2_S401.filtered.HOMER_tagDir -fsize 1e8 > BigWigs/KDM3AKO-RNApol2-3hLPS-rep2_S401.filtered.bw &
Tue, 01 Jul 2025 10:45:40 +0200:	Creating bigwig from HOMER_tagDirs/KDM3AKO-RNApol2-ctrl-rep1_S396.filtered.HOMER_tagDir
Tue, 01 Jul 2025 10:45:40 +0200:		makeUCSCfile HOMER_tagDirs/KDM3AKO-RNApol2-ctrl-rep1_S396.filtered.HOMER_tagDir -fsize 1e8 > BigWigs/KDM3AKO-RNApol2-ctrl-rep1_S396.filtered.bw &
Tue, 01 Jul 2025 10:45:40 +0200:	Creating bigwig from HOMER_tagDirs/KDM3AKO-RNApol2-ctrl-rep2_S397.filtered.HOMER_tagDir
Tue, 01 Jul 2025 10:45:40 +0200:		makeUCSCfile HOMER_tagDirs/KDM3AKO-RNApol2-ctrl-rep2_S397.filtered.HOMER_tagDir -fsize 1e8 > BigWigs/KDM3AKO-RNApol2-ctrl-rep2_S397.filtered.bw &
Tue, 01 Jul 2025 10:45:40 +0200:	Creating bigwig from HOMER_tagDirs/KDM3AWT-RNApol2-3hLPS-rep1_S398.filtered.HOMER_tagDir
Tue, 01 Jul 2025 10:45:40 +0200:		makeUCSCfile HOMER_tagDirs/KDM3AWT-RNApol2-3hLPS-rep1_S398.filtered.HOMER_tagDir -fsize 1e8 > BigWigs/KDM3AWT-RNApol2-3hLPS-rep1_S398.filtered.bw &
Tue, 01 Jul 2025 10:45:40 +0200:	Creating bigwig from HOMER_tagDirs/KDM3AWT-RNApol2-3hLPS-rep2_S399.filtered.HOMER_tagDir
Tue, 01 Jul 2025 10:45:40 +0200:		makeUCSCfile HOMER_tagDirs/KDM3AWT-RNApol2-3hLPS-rep2_S399.filtered.HOMER_tagDir -fsize 1e8 > BigWigs/KDM3AWT-RNApol2-3hLPS-rep2_S399.filtered.bw &
Tue, 01 Jul 2025 10:45:40 +0200:	Creating bigwig from HOMER_tagDirs/KDM3AWT-RNApol2-ctrl-rep1_S394.filtered.HOMER_tagDir
Tue, 01 Jul 2025 10:45:40 +0200:		makeUCSCfile HOMER_tagDirs/KDM3AWT-RNApol2-ctrl-rep1_S394.filtered.HOMER_tagDir -fsize 1e8 > BigWigs/KDM3AWT-RNApol2-ctrl-rep1_S394.filtered.bw &
Tue, 01 Jul 2025 10:45:40 +0200:	Creating bigwig from HOMER_tagDirs/KDM3AWT-RNApol2-ctrl-rep2_S395.filtered.HOMER_tagDir
Tue, 01 Jul 2025 10:45:40 +0200:		makeUCSCfile HOMER_tagDirs/KDM3AWT-RNApol2-ctrl-rep2_S395.filtered.HOMER_tagDir -fsize 1e8 > BigWigs/KDM3AWT-RNApol2-ctrl-rep2_S395.filtered.bw &
Tue, 01 Jul 2025 10:45:40 +0200:	Waiting for HOMER to complete...
Tue, 01 Jul 2025 10:46:22 +0200:	Fixing bigwig BigWigs/KDM3AKO-RNApol2-3hLPS-rep1_S400.filtered.bw...
Tue, 01 Jul 2025 10:46:22 +0200:		fix_HOMER_bigwig.sh -i BigWigs/KDM3AKO-RNApol2-3hLPS-rep1_S400.filtered.bw -g mm10 &
Tue, 01 Jul 2025 10:46:22 +0200:	Fixing bigwig BigWigs/KDM3AKO-RNApol2-3hLPS-rep2_S401.filtered.bw...
Tue, 01 Jul 2025 10:46:22 +0200:		fix_HOMER_bigwig.sh -i BigWigs/KDM3AKO-RNApol2-3hLPS-rep2_S401.filtered.bw -g mm10 &
Tue, 01 Jul 2025 10:46:22 +0200:	Fixing bigwig BigWigs/KDM3AKO-RNApol2-ctrl-rep1_S396.filtered.bw...
Tue, 01 Jul 2025 10:46:22 +0200:		fix_HOMER_bigwig.sh -i BigWigs/KDM3AKO-RNApol2-ctrl-rep1_S396.filtered.bw -g mm10 &
Tue, 01 Jul 2025 10:46:22 +0200:	Fixing bigwig BigWigs/KDM3AKO-RNApol2-ctrl-rep2_S397.filtered.bw...
Tue, 01 Jul 2025 10:46:22 +0200:		fix_HOMER_bigwig.sh -i BigWigs/KDM3AKO-RNApol2-ctrl-rep2_S397.filtered.bw -g mm10 &
Tue, 01 Jul 2025 10:46:22 +0200:	Fixing bigwig BigWigs/KDM3AWT-RNApol2-3hLPS-rep1_S398.filtered.bw...
Tue, 01 Jul 2025 10:46:22 +0200:		fix_HOMER_bigwig.sh -i BigWigs/KDM3AWT-RNApol2-3hLPS-rep1_S398.filtered.bw -g mm10 &
Tue, 01 Jul 2025 10:46:22 +0200:	Fixing bigwig BigWigs/KDM3AWT-RNApol2-3hLPS-rep2_S399.filtered.bw...
Tue, 01 Jul 2025 10:46:22 +0200:		fix_HOMER_bigwig.sh -i BigWigs/KDM3AWT-RNApol2-3hLPS-rep2_S399.filtered.bw -g mm10 &
Tue, 01 Jul 2025 10:46:22 +0200:	Fixing bigwig BigWigs/KDM3AWT-RNApol2-ctrl-rep1_S394.filtered.bw...
Tue, 01 Jul 2025 10:46:22 +0200:		fix_HOMER_bigwig.sh -i BigWigs/KDM3AWT-RNApol2-ctrl-rep1_S394.filtered.bw -g mm10 &
Tue, 01 Jul 2025 10:46:22 +0200:	Fixing bigwig BigWigs/KDM3AWT-RNApol2-ctrl-rep2_S395.filtered.bw...
Tue, 01 Jul 2025 10:46:22 +0200:		fix_HOMER_bigwig.sh -i BigWigs/KDM3AWT-RNApol2-ctrl-rep2_S395.filtered.bw -g mm10 &

RUN DURATION
Tue, 01 Jul 2025 10:46:27 +0200:	Last step took: 1 minutes...
Tue, 01 Jul 2025 10:46:27 +0200:	Time elapsed so far: 35 minutes...

EXECUTING STEP 10
Tue, 01 Jul 2025 10:46:27 +0200:	Merging Wiggles and TrackHubs...
Tue, 01 Jul 2025 10:46:27 +0200:	Input folder:  BigWigs
Tue, 01 Jul 2025 10:46:27 +0200:	Output folder: merged_hubs
Tue, 01 Jul 2025 10:46:27 +0200:	Processing KDM3AKO-RNApol2-3hLPS-rep1_S400.filtered.bw...
Tue, 01 Jul 2025 10:46:27 +0200:	Processing KDM3AKO-RNApol2-3hLPS-rep2_S401.filtered.bw...
Tue, 01 Jul 2025 10:46:27 +0200:	Processing KDM3AKO-RNApol2-ctrl-rep1_S396.filtered.bw...
Tue, 01 Jul 2025 10:46:27 +0200:	Processing KDM3AKO-RNApol2-ctrl-rep2_S397.filtered.bw...
Tue, 01 Jul 2025 10:46:27 +0200:	Processing KDM3AWT-RNApol2-3hLPS-rep1_S398.filtered.bw...
Tue, 01 Jul 2025 10:46:27 +0200:	Processing KDM3AWT-RNApol2-3hLPS-rep2_S399.filtered.bw...
Tue, 01 Jul 2025 10:46:27 +0200:	Processing KDM3AWT-RNApol2-ctrl-rep1_S394.filtered.bw...
Tue, 01 Jul 2025 10:46:28 +0200:	Processing KDM3AWT-RNApol2-ctrl-rep2_S395.filtered.bw...
Tue, 01 Jul 2025 10:46:28 +0200:	Moving merged hubs from BigWigs to merged_hubs...

RUN DURATION
Tue, 01 Jul 2025 10:46:28 +0200:	Last step took: 0 minutes...
Tue, 01 Jul 2025 10:46:28 +0200:	Time elapsed so far: 35 minutes...

EXECUTING STEP 11
Tue, 01 Jul 2025 10:46:28 +0200:	Calling peaks...
Tue, 01 Jul 2025 10:46:28 +0200:	CHIP
Tue, 01 Jul 2025 10:46:33 +0200:	macs3 3.0.0b1
Tue, 01 Jul 2025 10:46:33 +0200:	v4.11.1	homer	v5.1	Code/Executables, ontologies, motifs for HOMER
Tue, 01 Jul 2025 10:46:33 +0200:	Finding ChIP enriched regions...
Tue, 01 Jul 2025 10:46:33 +0200:	Calling peaks with MACS3...
Tue, 01 Jul 2025 10:46:33 +0200:	Input folder:  filtered_BAM
Tue, 01 Jul 2025 10:46:33 +0200:	Output folder: peak_calling
Tue, 01 Jul 2025 10:46:34 +0200:	Calling peaks for: KDM3AKO-RNApol2-3hLPS-rep1...
Tue, 01 Jul 2025 10:46:34 +0200:	Files in group: filtered_BAM/KDM3AKO-RNApol2-3hLPS-rep1_S400.filtered.bam
Tue, 01 Jul 2025 10:46:34 +0200:	Calling peaks with MACS3, using p and q values 1e-6 and 1e-9...
Tue, 01 Jul 2025 10:46:34 +0200:		macs3 callpeak -t filtered_BAM/KDM3AKO-RNApol2-3hLPS-rep1_S400.filtered.bam --outdir "peak_calling" -n KDM3AKO-RNApol2-3hLPS-rep1_S400.filtered.bam.MACS3.q-9 -q 1e-9 --verbose 0 &
Tue, 01 Jul 2025 10:46:34 +0200:	Calling peaks for: KDM3AKO-RNApol2-3hLPS-rep2...
Tue, 01 Jul 2025 10:46:34 +0200:	Files in group: filtered_BAM/KDM3AKO-RNApol2-3hLPS-rep2_S401.filtered.bam
Tue, 01 Jul 2025 10:46:34 +0200:	Calling peaks with MACS3, using p and q values 1e-6 and 1e-9...
Tue, 01 Jul 2025 10:46:34 +0200:		macs3 callpeak -t filtered_BAM/KDM3AKO-RNApol2-3hLPS-rep2_S401.filtered.bam --outdir "peak_calling" -n KDM3AKO-RNApol2-3hLPS-rep2_S401.filtered.bam.MACS3.q-9 -q 1e-9 --verbose 0 &
Tue, 01 Jul 2025 10:46:34 +0200:	Calling peaks for: KDM3AKO-RNApol2-ctrl-rep1...
Tue, 01 Jul 2025 10:46:34 +0200:	Files in group: filtered_BAM/KDM3AKO-RNApol2-ctrl-rep1_S396.filtered.bam
Tue, 01 Jul 2025 10:46:34 +0200:	Calling peaks with MACS3, using p and q values 1e-6 and 1e-9...
Tue, 01 Jul 2025 10:46:34 +0200:		macs3 callpeak -t filtered_BAM/KDM3AKO-RNApol2-ctrl-rep1_S396.filtered.bam --outdir "peak_calling" -n KDM3AKO-RNApol2-ctrl-rep1_S396.filtered.bam.MACS3.q-9 -q 1e-9 --verbose 0 &
Tue, 01 Jul 2025 10:46:34 +0200:	Calling peaks for: KDM3AKO-RNApol2-ctrl-rep2...
Tue, 01 Jul 2025 10:46:34 +0200:	Files in group: filtered_BAM/KDM3AKO-RNApol2-ctrl-rep2_S397.filtered.bam
Tue, 01 Jul 2025 10:46:34 +0200:	Calling peaks with MACS3, using p and q values 1e-6 and 1e-9...
Tue, 01 Jul 2025 10:46:34 +0200:		macs3 callpeak -t filtered_BAM/KDM3AKO-RNApol2-ctrl-rep2_S397.filtered.bam --outdir "peak_calling" -n KDM3AKO-RNApol2-ctrl-rep2_S397.filtered.bam.MACS3.q-9 -q 1e-9 --verbose 0 &
Tue, 01 Jul 2025 10:46:34 +0200:	Calling peaks for: KDM3AWT-RNApol2-3hLPS-rep1...
Tue, 01 Jul 2025 10:46:34 +0200:	Files in group: filtered_BAM/KDM3AWT-RNApol2-3hLPS-rep1_S398.filtered.bam
Tue, 01 Jul 2025 10:46:34 +0200:	Calling peaks with MACS3, using p and q values 1e-6 and 1e-9...
Tue, 01 Jul 2025 10:46:34 +0200:		macs3 callpeak -t filtered_BAM/KDM3AWT-RNApol2-3hLPS-rep1_S398.filtered.bam --outdir "peak_calling" -n KDM3AWT-RNApol2-3hLPS-rep1_S398.filtered.bam.MACS3.q-9 -q 1e-9 --verbose 0 &
Tue, 01 Jul 2025 10:46:34 +0200:	Calling peaks for: KDM3AWT-RNApol2-3hLPS-rep2...
Tue, 01 Jul 2025 10:46:34 +0200:	Files in group: filtered_BAM/KDM3AWT-RNApol2-3hLPS-rep2_S399.filtered.bam
Tue, 01 Jul 2025 10:46:34 +0200:	Calling peaks with MACS3, using p and q values 1e-6 and 1e-9...
Tue, 01 Jul 2025 10:46:34 +0200:		macs3 callpeak -t filtered_BAM/KDM3AWT-RNApol2-3hLPS-rep2_S399.filtered.bam --outdir "peak_calling" -n KDM3AWT-RNApol2-3hLPS-rep2_S399.filtered.bam.MACS3.q-9 -q 1e-9 --verbose 0 &
Tue, 01 Jul 2025 10:46:34 +0200:	Calling peaks for: KDM3AWT-RNApol2-ctrl-rep1...
Tue, 01 Jul 2025 10:46:34 +0200:	Files in group: filtered_BAM/KDM3AWT-RNApol2-ctrl-rep1_S394.filtered.bam
Tue, 01 Jul 2025 10:46:34 +0200:	Calling peaks with MACS3, using p and q values 1e-6 and 1e-9...
Tue, 01 Jul 2025 10:46:34 +0200:		macs3 callpeak -t filtered_BAM/KDM3AWT-RNApol2-ctrl-rep1_S394.filtered.bam --outdir "peak_calling" -n KDM3AWT-RNApol2-ctrl-rep1_S394.filtered.bam.MACS3.q-9 -q 1e-9 --verbose 0 &
Tue, 01 Jul 2025 10:46:34 +0200:	Calling peaks for: KDM3AWT-RNApol2-ctrl-rep2...
Tue, 01 Jul 2025 10:46:34 +0200:	Files in group: filtered_BAM/KDM3AWT-RNApol2-ctrl-rep2_S395.filtered.bam
Tue, 01 Jul 2025 10:46:34 +0200:	Calling peaks with MACS3, using p and q values 1e-6 and 1e-9...
Tue, 01 Jul 2025 10:46:34 +0200:		macs3 callpeak -t filtered_BAM/KDM3AWT-RNApol2-ctrl-rep2_S395.filtered.bam --outdir "peak_calling" -n KDM3AWT-RNApol2-ctrl-rep2_S395.filtered.bam.MACS3.q-9 -q 1e-9 --verbose 0 &
Tue, 01 Jul 2025 10:46:34 +0200:	Waiting for MACS to finish peakcalling...
Tue, 01 Jul 2025 10:48:53 +0200:	KDM3AKO-RNApol2-3hLPS-rep1_S400.filtered.bam
Tue, 01 Jul 2025 10:48:53 +0200:	KDM3AKO-RNApol2-3hLPS-rep2_S401.filtered.bam
Tue, 01 Jul 2025 10:48:53 +0200:	KDM3AKO-RNApol2-ctrl-rep1_S396.filtered.bam
Tue, 01 Jul 2025 10:48:53 +0200:	KDM3AKO-RNApol2-ctrl-rep2_S397.filtered.bam
Tue, 01 Jul 2025 10:48:53 +0200:	KDM3AWT-RNApol2-3hLPS-rep1_S398.filtered.bam
Tue, 01 Jul 2025 10:48:53 +0200:	KDM3AWT-RNApol2-3hLPS-rep2_S399.filtered.bam
Tue, 01 Jul 2025 10:48:53 +0200:	KDM3AWT-RNApol2-ctrl-rep1_S394.filtered.bam
Tue, 01 Jul 2025 10:48:53 +0200:	KDM3AWT-RNApol2-ctrl-rep2_S395.filtered.bam
Tue, 01 Jul 2025 10:48:53 +0200:	Cleaning up MACS3 output (keeping only narrowPeak and broadPeak files)...
Tue, 01 Jul 2025 10:48:53 +0200:	Converting to a clean 3 column BED format...
Tue, 01 Jul 2025 10:48:54 +0200:	Calling peaks with HOMER...
Tue, 01 Jul 2025 10:48:54 +0200:	Input folder:  HOMER_tagDirs
Tue, 01 Jul 2025 10:48:54 +0200:	Calling peaks with HOMER...
Tue, 01 Jul 2025 10:48:54 +0200:		findPeaks HOMER_tagDirs/KDM3AKO-RNApol2-3hLPS-rep1_S400.filtered.HOMER_tagDir -style factor -o auto &
Tue, 01 Jul 2025 10:48:54 +0200:		findPeaks HOMER_tagDirs/KDM3AKO-RNApol2-3hLPS-rep2_S401.filtered.HOMER_tagDir -style factor -o auto &
Tue, 01 Jul 2025 10:48:54 +0200:		findPeaks HOMER_tagDirs/KDM3AKO-RNApol2-ctrl-rep1_S396.filtered.HOMER_tagDir -style factor -o auto &
Tue, 01 Jul 2025 10:48:54 +0200:		findPeaks HOMER_tagDirs/KDM3AKO-RNApol2-ctrl-rep2_S397.filtered.HOMER_tagDir -style factor -o auto &
Tue, 01 Jul 2025 10:48:54 +0200:		findPeaks HOMER_tagDirs/KDM3AWT-RNApol2-3hLPS-rep1_S398.filtered.HOMER_tagDir -style factor -o auto &
Tue, 01 Jul 2025 10:48:54 +0200:		findPeaks HOMER_tagDirs/KDM3AWT-RNApol2-3hLPS-rep2_S399.filtered.HOMER_tagDir -style factor -o auto &
Tue, 01 Jul 2025 10:48:54 +0200:		findPeaks HOMER_tagDirs/KDM3AWT-RNApol2-ctrl-rep1_S394.filtered.HOMER_tagDir -style factor -o auto &
Tue, 01 Jul 2025 10:48:54 +0200:		findPeaks HOMER_tagDirs/KDM3AWT-RNApol2-ctrl-rep2_S395.filtered.HOMER_tagDir -style factor -o auto &
Tue, 01 Jul 2025 10:48:54 +0200:	Waiting for HOMER to finish peakcalling...
Tue, 01 Jul 2025 10:51:49 +0200:	Testpp HOMER_tagDirs/KDM3AKO-RNApol2-3hLPS-rep1_S400.filtered.HOMER_tagDir
Tue, 01 Jul 2025 10:51:49 +0200:	Testpp HOMER_tagDirs/KDM3AKO-RNApol2-3hLPS-rep2_S401.filtered.HOMER_tagDir
Tue, 01 Jul 2025 10:51:49 +0200:	Testpp HOMER_tagDirs/KDM3AKO-RNApol2-ctrl-rep1_S396.filtered.HOMER_tagDir
Tue, 01 Jul 2025 10:51:49 +0200:	Testpp HOMER_tagDirs/KDM3AKO-RNApol2-ctrl-rep2_S397.filtered.HOMER_tagDir
Tue, 01 Jul 2025 10:51:49 +0200:	Testpp HOMER_tagDirs/KDM3AWT-RNApol2-3hLPS-rep1_S398.filtered.HOMER_tagDir
Tue, 01 Jul 2025 10:51:49 +0200:	Testpp HOMER_tagDirs/KDM3AWT-RNApol2-3hLPS-rep2_S399.filtered.HOMER_tagDir
Tue, 01 Jul 2025 10:51:49 +0200:	Testpp HOMER_tagDirs/KDM3AWT-RNApol2-ctrl-rep1_S394.filtered.HOMER_tagDir
Tue, 01 Jul 2025 10:51:49 +0200:	Testpp HOMER_tagDirs/KDM3AWT-RNApol2-ctrl-rep2_S395.filtered.HOMER_tagDir
Tue, 01 Jul 2025 10:51:49 +0200:	Converting peaks to BED format and cleaning up unwanted contigs (chrUn | alt | random)...
Tue, 01 Jul 2025 10:51:49 +0200:	Merging peaks for: KDM3AKO-RNApol2-3hLPS-rep1...
Tue, 01 Jul 2025 10:51:49 +0200:	Samples in group: HOMER_tagDirs/KDM3AKO-RNApol2-3hLPS-rep1_S400.filtered.HOMER_tagDir/peaks.bed
Tue, 01 Jul 2025 10:51:49 +0200:	Merging peaks for: KDM3AKO-RNApol2-3hLPS-rep2...
Tue, 01 Jul 2025 10:51:49 +0200:	Samples in group: HOMER_tagDirs/KDM3AKO-RNApol2-3hLPS-rep2_S401.filtered.HOMER_tagDir/peaks.bed
Tue, 01 Jul 2025 10:51:50 +0200:	Merging peaks for: KDM3AKO-RNApol2-ctrl-rep1...
Tue, 01 Jul 2025 10:51:50 +0200:	Samples in group: HOMER_tagDirs/KDM3AKO-RNApol2-ctrl-rep1_S396.filtered.HOMER_tagDir/peaks.bed
Tue, 01 Jul 2025 10:51:50 +0200:	Merging peaks for: KDM3AKO-RNApol2-ctrl-rep2...
Tue, 01 Jul 2025 10:51:50 +0200:	Samples in group: HOMER_tagDirs/KDM3AKO-RNApol2-ctrl-rep2_S397.filtered.HOMER_tagDir/peaks.bed
Tue, 01 Jul 2025 10:51:50 +0200:	Merging peaks for: KDM3AWT-RNApol2-3hLPS-rep1...
Tue, 01 Jul 2025 10:51:50 +0200:	Samples in group: HOMER_tagDirs/KDM3AWT-RNApol2-3hLPS-rep1_S398.filtered.HOMER_tagDir/peaks.bed
Tue, 01 Jul 2025 10:51:50 +0200:	Merging peaks for: KDM3AWT-RNApol2-3hLPS-rep2...
Tue, 01 Jul 2025 10:51:50 +0200:	Samples in group: HOMER_tagDirs/KDM3AWT-RNApol2-3hLPS-rep2_S399.filtered.HOMER_tagDir/peaks.bed
Tue, 01 Jul 2025 10:51:50 +0200:	Merging peaks for: KDM3AWT-RNApol2-ctrl-rep1...
Tue, 01 Jul 2025 10:51:50 +0200:	Samples in group: HOMER_tagDirs/KDM3AWT-RNApol2-ctrl-rep1_S394.filtered.HOMER_tagDir/peaks.bed
Tue, 01 Jul 2025 10:51:50 +0200:	Merging peaks for: KDM3AWT-RNApol2-ctrl-rep2...
Tue, 01 Jul 2025 10:51:50 +0200:	Samples in group: HOMER_tagDirs/KDM3AWT-RNApol2-ctrl-rep2_S395.filtered.HOMER_tagDir/peaks.bed

RUN DURATION
Tue, 01 Jul 2025 10:51:50 +0200:	Last step took: 6 minutes...
Tue, 01 Jul 2025 10:51:50 +0200:	Time elapsed so far: 41 minutes...

EXECUTING STEP 
Tue, 01 Jul 2025 10:51:50 +0200:	Counting reads...
Tue, 01 Jul 2025 10:51:51 +0200:	v4.11.1	homer	v5.1	Code/Executables, ontologies, motifs for HOMER
Tue, 01 Jul 2025 10:51:51 +0200:	For ChIP experiments, first determine optimal peak caller settings, then manually run run_quant_peaks.sh to continue!

RUN DURATION
Tue, 01 Jul 2025 10:51:51 +0200:	Last step took: 0 minutes...
Tue, 01 Jul 2025 10:51:51 +0200:	Time elapsed so far: 41 minutes...

EXECUTING STEP 13
Tue, 01 Jul 2025 10:51:51 +0200:	Calling DE peaks...
Tue, 01 Jul 2025 10:51:51 +0200:	To call DE peaks for ChIP  data, please first manually determine the best peak calling settings for your experiment and use run_quant_peaks.sh.
Tue, 01 Jul 2025 10:51:51 +0200:	Then execute 'run_call_DE_peaks.sh' on your optimal peak set.

RUN DURATION
Tue, 01 Jul 2025 10:51:51 +0200:	Last step took: 0 minutes...
Tue, 01 Jul 2025 10:51:51 +0200:	Time elapsed so far: 41 minutes...
Tue, 01 Jul 2025 10:51:51 +0200:	Main loop completed!

STATS
Tue, 01 Jul 2025 10:51:51 +0200:	Running multiQC...

CLEANUP
Tue, 01 Jul 2025 10:54:00 +0200:	Compressing tagDirs...
Tue, 01 Jul 2025 10:54:00 +0200:	Making tar ball of HOMER_tagDirs/KDM3AKO-RNApol2-3hLPS-rep1_S400.filtered.HOMER_tagDir...
Tue, 01 Jul 2025 10:54:00 +0200:	Making tar ball of HOMER_tagDirs/KDM3AKO-RNApol2-3hLPS-rep2_S401.filtered.HOMER_tagDir...
Tue, 01 Jul 2025 10:54:00 +0200:	Making tar ball of HOMER_tagDirs/KDM3AKO-RNApol2-ctrl-rep1_S396.filtered.HOMER_tagDir...
Tue, 01 Jul 2025 10:54:00 +0200:	Making tar ball of HOMER_tagDirs/KDM3AKO-RNApol2-ctrl-rep2_S397.filtered.HOMER_tagDir...
Tue, 01 Jul 2025 10:54:00 +0200:	Making tar ball of HOMER_tagDirs/KDM3AWT-RNApol2-3hLPS-rep1_S398.filtered.HOMER_tagDir...
Tue, 01 Jul 2025 10:54:00 +0200:	Making tar ball of HOMER_tagDirs/KDM3AWT-RNApol2-3hLPS-rep2_S399.filtered.HOMER_tagDir...
Tue, 01 Jul 2025 10:54:00 +0200:	Making tar ball of HOMER_tagDirs/KDM3AWT-RNApol2-ctrl-rep1_S394.filtered.HOMER_tagDir...
Tue, 01 Jul 2025 10:54:00 +0200:	Making tar ball of HOMER_tagDirs/KDM3AWT-RNApol2-ctrl-rep2_S395.filtered.HOMER_tagDir...
Tue, 01 Jul 2025 10:54:00 +0200:	Waiting for tar to complete...
Tue, 01 Jul 2025 10:54:15 +0200:	Deleting uncompressed tagDir HOMER_tagDirs/KDM3AKO-RNApol2-3hLPS-rep1_S400.filtered.HOMER_tagDir...
Tue, 01 Jul 2025 10:54:15 +0200:	Deleting uncompressed tagDir HOMER_tagDirs/KDM3AKO-RNApol2-3hLPS-rep2_S401.filtered.HOMER_tagDir...
Tue, 01 Jul 2025 10:54:15 +0200:	Deleting uncompressed tagDir HOMER_tagDirs/KDM3AKO-RNApol2-ctrl-rep1_S396.filtered.HOMER_tagDir...
Tue, 01 Jul 2025 10:54:15 +0200:	Deleting uncompressed tagDir HOMER_tagDirs/KDM3AKO-RNApol2-ctrl-rep2_S397.filtered.HOMER_tagDir...
Tue, 01 Jul 2025 10:54:16 +0200:	Deleting uncompressed tagDir HOMER_tagDirs/KDM3AWT-RNApol2-3hLPS-rep1_S398.filtered.HOMER_tagDir...
Tue, 01 Jul 2025 10:54:16 +0200:	Deleting uncompressed tagDir HOMER_tagDirs/KDM3AWT-RNApol2-3hLPS-rep2_S399.filtered.HOMER_tagDir...
Tue, 01 Jul 2025 10:54:16 +0200:	Deleting uncompressed tagDir HOMER_tagDirs/KDM3AWT-RNApol2-ctrl-rep1_S394.filtered.HOMER_tagDir...
Tue, 01 Jul 2025 10:54:16 +0200:	Deleting uncompressed tagDir HOMER_tagDirs/KDM3AWT-RNApol2-ctrl-rep2_S395.filtered.HOMER_tagDir...

FINAL REMARKS
Tue, 01 Jul 2025 10:54:16 +0200:	All done!
Tue, 01 Jul 2025 10:54:16 +0200:	Final run time: 43 minutes.
Tue, 01 Jul 2025 10:54:16 +0200:	Good luck with your downstream analyses!
