#################################
## Run log for omnomnomics run ##
#################################
## Uses github.com/prangelab/omnomnomics_BASH

Pipeline version: 0.4
Invocation:		/net/beegfs/cfg/projects/dewintherlab/scripts/run_omnomnomics.sh -i KDM3A/mm10/ATAC/ -t ATAC -g mm10
Slurm job id:		11900701
Job submitted at:	Tue, 01 Jul 2025 09:46:09 +0200
Max walltime:		06:00:00

>>>>>>>>>>>>>>>>>>>>>>>>>>>>>>>>>>>>>>>>
WAITING FOR SLURM TO DISPATCH THE JOB...
<<<<<<<<<<<<<<<<<<<<<<<<<<<<<<<<<<<<<<<<
JOB DISPATCHED!
>>>>>>>>>>>>>>>>>>>>>>>>>>>>>>>>>>>>>>>>

MICROMAMBA INIT
Tue, 01 Jul 2025 09:46:13 +0200:	MAMBA_EXE: /net/beegfs/cfg/projects/dewintherlab/bin/micromamba
Tue, 01 Jul 2025 09:46:13 +0200:	Initializing shell...

PREFLIGHT
Tue, 01 Jul 2025 09:46:13 +0200:	Checking workflow step functions...
Tue, 01 Jul 2025 09:46:14 +0200:	Workflow step functions OK!
Tue, 01 Jul 2025 09:46:14 +0200:	Checking run config file...
Tue, 01 Jul 2025 09:46:14 +0200:	Run config file OK!

Run START
Tue, 01 Jul 2025 09:46:14 +0200:	Checking if we are requeued...
Tue, 01 Jul 2025 09:46:14 +0200:	Starting a fresh run...
Tue, 01 Jul 2025 09:46:14 +0200:	omnomnomics run started on node006!
Tue, 01 Jul 2025 09:46:14 +0200:	Getting ready...

RUN INFO
Tue, 01 Jul 2025 09:46:14 +0200:	Job Start time:		Tue, 01 Jul 2025 09:46:12 +0200
Tue, 01 Jul 2025 09:46:14 +0200:	Experiment dir:		KDM3A/mm10/ATAC
Tue, 01 Jul 2025 09:46:14 +0200:	Run date:		2025-07-01
Tue, 01 Jul 2025 09:46:14 +0200:	Log file:		KDM3A/mm10/ATAC/omnomnomics.run.2025-07-01.log
Tue, 01 Jul 2025 09:46:14 +0200:	Cores per sample:	15
Tue, 01 Jul 2025 09:46:14 +0200:	Available cores: 	127
Tue, 01 Jul 2025 09:46:14 +0200:	Files:			8
Tue, 01 Jul 2025 09:46:14 +0200:	Pairs:			8
Tue, 01 Jul 2025 09:46:14 +0200:	Paired run:		
Tue, 01 Jul 2025 09:46:14 +0200:	Type:			ATAC
Tue, 01 Jul 2025 09:46:14 +0200:	Genome:			mm10
Tue, 01 Jul 2025 09:46:14 +0200:	Mode:			1 2 3 4 5 6 7 8 9 10 11 12 13
Tue, 01 Jul 2025 09:46:14 +0200:	Mode min:		1
Tue, 01 Jul 2025 09:46:14 +0200:	Mode max:		13
Tue, 01 Jul 2025 09:46:14 +0200:	Trim tool:		skewer
Tue, 01 Jul 2025 09:46:14 +0200:	Map tool:		hisat2

READ COUNTING SETTINGS
Tue, 01 Jul 2025 09:46:14 +0200:	Design formula:	1
Tue, 01 Jul 2025 09:46:14 +0200:	Metadata file:	NA

PEAK CALLING SETTINGS
Tue, 01 Jul 2025 09:46:14 +0200:	Input file (MACS3):	NA
Tue, 01 Jul 2025 09:46:14 +0200:	Input file (HOMER):	NA
Tue, 01 Jul 2025 09:46:14 +0200:	Broad peaks:	NA
Tue, 01 Jul 2025 09:46:14 +0200:	Peak style:		factor
Tue, 01 Jul 2025 09:46:14 +0200:	HOMER peaksize:		500
Tue, 01 Jul 2025 09:46:14 +0200:	HOMER minDist:		2000

JAVA MEMORY SETTINGS
Tue, 01 Jul 2025 09:46:14 +0200:	31250M HEAP init
Tue, 01 Jul 2025 09:46:14 +0200:	62500M memory per sample

TRACKHUB SETTINGS
Tue, 01 Jul 2025 09:46:14 +0200:	Hub type field:		1
Tue, 01 Jul 2025 09:46:14 +0200:	Hub name field:		1-3
Tue, 01 Jul 2025 09:46:14 +0200:	Hub col field:		2
Tue, 01 Jul 2025 09:46:14 +0200:	Hub separator:		_
Tue, 01 Jul 2025 09:46:14 +0200:	Hub appendix:		hub
Tue, 01 Jul 2025 09:46:14 +0200:	Hub overlay:		transparentOverlay
Tue, 01 Jul 2025 09:46:14 +0200:	Hub coldata folder:	/net/beegfs/cfg/projects/dewintherlab/bin/color_data_for_hubs
Tue, 01 Jul 2025 09:46:14 +0200:	Hub color table:	/net/beegfs/cfg/projects/dewintherlab/bin/color_data_for_hubs/gray.tint.color.table
Tue, 01 Jul 2025 09:46:14 +0200:	Hub mail:		m.dewinther@amsterdamumc.nl

MAIN EXECUTION LOOP
Tue, 01 Jul 2025 09:46:14 +0200:	Setting up subroutines...

EXECUTING STEP 1
Tue, 01 Jul 2025 09:46:14 +0200:	Trimming reads...
Tue, 01 Jul 2025 09:46:14 +0200:	Input folder:  FASTQ
Tue, 01 Jul 2025 09:46:14 +0200:	Output folder: trimmed_FASTQ
Tue, 01 Jul 2025 09:46:14 +0200:		skewer version: 0.2.2
	Author: Hongshan Jiang
	Last update: April 4, 2016
Tue, 01 Jul 2025 09:46:14 +0200:	TRIM_TOOL: skewer
Tue, 01 Jul 2025 09:46:14 +0200:	Running skewer in single end mode...
Tue, 01 Jul 2025 09:46:14 +0200:		skewer --quiet -x CTGTCTCTTATACACATCT -m any -q 15 -Q 15 -z -t 15 -o "trimmed_FASTQ"/ATAC_KO_S1 FASTQ/ATAC_KO_S1_R1_001.fastq.gz &
Tue, 01 Jul 2025 09:46:14 +0200:	Running skewer in single end mode...
Tue, 01 Jul 2025 09:46:14 +0200:		skewer --quiet -x CTGTCTCTTATACACATCT -m any -q 15 -Q 15 -z -t 15 -o "trimmed_FASTQ"/ATAC_KO_S77 FASTQ/ATAC_KO_S77_R1_001.fastq.gz &
Tue, 01 Jul 2025 09:46:14 +0200:	Running skewer in single end mode...
Tue, 01 Jul 2025 09:46:14 +0200:		skewer --quiet -x CTGTCTCTTATACACATCT -m any -q 15 -Q 15 -z -t 15 -o "trimmed_FASTQ"/ATAC_LPSKO_S2 FASTQ/ATAC_LPSKO_S2_R1_001.fastq.gz &
Tue, 01 Jul 2025 09:46:14 +0200:	Running skewer in single end mode...
Tue, 01 Jul 2025 09:46:14 +0200:		skewer --quiet -x CTGTCTCTTATACACATCT -m any -q 15 -Q 15 -z -t 15 -o "trimmed_FASTQ"/ATAC_LPSKO_S78 FASTQ/ATAC_LPSKO_S78_R1_001.fastq.gz &
Tue, 01 Jul 2025 09:46:14 +0200:	Running skewer in single end mode...
Tue, 01 Jul 2025 09:46:14 +0200:		skewer --quiet -x CTGTCTCTTATACACATCT -m any -q 15 -Q 15 -z -t 15 -o "trimmed_FASTQ"/ATAC_LPSWT_S3 FASTQ/ATAC_LPSWT_S3_R1_001.fastq.gz &
Tue, 01 Jul 2025 09:46:14 +0200:	Running skewer in single end mode...
Tue, 01 Jul 2025 09:46:14 +0200:		skewer --quiet -x CTGTCTCTTATACACATCT -m any -q 15 -Q 15 -z -t 15 -o "trimmed_FASTQ"/ATAC_LPSWT_S79 FASTQ/ATAC_LPSWT_S79_R1_001.fastq.gz &
Tue, 01 Jul 2025 09:46:14 +0200:	Running skewer in single end mode...
Tue, 01 Jul 2025 09:46:14 +0200:		skewer --quiet -x CTGTCTCTTATACACATCT -m any -q 15 -Q 15 -z -t 15 -o "trimmed_FASTQ"/ATAC_WT_S4 FASTQ/ATAC_WT_S4_R1_001.fastq.gz &
Tue, 01 Jul 2025 09:46:14 +0200:	Running skewer in single end mode...
Tue, 01 Jul 2025 09:46:14 +0200:		skewer --quiet -x CTGTCTCTTATACACATCT -m any -q 15 -Q 15 -z -t 15 -o "trimmed_FASTQ"/ATAC_WT_S80 FASTQ/ATAC_WT_S80_R1_001.fastq.gz &
Tue, 01 Jul 2025 09:46:14 +0200:	Waiting for skewer to complete...
Tue, 01 Jul 2025 09:51:11 +0200:	Renaming trimmed results...

RUN DURATION
Tue, 01 Jul 2025 09:51:11 +0200:	Last step took: 4 minutes...
Tue, 01 Jul 2025 09:51:11 +0200:	Time elapsed so far: 4 minutes...

EXECUTING STEP 2
Tue, 01 Jul 2025 09:51:11 +0200:	Generating FastQC reports...
Tue, 01 Jul 2025 09:51:11 +0200:	Input folder:  trimmed_FASTQ
Tue, 01 Jul 2025 09:51:11 +0200:	Output folder: fastqc_reports
Tue, 01 Jul 2025 09:51:12 +0200:	FastQC v0.11.9
Tue, 01 Jul 2025 09:51:12 +0200:	Running FastQC in single end mode...
Tue, 01 Jul 2025 09:51:12 +0200:		fastqc -t 15 -o "fastqc_reports" trimmed_FASTQ/*_R1*.fastq.gz &
Tue, 01 Jul 2025 09:51:12 +0200:	Waiting for FastQC to complete...

RUN DURATION
Tue, 01 Jul 2025 09:51:12 +0200:	Last step took: 1 minutes...
Tue, 01 Jul 2025 09:51:12 +0200:	Time elapsed so far: 5 minutes...

EXECUTING STEP 3
Tue, 01 Jul 2025 09:51:12 +0200:	Mapping reads...
Tue, 01 Jul 2025 09:51:12 +0200:	Input folder:  trimmed_FASTQ
Tue, 01 Jul 2025 09:51:12 +0200:	Output folder: BAM
Tue, 01 Jul 2025 09:51:12 +0200:	/net/beegfs/cfg/projects/dewintherlab/bin/hisat2-2.1.0/hisat2-align-s version 2.1.0
64-bit
Built on login-node03
Wed Jun  7 15:53:42 EDT 2017
Compiler: gcc version 4.8.2 (GCC) 
Options: -O3 -m64 -msse2 -funroll-loops -g3 -DPOPCNT_CAPABILITY
Sizeof {int, long, long long, void*, size_t, off_t}: {4, 8, 8, 8, 8, 8}
Tue, 01 Jul 2025 09:51:12 +0200:	Single-end reads found!
Tue, 01 Jul 2025 09:51:12 +0200:	Launching: ATAC_KO_S1-trimmed...
Tue, 01 Jul 2025 09:51:12 +0200:		(hisat2 -p 15 -x "/net/beegfs/cfg/projects/dewintherlab/genomes/HISAT2/mm10" -U "trimmed_FASTQ/ATAC_KO_S1-trimmed.fastq.gz" --mm --add-chrname --new-summary --no-spliced-alignment | samtools view -b -) 1> "BAM/ATAC_KO_S1-trimmed.bam"  2> "BAM/ATAC_KO_S1-trimmed.HISAT2_stats.txt" &
Tue, 01 Jul 2025 09:51:12 +0200:	Launching: ATAC_KO_S77-trimmed...
Tue, 01 Jul 2025 09:51:12 +0200:		(hisat2 -p 15 -x "/net/beegfs/cfg/projects/dewintherlab/genomes/HISAT2/mm10" -U "trimmed_FASTQ/ATAC_KO_S77-trimmed.fastq.gz" --mm --add-chrname --new-summary --no-spliced-alignment | samtools view -b -) 1> "BAM/ATAC_KO_S77-trimmed.bam"  2> "BAM/ATAC_KO_S77-trimmed.HISAT2_stats.txt" &
Tue, 01 Jul 2025 09:51:12 +0200:	Launching: ATAC_LPSKO_S2-trimmed...
Tue, 01 Jul 2025 09:51:12 +0200:		(hisat2 -p 15 -x "/net/beegfs/cfg/projects/dewintherlab/genomes/HISAT2/mm10" -U "trimmed_FASTQ/ATAC_LPSKO_S2-trimmed.fastq.gz" --mm --add-chrname --new-summary --no-spliced-alignment | samtools view -b -) 1> "BAM/ATAC_LPSKO_S2-trimmed.bam"  2> "BAM/ATAC_LPSKO_S2-trimmed.HISAT2_stats.txt" &
Tue, 01 Jul 2025 09:51:12 +0200:	Launching: ATAC_LPSKO_S78-trimmed...
Tue, 01 Jul 2025 09:51:12 +0200:		(hisat2 -p 15 -x "/net/beegfs/cfg/projects/dewintherlab/genomes/HISAT2/mm10" -U "trimmed_FASTQ/ATAC_LPSKO_S78-trimmed.fastq.gz" --mm --add-chrname --new-summary --no-spliced-alignment | samtools view -b -) 1> "BAM/ATAC_LPSKO_S78-trimmed.bam"  2> "BAM/ATAC_LPSKO_S78-trimmed.HISAT2_stats.txt" &
Tue, 01 Jul 2025 09:51:12 +0200:	Launching: ATAC_LPSWT_S3-trimmed...
Tue, 01 Jul 2025 09:51:12 +0200:		(hisat2 -p 15 -x "/net/beegfs/cfg/projects/dewintherlab/genomes/HISAT2/mm10" -U "trimmed_FASTQ/ATAC_LPSWT_S3-trimmed.fastq.gz" --mm --add-chrname --new-summary --no-spliced-alignment | samtools view -b -) 1> "BAM/ATAC_LPSWT_S3-trimmed.bam"  2> "BAM/ATAC_LPSWT_S3-trimmed.HISAT2_stats.txt" &
Tue, 01 Jul 2025 09:51:12 +0200:	Launching: ATAC_LPSWT_S79-trimmed...
Tue, 01 Jul 2025 09:51:12 +0200:		(hisat2 -p 15 -x "/net/beegfs/cfg/projects/dewintherlab/genomes/HISAT2/mm10" -U "trimmed_FASTQ/ATAC_LPSWT_S79-trimmed.fastq.gz" --mm --add-chrname --new-summary --no-spliced-alignment | samtools view -b -) 1> "BAM/ATAC_LPSWT_S79-trimmed.bam"  2> "BAM/ATAC_LPSWT_S79-trimmed.HISAT2_stats.txt" &
Tue, 01 Jul 2025 09:51:12 +0200:	Launching: ATAC_WT_S4-trimmed...
Tue, 01 Jul 2025 09:51:13 +0200:		(hisat2 -p 15 -x "/net/beegfs/cfg/projects/dewintherlab/genomes/HISAT2/mm10" -U "trimmed_FASTQ/ATAC_WT_S4-trimmed.fastq.gz" --mm --add-chrname --new-summary --no-spliced-alignment | samtools view -b -) 1> "BAM/ATAC_WT_S4-trimmed.bam"  2> "BAM/ATAC_WT_S4-trimmed.HISAT2_stats.txt" &
Tue, 01 Jul 2025 09:51:13 +0200:	Launching: ATAC_WT_S80-trimmed...
Tue, 01 Jul 2025 09:51:13 +0200:		(hisat2 -p 15 -x "/net/beegfs/cfg/projects/dewintherlab/genomes/HISAT2/mm10" -U "trimmed_FASTQ/ATAC_WT_S80-trimmed.fastq.gz" --mm --add-chrname --new-summary --no-spliced-alignment | samtools view -b -) 1> "BAM/ATAC_WT_S80-trimmed.bam"  2> "BAM/ATAC_WT_S80-trimmed.HISAT2_stats.txt" &
Tue, 01 Jul 2025 09:51:13 +0200:	Waiting for HISAT2 to complete...

RUN DURATION
Tue, 01 Jul 2025 09:54:36 +0200:	Last step took: 3 minutes...
Tue, 01 Jul 2025 09:54:36 +0200:	Time elapsed so far: 8 minutes...

EXECUTING STEP 4
Tue, 01 Jul 2025 09:54:36 +0200:	Merging lanes...
Tue, 01 Jul 2025 09:54:36 +0200:	Input folder:  BAM
Tue, 01 Jul 2025 09:54:36 +0200:	Output folder: BAM
Tue, 01 Jul 2025 09:54:36 +0200:	SAMtools Version: samtools 1.17
Using htslib 1.17
Tue, 01 Jul 2025 09:54:36 +0200:	No split lanes found!

RUN DURATION
Tue, 01 Jul 2025 09:54:36 +0200:	Last step took: 0 minutes...
Tue, 01 Jul 2025 09:54:36 +0200:	Time elapsed so far: 8 minutes...

EXECUTING STEP 5
Tue, 01 Jul 2025 09:54:36 +0200:	Touching up BAM files with samtools (collate | fixmate | sort | markdup | filter)...
Tue, 01 Jul 2025 09:54:36 +0200:	Input folder:  BAM
Tue, 01 Jul 2025 09:54:36 +0200:	Output folder: filtered_BAM
Tue, 01 Jul 2025 09:54:36 +0200:	Touching up ATAC-seq sample BAM/ATAC_KO_S1-trimmed.bam (sort, mark dups, and keep MAPQ > 15)
Tue, 01 Jul 2025 09:54:36 +0200:	 samtools collate -O -@ 3 BAM/ATAC_KO_S1-trimmed.bam collate.ATAC_KO_S1-trimmed.tmp | samtools fixmate -mu -@ 3 - - | samtools sort -u -@ 3 - | samtools markdup -u -@ 3 - - | samtools view -@ 3 -q 15 -b -o "filtered_BAM"/ATAC_KO_S1-trimmed.sorted.dups_marked.filtered.bam - &
Tue, 01 Jul 2025 09:54:36 +0200:	Getting ATAC statistics for sample BAM/ATAC_KO_S1-trimmed.bam
Tue, 01 Jul 2025 09:54:36 +0200:	 samtools view -@ 15 BAM/ATAC_KO_S1-trimmed.bam | awk '{if(~/chrM/)chrm=chrm+1}END{printf "%13s\t%11d\n", "Total Reads:",NR;printf "%13s\t%11d %1s%2.2f%2s\n", "ChrM Reads:",chrm, "(", (chrm/NR)*100,"%)"}'> "filtered_BAM"/ATAC_KO_S1-trimmed.ATAC_stats.txt &
Tue, 01 Jul 2025 09:54:36 +0200:	Touching up ATAC-seq sample BAM/ATAC_KO_S77-trimmed.bam (sort, mark dups, and keep MAPQ > 15)
Tue, 01 Jul 2025 09:54:37 +0200:	 samtools collate -O -@ 3 BAM/ATAC_KO_S77-trimmed.bam collate.ATAC_KO_S77-trimmed.tmp | samtools fixmate -mu -@ 3 - - | samtools sort -u -@ 3 - | samtools markdup -u -@ 3 - - | samtools view -@ 3 -q 15 -b -o "filtered_BAM"/ATAC_KO_S77-trimmed.sorted.dups_marked.filtered.bam - &
Tue, 01 Jul 2025 09:54:37 +0200:	Getting ATAC statistics for sample BAM/ATAC_KO_S77-trimmed.bam
Tue, 01 Jul 2025 09:54:37 +0200:	 samtools view -@ 15 BAM/ATAC_KO_S77-trimmed.bam | awk '{if(~/chrM/)chrm=chrm+1}END{printf "%13s\t%11d\n", "Total Reads:",NR;printf "%13s\t%11d %1s%2.2f%2s\n", "ChrM Reads:",chrm, "(", (chrm/NR)*100,"%)"}'> "filtered_BAM"/ATAC_KO_S77-trimmed.ATAC_stats.txt &
Tue, 01 Jul 2025 09:54:37 +0200:	Touching up ATAC-seq sample BAM/ATAC_LPSKO_S2-trimmed.bam (sort, mark dups, and keep MAPQ > 15)
Tue, 01 Jul 2025 09:54:37 +0200:	 samtools collate -O -@ 3 BAM/ATAC_LPSKO_S2-trimmed.bam collate.ATAC_LPSKO_S2-trimmed.tmp | samtools fixmate -mu -@ 3 - - | samtools sort -u -@ 3 - | samtools markdup -u -@ 3 - - | samtools view -@ 3 -q 15 -b -o "filtered_BAM"/ATAC_LPSKO_S2-trimmed.sorted.dups_marked.filtered.bam - &
Tue, 01 Jul 2025 09:54:37 +0200:	Getting ATAC statistics for sample BAM/ATAC_LPSKO_S2-trimmed.bam
Tue, 01 Jul 2025 09:54:37 +0200:	 samtools view -@ 15 BAM/ATAC_LPSKO_S2-trimmed.bam | awk '{if(~/chrM/)chrm=chrm+1}END{printf "%13s\t%11d\n", "Total Reads:",NR;printf "%13s\t%11d %1s%2.2f%2s\n", "ChrM Reads:",chrm, "(", (chrm/NR)*100,"%)"}'> "filtered_BAM"/ATAC_LPSKO_S2-trimmed.ATAC_stats.txt &
Tue, 01 Jul 2025 09:54:37 +0200:	Touching up ATAC-seq sample BAM/ATAC_LPSKO_S78-trimmed.bam (sort, mark dups, and keep MAPQ > 15)
Tue, 01 Jul 2025 09:54:37 +0200:	 samtools collate -O -@ 3 BAM/ATAC_LPSKO_S78-trimmed.bam collate.ATAC_LPSKO_S78-trimmed.tmp | samtools fixmate -mu -@ 3 - - | samtools sort -u -@ 3 - | samtools markdup -u -@ 3 - - | samtools view -@ 3 -q 15 -b -o "filtered_BAM"/ATAC_LPSKO_S78-trimmed.sorted.dups_marked.filtered.bam - &
Tue, 01 Jul 2025 09:54:37 +0200:	Getting ATAC statistics for sample BAM/ATAC_LPSKO_S78-trimmed.bam
Tue, 01 Jul 2025 09:54:37 +0200:	 samtools view -@ 15 BAM/ATAC_LPSKO_S78-trimmed.bam | awk '{if(~/chrM/)chrm=chrm+1}END{printf "%13s\t%11d\n", "Total Reads:",NR;printf "%13s\t%11d %1s%2.2f%2s\n", "ChrM Reads:",chrm, "(", (chrm/NR)*100,"%)"}'> "filtered_BAM"/ATAC_LPSKO_S78-trimmed.ATAC_stats.txt &
Tue, 01 Jul 2025 09:54:37 +0200:	Touching up ATAC-seq sample BAM/ATAC_LPSWT_S3-trimmed.bam (sort, mark dups, and keep MAPQ > 15)
Tue, 01 Jul 2025 09:54:37 +0200:	 samtools collate -O -@ 3 BAM/ATAC_LPSWT_S3-trimmed.bam collate.ATAC_LPSWT_S3-trimmed.tmp | samtools fixmate -mu -@ 3 - - | samtools sort -u -@ 3 - | samtools markdup -u -@ 3 - - | samtools view -@ 3 -q 15 -b -o "filtered_BAM"/ATAC_LPSWT_S3-trimmed.sorted.dups_marked.filtered.bam - &
Tue, 01 Jul 2025 09:54:37 +0200:	Getting ATAC statistics for sample BAM/ATAC_LPSWT_S3-trimmed.bam
Tue, 01 Jul 2025 09:54:37 +0200:	 samtools view -@ 15 BAM/ATAC_LPSWT_S3-trimmed.bam | awk '{if(~/chrM/)chrm=chrm+1}END{printf "%13s\t%11d\n", "Total Reads:",NR;printf "%13s\t%11d %1s%2.2f%2s\n", "ChrM Reads:",chrm, "(", (chrm/NR)*100,"%)"}'> "filtered_BAM"/ATAC_LPSWT_S3-trimmed.ATAC_stats.txt &
Tue, 01 Jul 2025 09:54:37 +0200:	Touching up ATAC-seq sample BAM/ATAC_LPSWT_S79-trimmed.bam (sort, mark dups, and keep MAPQ > 15)
Tue, 01 Jul 2025 09:54:37 +0200:	 samtools collate -O -@ 3 BAM/ATAC_LPSWT_S79-trimmed.bam collate.ATAC_LPSWT_S79-trimmed.tmp | samtools fixmate -mu -@ 3 - - | samtools sort -u -@ 3 - | samtools markdup -u -@ 3 - - | samtools view -@ 3 -q 15 -b -o "filtered_BAM"/ATAC_LPSWT_S79-trimmed.sorted.dups_marked.filtered.bam - &
Tue, 01 Jul 2025 09:54:37 +0200:	Getting ATAC statistics for sample BAM/ATAC_LPSWT_S79-trimmed.bam
Tue, 01 Jul 2025 09:54:37 +0200:	 samtools view -@ 15 BAM/ATAC_LPSWT_S79-trimmed.bam | awk '{if(~/chrM/)chrm=chrm+1}END{printf "%13s\t%11d\n", "Total Reads:",NR;printf "%13s\t%11d %1s%2.2f%2s\n", "ChrM Reads:",chrm, "(", (chrm/NR)*100,"%)"}'> "filtered_BAM"/ATAC_LPSWT_S79-trimmed.ATAC_stats.txt &
Tue, 01 Jul 2025 09:54:37 +0200:	Touching up ATAC-seq sample BAM/ATAC_WT_S4-trimmed.bam (sort, mark dups, and keep MAPQ > 15)
Tue, 01 Jul 2025 09:54:37 +0200:	 samtools collate -O -@ 3 BAM/ATAC_WT_S4-trimmed.bam collate.ATAC_WT_S4-trimmed.tmp | samtools fixmate -mu -@ 3 - - | samtools sort -u -@ 3 - | samtools markdup -u -@ 3 - - | samtools view -@ 3 -q 15 -b -o "filtered_BAM"/ATAC_WT_S4-trimmed.sorted.dups_marked.filtered.bam - &
Tue, 01 Jul 2025 09:54:37 +0200:	Getting ATAC statistics for sample BAM/ATAC_WT_S4-trimmed.bam
Tue, 01 Jul 2025 09:54:37 +0200:	 samtools view -@ 15 BAM/ATAC_WT_S4-trimmed.bam | awk '{if(~/chrM/)chrm=chrm+1}END{printf "%13s\t%11d\n", "Total Reads:",NR;printf "%13s\t%11d %1s%2.2f%2s\n", "ChrM Reads:",chrm, "(", (chrm/NR)*100,"%)"}'> "filtered_BAM"/ATAC_WT_S4-trimmed.ATAC_stats.txt &
Tue, 01 Jul 2025 09:54:37 +0200:	Touching up ATAC-seq sample BAM/ATAC_WT_S80-trimmed.bam (sort, mark dups, and keep MAPQ > 15)
Tue, 01 Jul 2025 09:54:37 +0200:	 samtools collate -O -@ 3 BAM/ATAC_WT_S80-trimmed.bam collate.ATAC_WT_S80-trimmed.tmp | samtools fixmate -mu -@ 3 - - | samtools sort -u -@ 3 - | samtools markdup -u -@ 3 - - | samtools view -@ 3 -q 15 -b -o "filtered_BAM"/ATAC_WT_S80-trimmed.sorted.dups_marked.filtered.bam - &
Tue, 01 Jul 2025 09:54:37 +0200:	Getting ATAC statistics for sample BAM/ATAC_WT_S80-trimmed.bam
Tue, 01 Jul 2025 09:54:37 +0200:	 samtools view -@ 15 BAM/ATAC_WT_S80-trimmed.bam | awk '{if(~/chrM/)chrm=chrm+1}END{printf "%13s\t%11d\n", "Total Reads:",NR;printf "%13s\t%11d %1s%2.2f%2s\n", "ChrM Reads:",chrm, "(", (chrm/NR)*100,"%)"}'> "filtered_BAM"/ATAC_WT_S80-trimmed.ATAC_stats.txt &
Tue, 01 Jul 2025 09:54:37 +0200:	Waiting for samtools chain to complete...

RUN DURATION
Tue, 01 Jul 2025 09:58:11 +0200:	Last step took: 3 minutes...
Tue, 01 Jul 2025 09:58:11 +0200:	Time elapsed so far: 11 minutes...

EXECUTING STEP 6
Tue, 01 Jul 2025 09:58:11 +0200:	Indexing BAM files...
Tue, 01 Jul 2025 09:58:11 +0200:	Input folder:  filtered_BAM
Tue, 01 Jul 2025 09:58:11 +0200:	Output folder: filtered_BAM
Tue, 01 Jul 2025 09:58:11 +0200:	Indexing filtered_BAM/ATAC_KO_S1-trimmed.sorted.dups_marked.filtered.bam
Tue, 01 Jul 2025 09:58:11 +0200:		samtools index -@ 15 filtered_BAM/ATAC_KO_S1-trimmed.sorted.dups_marked.filtered.bam &
Tue, 01 Jul 2025 09:58:11 +0200:	Indexing filtered_BAM/ATAC_KO_S77-trimmed.sorted.dups_marked.filtered.bam
Tue, 01 Jul 2025 09:58:11 +0200:		samtools index -@ 15 filtered_BAM/ATAC_KO_S77-trimmed.sorted.dups_marked.filtered.bam &
Tue, 01 Jul 2025 09:58:11 +0200:	Indexing filtered_BAM/ATAC_LPSKO_S2-trimmed.sorted.dups_marked.filtered.bam
Tue, 01 Jul 2025 09:58:11 +0200:		samtools index -@ 15 filtered_BAM/ATAC_LPSKO_S2-trimmed.sorted.dups_marked.filtered.bam &
Tue, 01 Jul 2025 09:58:11 +0200:	Indexing filtered_BAM/ATAC_LPSKO_S78-trimmed.sorted.dups_marked.filtered.bam
Tue, 01 Jul 2025 09:58:11 +0200:		samtools index -@ 15 filtered_BAM/ATAC_LPSKO_S78-trimmed.sorted.dups_marked.filtered.bam &
Tue, 01 Jul 2025 09:58:11 +0200:	Indexing filtered_BAM/ATAC_LPSWT_S3-trimmed.sorted.dups_marked.filtered.bam
Tue, 01 Jul 2025 09:58:11 +0200:		samtools index -@ 15 filtered_BAM/ATAC_LPSWT_S3-trimmed.sorted.dups_marked.filtered.bam &
Tue, 01 Jul 2025 09:58:11 +0200:	Indexing filtered_BAM/ATAC_LPSWT_S79-trimmed.sorted.dups_marked.filtered.bam
Tue, 01 Jul 2025 09:58:11 +0200:		samtools index -@ 15 filtered_BAM/ATAC_LPSWT_S79-trimmed.sorted.dups_marked.filtered.bam &
Tue, 01 Jul 2025 09:58:11 +0200:	Indexing filtered_BAM/ATAC_WT_S4-trimmed.sorted.dups_marked.filtered.bam
Tue, 01 Jul 2025 09:58:11 +0200:		samtools index -@ 15 filtered_BAM/ATAC_WT_S4-trimmed.sorted.dups_marked.filtered.bam &
Tue, 01 Jul 2025 09:58:11 +0200:	Indexing filtered_BAM/ATAC_WT_S80-trimmed.sorted.dups_marked.filtered.bam
Tue, 01 Jul 2025 09:58:11 +0200:		samtools index -@ 15 filtered_BAM/ATAC_WT_S80-trimmed.sorted.dups_marked.filtered.bam &
Tue, 01 Jul 2025 09:58:11 +0200:	Waiting for samtools index to complete...

RUN DURATION
Tue, 01 Jul 2025 09:58:15 +0200:	Last step took: 1 minutes...
Tue, 01 Jul 2025 09:58:15 +0200:	Time elapsed so far: 12 minutes...

EXECUTING STEP 7
Tue, 01 Jul 2025 09:58:15 +0200:	Getting BAM file stats...
Tue, 01 Jul 2025 09:58:15 +0200:	Input folder:  filtered_BAM
Tue, 01 Jul 2025 09:58:15 +0200:	Output folder: filtered_BAM
Tue, 01 Jul 2025 09:58:15 +0200:	
bamtools 2.5.2
Part of BamTools API and toolkit
Primary authors: Derek Barnett, Erik Garrison, Michael Stromberg
(c) 2009-2012 Marth Lab, Biology Dept., Boston College
Tue, 01 Jul 2025 09:58:15 +0200:	Generating stats for filtered_BAM/ATAC_KO_S1-trimmed.sorted.dups_marked.filtered.bam
Tue, 01 Jul 2025 09:58:15 +0200:		bamtools stats -in filtered_BAM/ATAC_KO_S1-trimmed.sorted.dups_marked.filtered.bam > "filtered_BAM"/ATAC_KO_S1-trimmed.sorted.dups_marked.filtered.bam.stats.txt &
Tue, 01 Jul 2025 09:58:15 +0200:	Generating stats for filtered_BAM/ATAC_KO_S77-trimmed.sorted.dups_marked.filtered.bam
Tue, 01 Jul 2025 09:58:15 +0200:		bamtools stats -in filtered_BAM/ATAC_KO_S77-trimmed.sorted.dups_marked.filtered.bam > "filtered_BAM"/ATAC_KO_S77-trimmed.sorted.dups_marked.filtered.bam.stats.txt &
Tue, 01 Jul 2025 09:58:15 +0200:	Generating stats for filtered_BAM/ATAC_LPSKO_S2-trimmed.sorted.dups_marked.filtered.bam
Tue, 01 Jul 2025 09:58:15 +0200:		bamtools stats -in filtered_BAM/ATAC_LPSKO_S2-trimmed.sorted.dups_marked.filtered.bam > "filtered_BAM"/ATAC_LPSKO_S2-trimmed.sorted.dups_marked.filtered.bam.stats.txt &
Tue, 01 Jul 2025 09:58:15 +0200:	Generating stats for filtered_BAM/ATAC_LPSKO_S78-trimmed.sorted.dups_marked.filtered.bam
Tue, 01 Jul 2025 09:58:15 +0200:		bamtools stats -in filtered_BAM/ATAC_LPSKO_S78-trimmed.sorted.dups_marked.filtered.bam > "filtered_BAM"/ATAC_LPSKO_S78-trimmed.sorted.dups_marked.filtered.bam.stats.txt &
Tue, 01 Jul 2025 09:58:15 +0200:	Generating stats for filtered_BAM/ATAC_LPSWT_S3-trimmed.sorted.dups_marked.filtered.bam
Tue, 01 Jul 2025 09:58:15 +0200:		bamtools stats -in filtered_BAM/ATAC_LPSWT_S3-trimmed.sorted.dups_marked.filtered.bam > "filtered_BAM"/ATAC_LPSWT_S3-trimmed.sorted.dups_marked.filtered.bam.stats.txt &
Tue, 01 Jul 2025 09:58:15 +0200:	Generating stats for filtered_BAM/ATAC_LPSWT_S79-trimmed.sorted.dups_marked.filtered.bam
Tue, 01 Jul 2025 09:58:15 +0200:		bamtools stats -in filtered_BAM/ATAC_LPSWT_S79-trimmed.sorted.dups_marked.filtered.bam > "filtered_BAM"/ATAC_LPSWT_S79-trimmed.sorted.dups_marked.filtered.bam.stats.txt &
Tue, 01 Jul 2025 09:58:15 +0200:	Generating stats for filtered_BAM/ATAC_WT_S4-trimmed.sorted.dups_marked.filtered.bam
Tue, 01 Jul 2025 09:58:15 +0200:		bamtools stats -in filtered_BAM/ATAC_WT_S4-trimmed.sorted.dups_marked.filtered.bam > "filtered_BAM"/ATAC_WT_S4-trimmed.sorted.dups_marked.filtered.bam.stats.txt &
Tue, 01 Jul 2025 09:58:15 +0200:	Generating stats for filtered_BAM/ATAC_WT_S80-trimmed.sorted.dups_marked.filtered.bam
Tue, 01 Jul 2025 09:58:15 +0200:		bamtools stats -in filtered_BAM/ATAC_WT_S80-trimmed.sorted.dups_marked.filtered.bam > "filtered_BAM"/ATAC_WT_S80-trimmed.sorted.dups_marked.filtered.bam.stats.txt &
Tue, 01 Jul 2025 09:58:15 +0200:	Waiting for bamtools stats to complete...

RUN DURATION
Tue, 01 Jul 2025 09:58:28 +0200:	Last step took: 0 minutes...
Tue, 01 Jul 2025 09:58:28 +0200:	Time elapsed so far: 12 minutes...

EXECUTING STEP 8
Tue, 01 Jul 2025 09:58:28 +0200:	Creating HOMER tag directories...
Tue, 01 Jul 2025 09:58:28 +0200:	Input folder:  filtered_BAM
Tue, 01 Jul 2025 09:58:28 +0200:	Output folder: HOMER_tagDirs
Tue, 01 Jul 2025 09:58:29 +0200:	v4.11.1	homer	v5.1	Code/Executables, ontologies, motifs for HOMER
Tue, 01 Jul 2025 09:58:29 +0200:	Running makeTagDirectory on filtered_BAM/ATAC_KO_S1-trimmed.sorted.dups_marked.filtered.bam
Tue, 01 Jul 2025 09:58:29 +0200:		makeTagDirectory "HOMER_tagDirs"/ATAC_KO_S1-trimmed.sorted.dups_marked.filtered.HOMER_tagDir filtered_BAM/ATAC_KO_S1-trimmed.sorted.dups_marked.filtered.bam -genome mm10 -single &
Tue, 01 Jul 2025 09:58:29 +0200:	Running makeTagDirectory on filtered_BAM/ATAC_KO_S77-trimmed.sorted.dups_marked.filtered.bam
Tue, 01 Jul 2025 09:58:29 +0200:		makeTagDirectory "HOMER_tagDirs"/ATAC_KO_S77-trimmed.sorted.dups_marked.filtered.HOMER_tagDir filtered_BAM/ATAC_KO_S77-trimmed.sorted.dups_marked.filtered.bam -genome mm10 -single &
Tue, 01 Jul 2025 09:58:29 +0200:	Running makeTagDirectory on filtered_BAM/ATAC_LPSKO_S2-trimmed.sorted.dups_marked.filtered.bam
Tue, 01 Jul 2025 09:58:29 +0200:		makeTagDirectory "HOMER_tagDirs"/ATAC_LPSKO_S2-trimmed.sorted.dups_marked.filtered.HOMER_tagDir filtered_BAM/ATAC_LPSKO_S2-trimmed.sorted.dups_marked.filtered.bam -genome mm10 -single &
Tue, 01 Jul 2025 09:58:29 +0200:	Running makeTagDirectory on filtered_BAM/ATAC_LPSKO_S78-trimmed.sorted.dups_marked.filtered.bam
Tue, 01 Jul 2025 09:58:29 +0200:		makeTagDirectory "HOMER_tagDirs"/ATAC_LPSKO_S78-trimmed.sorted.dups_marked.filtered.HOMER_tagDir filtered_BAM/ATAC_LPSKO_S78-trimmed.sorted.dups_marked.filtered.bam -genome mm10 -single &
Tue, 01 Jul 2025 09:58:29 +0200:	Running makeTagDirectory on filtered_BAM/ATAC_LPSWT_S3-trimmed.sorted.dups_marked.filtered.bam
Tue, 01 Jul 2025 09:58:29 +0200:		makeTagDirectory "HOMER_tagDirs"/ATAC_LPSWT_S3-trimmed.sorted.dups_marked.filtered.HOMER_tagDir filtered_BAM/ATAC_LPSWT_S3-trimmed.sorted.dups_marked.filtered.bam -genome mm10 -single &
Tue, 01 Jul 2025 09:58:29 +0200:	Running makeTagDirectory on filtered_BAM/ATAC_LPSWT_S79-trimmed.sorted.dups_marked.filtered.bam
Tue, 01 Jul 2025 09:58:29 +0200:		makeTagDirectory "HOMER_tagDirs"/ATAC_LPSWT_S79-trimmed.sorted.dups_marked.filtered.HOMER_tagDir filtered_BAM/ATAC_LPSWT_S79-trimmed.sorted.dups_marked.filtered.bam -genome mm10 -single &
Tue, 01 Jul 2025 09:58:29 +0200:	Running makeTagDirectory on filtered_BAM/ATAC_WT_S4-trimmed.sorted.dups_marked.filtered.bam
Tue, 01 Jul 2025 09:58:29 +0200:		makeTagDirectory "HOMER_tagDirs"/ATAC_WT_S4-trimmed.sorted.dups_marked.filtered.HOMER_tagDir filtered_BAM/ATAC_WT_S4-trimmed.sorted.dups_marked.filtered.bam -genome mm10 -single &
Tue, 01 Jul 2025 09:58:29 +0200:	Running makeTagDirectory on filtered_BAM/ATAC_WT_S80-trimmed.sorted.dups_marked.filtered.bam
Tue, 01 Jul 2025 09:58:29 +0200:		makeTagDirectory "HOMER_tagDirs"/ATAC_WT_S80-trimmed.sorted.dups_marked.filtered.HOMER_tagDir filtered_BAM/ATAC_WT_S80-trimmed.sorted.dups_marked.filtered.bam -genome mm10 -single &
Tue, 01 Jul 2025 09:58:29 +0200:	Waiting for makeTagDir to complete...

RUN DURATION
Tue, 01 Jul 2025 10:02:26 +0200:	Last step took: 4 minutes...
Tue, 01 Jul 2025 10:02:26 +0200:	Time elapsed so far: 16 minutes...

EXECUTING STEP 9
Tue, 01 Jul 2025 10:02:26 +0200:	Creating Wiggles and TrackHubs...
Tue, 01 Jul 2025 10:02:26 +0200:	Input folder:  HOMER_tagDirs
Tue, 01 Jul 2025 10:02:26 +0200:	Output folder: BigWigs
Tue, 01 Jul 2025 10:02:27 +0200:	v4.11.1	homer	v5.1	Code/Executables, ontologies, motifs for HOMER
Tue, 01 Jul 2025 10:02:27 +0200:	Creating bigwig from HOMER_tagDirs/ATAC_KO_S1-trimmed.sorted.dups_marked.filtered.HOMER_tagDir
Tue, 01 Jul 2025 10:02:27 +0200:		makeUCSCfile HOMER_tagDirs/ATAC_KO_S1-trimmed.sorted.dups_marked.filtered.HOMER_tagDir -fsize 1e8 > BigWigs/ATAC_KO_S1-trimmed.sorted.dups_marked.filtered.bw &
Tue, 01 Jul 2025 10:02:27 +0200:	Creating bigwig from HOMER_tagDirs/ATAC_KO_S77-trimmed.sorted.dups_marked.filtered.HOMER_tagDir
Tue, 01 Jul 2025 10:02:27 +0200:		makeUCSCfile HOMER_tagDirs/ATAC_KO_S77-trimmed.sorted.dups_marked.filtered.HOMER_tagDir -fsize 1e8 > BigWigs/ATAC_KO_S77-trimmed.sorted.dups_marked.filtered.bw &
Tue, 01 Jul 2025 10:02:27 +0200:	Creating bigwig from HOMER_tagDirs/ATAC_LPSKO_S2-trimmed.sorted.dups_marked.filtered.HOMER_tagDir
Tue, 01 Jul 2025 10:02:27 +0200:		makeUCSCfile HOMER_tagDirs/ATAC_LPSKO_S2-trimmed.sorted.dups_marked.filtered.HOMER_tagDir -fsize 1e8 > BigWigs/ATAC_LPSKO_S2-trimmed.sorted.dups_marked.filtered.bw &
Tue, 01 Jul 2025 10:02:27 +0200:	Creating bigwig from HOMER_tagDirs/ATAC_LPSKO_S78-trimmed.sorted.dups_marked.filtered.HOMER_tagDir
Tue, 01 Jul 2025 10:02:27 +0200:		makeUCSCfile HOMER_tagDirs/ATAC_LPSKO_S78-trimmed.sorted.dups_marked.filtered.HOMER_tagDir -fsize 1e8 > BigWigs/ATAC_LPSKO_S78-trimmed.sorted.dups_marked.filtered.bw &
Tue, 01 Jul 2025 10:02:27 +0200:	Creating bigwig from HOMER_tagDirs/ATAC_LPSWT_S3-trimmed.sorted.dups_marked.filtered.HOMER_tagDir
Tue, 01 Jul 2025 10:02:27 +0200:		makeUCSCfile HOMER_tagDirs/ATAC_LPSWT_S3-trimmed.sorted.dups_marked.filtered.HOMER_tagDir -fsize 1e8 > BigWigs/ATAC_LPSWT_S3-trimmed.sorted.dups_marked.filtered.bw &
Tue, 01 Jul 2025 10:02:27 +0200:	Creating bigwig from HOMER_tagDirs/ATAC_LPSWT_S79-trimmed.sorted.dups_marked.filtered.HOMER_tagDir
Tue, 01 Jul 2025 10:02:27 +0200:		makeUCSCfile HOMER_tagDirs/ATAC_LPSWT_S79-trimmed.sorted.dups_marked.filtered.HOMER_tagDir -fsize 1e8 > BigWigs/ATAC_LPSWT_S79-trimmed.sorted.dups_marked.filtered.bw &
Tue, 01 Jul 2025 10:02:27 +0200:	Creating bigwig from HOMER_tagDirs/ATAC_WT_S4-trimmed.sorted.dups_marked.filtered.HOMER_tagDir
Tue, 01 Jul 2025 10:02:27 +0200:		makeUCSCfile HOMER_tagDirs/ATAC_WT_S4-trimmed.sorted.dups_marked.filtered.HOMER_tagDir -fsize 1e8 > BigWigs/ATAC_WT_S4-trimmed.sorted.dups_marked.filtered.bw &
Tue, 01 Jul 2025 10:02:27 +0200:	Creating bigwig from HOMER_tagDirs/ATAC_WT_S80-trimmed.sorted.dups_marked.filtered.HOMER_tagDir
Tue, 01 Jul 2025 10:02:27 +0200:		makeUCSCfile HOMER_tagDirs/ATAC_WT_S80-trimmed.sorted.dups_marked.filtered.HOMER_tagDir -fsize 1e8 > BigWigs/ATAC_WT_S80-trimmed.sorted.dups_marked.filtered.bw &
Tue, 01 Jul 2025 10:02:27 +0200:	Waiting for HOMER to complete...
Tue, 01 Jul 2025 10:04:01 +0200:	Fixing bigwig BigWigs/ATAC_KO_S1-trimmed.sorted.dups_marked.filtered.bw...
Tue, 01 Jul 2025 10:04:01 +0200:		fix_HOMER_bigwig.sh -i BigWigs/ATAC_KO_S1-trimmed.sorted.dups_marked.filtered.bw -g mm10 &
Tue, 01 Jul 2025 10:04:01 +0200:	Fixing bigwig BigWigs/ATAC_KO_S77-trimmed.sorted.dups_marked.filtered.bw...
Tue, 01 Jul 2025 10:04:01 +0200:		fix_HOMER_bigwig.sh -i BigWigs/ATAC_KO_S77-trimmed.sorted.dups_marked.filtered.bw -g mm10 &
Tue, 01 Jul 2025 10:04:01 +0200:	Fixing bigwig BigWigs/ATAC_LPSKO_S2-trimmed.sorted.dups_marked.filtered.bw...
Tue, 01 Jul 2025 10:04:01 +0200:		fix_HOMER_bigwig.sh -i BigWigs/ATAC_LPSKO_S2-trimmed.sorted.dups_marked.filtered.bw -g mm10 &
Tue, 01 Jul 2025 10:04:01 +0200:	Fixing bigwig BigWigs/ATAC_LPSKO_S78-trimmed.sorted.dups_marked.filtered.bw...
Tue, 01 Jul 2025 10:04:01 +0200:		fix_HOMER_bigwig.sh -i BigWigs/ATAC_LPSKO_S78-trimmed.sorted.dups_marked.filtered.bw -g mm10 &
Tue, 01 Jul 2025 10:04:01 +0200:	Fixing bigwig BigWigs/ATAC_LPSWT_S3-trimmed.sorted.dups_marked.filtered.bw...
Tue, 01 Jul 2025 10:04:01 +0200:		fix_HOMER_bigwig.sh -i BigWigs/ATAC_LPSWT_S3-trimmed.sorted.dups_marked.filtered.bw -g mm10 &
Tue, 01 Jul 2025 10:04:01 +0200:	Fixing bigwig BigWigs/ATAC_LPSWT_S79-trimmed.sorted.dups_marked.filtered.bw...
Tue, 01 Jul 2025 10:04:01 +0200:		fix_HOMER_bigwig.sh -i BigWigs/ATAC_LPSWT_S79-trimmed.sorted.dups_marked.filtered.bw -g mm10 &
Tue, 01 Jul 2025 10:04:01 +0200:	Fixing bigwig BigWigs/ATAC_WT_S4-trimmed.sorted.dups_marked.filtered.bw...
Tue, 01 Jul 2025 10:04:01 +0200:		fix_HOMER_bigwig.sh -i BigWigs/ATAC_WT_S4-trimmed.sorted.dups_marked.filtered.bw -g mm10 &
Tue, 01 Jul 2025 10:04:01 +0200:	Fixing bigwig BigWigs/ATAC_WT_S80-trimmed.sorted.dups_marked.filtered.bw...
Tue, 01 Jul 2025 10:04:01 +0200:		fix_HOMER_bigwig.sh -i BigWigs/ATAC_WT_S80-trimmed.sorted.dups_marked.filtered.bw -g mm10 &

RUN DURATION
Tue, 01 Jul 2025 10:04:36 +0200:	Last step took: 2 minutes...
Tue, 01 Jul 2025 10:04:36 +0200:	Time elapsed so far: 18 minutes...

EXECUTING STEP 10
Tue, 01 Jul 2025 10:04:36 +0200:	Merging Wiggles and TrackHubs...
Tue, 01 Jul 2025 10:04:36 +0200:	Input folder:  BigWigs
Tue, 01 Jul 2025 10:04:36 +0200:	Output folder: merged_hubs
Tue, 01 Jul 2025 10:04:37 +0200:	Processing ATAC_KO_S1-trimmed.sorted.dups...
Tue, 01 Jul 2025 10:04:37 +0200:	Processing ATAC_KO_S77-trimmed.sorted.dups...
Tue, 01 Jul 2025 10:04:37 +0200:	Processing ATAC_LPSKO_S2-trimmed.sorted.dups...
Tue, 01 Jul 2025 10:04:37 +0200:	Processing ATAC_LPSKO_S78-trimmed.sorted.dups...
Tue, 01 Jul 2025 10:04:37 +0200:	Processing ATAC_LPSWT_S3-trimmed.sorted.dups...
Tue, 01 Jul 2025 10:04:37 +0200:	Processing ATAC_LPSWT_S79-trimmed.sorted.dups...
Tue, 01 Jul 2025 10:04:38 +0200:	Processing ATAC_WT_S4-trimmed.sorted.dups...
Tue, 01 Jul 2025 10:04:38 +0200:	Processing ATAC_WT_S80-trimmed.sorted.dups...
Tue, 01 Jul 2025 10:04:38 +0200:	Moving merged hubs from BigWigs to merged_hubs...

RUN DURATION
Tue, 01 Jul 2025 10:04:38 +0200:	Last step took: 0 minutes...
Tue, 01 Jul 2025 10:04:38 +0200:	Time elapsed so far: 18 minutes...

EXECUTING STEP 11
Tue, 01 Jul 2025 10:04:38 +0200:	Calling peaks...
Tue, 01 Jul 2025 10:04:38 +0200:	ATAC
Tue, 01 Jul 2025 10:04:46 +0200:	macs3 3.0.0b1
Tue, 01 Jul 2025 10:04:46 +0200:	v4.11.1	homer	v5.1	Code/Executables, ontologies, motifs for HOMER

EXECUTING STEP 
Tue, 01 Jul 2025 10:04:46 +0200:	Calling open regions...
Tue, 01 Jul 2025 10:04:46 +0200:	Input folder:  filtered_BAM
Tue, 01 Jul 2025 10:04:46 +0200:	Output folder: peak_calling
Tue, 01 Jul 2025 10:04:46 +0200:	Calling open regions for: ATAC...
Tue, 01 Jul 2025 10:04:46 +0200:	Files in group: filtered_BAM/ATAC_KO_S1-trimmed.sorted.dups_marked.filtered.bam filtered_BAM/ATAC_KO_S77-trimmed.sorted.dups_marked.filtered.bam filtered_BAM/ATAC_LPSKO_S2-trimmed.sorted.dups_marked.filtered.bam filtered_BAM/ATAC_LPSKO_S78-trimmed.sorted.dups_marked.filtered.bam filtered_BAM/ATAC_LPSWT_S3-trimmed.sorted.dups_marked.filtered.bam filtered_BAM/ATAC_LPSWT_S79-trimmed.sorted.dups_marked.filtered.bam filtered_BAM/ATAC_WT_S4-trimmed.sorted.dups_marked.filtered.bam filtered_BAM/ATAC_WT_S80-trimmed.sorted.dups_marked.filtered.bam
Tue, 01 Jul 2025 10:04:46 +0200:	Calling peaks with MACS3, q value 1e-9...
Tue, 01 Jul 2025 10:04:46 +0200:		macs3 callpeak -t filtered_BAM/ATAC_KO_S1-trimmed.sorted.dups_marked.filtered.bam filtered_BAM/ATAC_KO_S77-trimmed.sorted.dups_marked.filtered.bam filtered_BAM/ATAC_LPSKO_S2-trimmed.sorted.dups_marked.filtered.bam filtered_BAM/ATAC_LPSKO_S78-trimmed.sorted.dups_marked.filtered.bam filtered_BAM/ATAC_LPSWT_S3-trimmed.sorted.dups_marked.filtered.bam filtered_BAM/ATAC_LPSWT_S79-trimmed.sorted.dups_marked.filtered.bam filtered_BAM/ATAC_WT_S4-trimmed.sorted.dups_marked.filtered.bam filtered_BAM/ATAC_WT_S80-trimmed.sorted.dups_marked.filtered.bam --outdir "peak_calling" -n ATAC_KO_S1-trimmed.sorted.dups.MACS3.q-9 -q 1e-9 --verbose 0 &
Tue, 01 Jul 2025 10:04:46 +0200:	Waiting for MACS to finish calling open regions...
Tue, 01 Jul 2025 10:13:58 +0200:	thename: ATAC_KO_S1-trimmed.sorted.dups
Tue, 01 Jul 2025 10:13:58 +0200:	Cleaning up MACS3 output (keeping only narrowPeak files)...
Tue, 01 Jul 2025 10:13:58 +0200:	Converting to a clean 3 column BED format...
Tue, 01 Jul 2025 10:13:58 +0200:	i: peak_calling/ATAC_KO_S1-trimmed.sorted.dups.MACS3.q-9_peaks.narrowPeak
Tue, 01 Jul 2025 10:13:59 +0200:	Total merged peaks: 32212 peak_calling/all_groups.merged_peaks.bed

RUN DURATION
Tue, 01 Jul 2025 10:14:00 +0200:	Last step took: 9 minutes...
Tue, 01 Jul 2025 10:14:00 +0200:	Time elapsed so far: 27 minutes...

EXECUTING STEP 
Tue, 01 Jul 2025 10:14:00 +0200:	Counting reads...
Tue, 01 Jul 2025 10:14:01 +0200:	v4.11.1	homer	v5.1	Code/Executables, ontologies, motifs for HOMER
Tue, 01 Jul 2025 10:14:01 +0200:	Input folder:  HOMER_tagDirs
Tue, 01 Jul 2025 10:14:01 +0200:	Output folder: DE_calling
Tue, 01 Jul 2025 10:14:01 +0200:	Converting BED peak file to HOMER POS peak file...
Tue, 01 Jul 2025 10:14:01 +0200:	Peaks: 32212 all_groups.merged_peaks.pos
Tue, 01 Jul 2025 10:14:01 +0200:	Counting reads with analyzeRepeats.pl...
Tue, 01 Jul 2025 10:14:01 +0200:		analyzeRepeats.pl all_groups.merged_peaks.pos mm10 -dfile TAGDIRlist.txt -noadj > "DE_calling"/ATAC.raw_read_quant.table.txt

RUN DURATION
Tue, 01 Jul 2025 10:17:19 +0200:	Last step took: 4 minutes...
Tue, 01 Jul 2025 10:17:19 +0200:	Time elapsed so far: 31 minutes...

EXECUTING STEP 13
Tue, 01 Jul 2025 10:17:19 +0200:	Calling DE peaks...
Tue, 01 Jul 2025 10:17:19 +0200:	Input folder:  DE_calling
Tue, 01 Jul 2025 10:17:19 +0200:	Output folder: DE_calling
Tue, 01 Jul 2025 10:17:19 +0200:	Calling DE peaks TBD, stay tuned...

RUN DURATION
Tue, 01 Jul 2025 10:17:19 +0200:	Last step took: 0 minutes...
Tue, 01 Jul 2025 10:17:19 +0200:	Time elapsed so far: 31 minutes...
Tue, 01 Jul 2025 10:17:19 +0200:	Main loop completed!

STATS
Tue, 01 Jul 2025 10:17:19 +0200:	Running multiQC...

CLEANUP
Tue, 01 Jul 2025 10:18:23 +0200:	Compressing tagDirs...
Tue, 01 Jul 2025 10:18:23 +0200:	Making tar ball of HOMER_tagDirs/ATAC_KO_S1-trimmed.sorted.dups_marked.filtered.HOMER_tagDir...
Tue, 01 Jul 2025 10:18:23 +0200:	Making tar ball of HOMER_tagDirs/ATAC_KO_S77-trimmed.sorted.dups_marked.filtered.HOMER_tagDir...
Tue, 01 Jul 2025 10:18:23 +0200:	Making tar ball of HOMER_tagDirs/ATAC_LPSKO_S2-trimmed.sorted.dups_marked.filtered.HOMER_tagDir...
Tue, 01 Jul 2025 10:18:23 +0200:	Making tar ball of HOMER_tagDirs/ATAC_LPSKO_S78-trimmed.sorted.dups_marked.filtered.HOMER_tagDir...
Tue, 01 Jul 2025 10:18:23 +0200:	Making tar ball of HOMER_tagDirs/ATAC_LPSWT_S3-trimmed.sorted.dups_marked.filtered.HOMER_tagDir...
Tue, 01 Jul 2025 10:18:23 +0200:	Making tar ball of HOMER_tagDirs/ATAC_LPSWT_S79-trimmed.sorted.dups_marked.filtered.HOMER_tagDir...
Tue, 01 Jul 2025 10:18:23 +0200:	Making tar ball of HOMER_tagDirs/ATAC_WT_S4-trimmed.sorted.dups_marked.filtered.HOMER_tagDir...
Tue, 01 Jul 2025 10:18:23 +0200:	Making tar ball of HOMER_tagDirs/ATAC_WT_S80-trimmed.sorted.dups_marked.filtered.HOMER_tagDir...
Tue, 01 Jul 2025 10:18:23 +0200:	Waiting for tar to complete...
Tue, 01 Jul 2025 10:18:34 +0200:	Deleting uncompressed tagDir HOMER_tagDirs/ATAC_KO_S1-trimmed.sorted.dups_marked.filtered.HOMER_tagDir...
Tue, 01 Jul 2025 10:18:34 +0200:	Deleting uncompressed tagDir HOMER_tagDirs/ATAC_KO_S77-trimmed.sorted.dups_marked.filtered.HOMER_tagDir...
Tue, 01 Jul 2025 10:18:34 +0200:	Deleting uncompressed tagDir HOMER_tagDirs/ATAC_LPSKO_S2-trimmed.sorted.dups_marked.filtered.HOMER_tagDir...
Tue, 01 Jul 2025 10:18:34 +0200:	Deleting uncompressed tagDir HOMER_tagDirs/ATAC_LPSKO_S78-trimmed.sorted.dups_marked.filtered.HOMER_tagDir...
Tue, 01 Jul 2025 10:18:34 +0200:	Deleting uncompressed tagDir HOMER_tagDirs/ATAC_LPSWT_S3-trimmed.sorted.dups_marked.filtered.HOMER_tagDir...
Tue, 01 Jul 2025 10:18:34 +0200:	Deleting uncompressed tagDir HOMER_tagDirs/ATAC_LPSWT_S79-trimmed.sorted.dups_marked.filtered.HOMER_tagDir...
Tue, 01 Jul 2025 10:18:34 +0200:	Deleting uncompressed tagDir HOMER_tagDirs/ATAC_WT_S4-trimmed.sorted.dups_marked.filtered.HOMER_tagDir...
Tue, 01 Jul 2025 10:18:34 +0200:	Deleting uncompressed tagDir HOMER_tagDirs/ATAC_WT_S80-trimmed.sorted.dups_marked.filtered.HOMER_tagDir...

FINAL REMARKS
Tue, 01 Jul 2025 10:18:34 +0200:	All done!
Tue, 01 Jul 2025 10:18:34 +0200:	Final run time: 32 minutes.
Tue, 01 Jul 2025 10:18:34 +0200:	Good luck with your downstream analyses!
